Component: ARM Compiler 5.06 update 1 (build 61) Tool: armlink [4d35a8]

==============================================================================

Section Cross References

    main.o(i.assert_nrf_callback) refers to app_error.o(i.app_error_handler) for app_error_handler
    main.o(i.bas_init) refers to memseta.o(.text) for __aeabi_memclr4
    main.o(i.bas_init) refers to ble_bas.o(i.ble_bas_init) for ble_bas_init
    main.o(i.bas_init) refers to app_error.o(i.app_error_handler_bare) for app_error_handler_bare
    main.o(i.bas_init) refers to main.o(.bss) for .bss
    main.o(i.battery_level_meas_timeout_handler) refers to sensorsim.o(i.sensorsim_measure) for sensorsim_measure
    main.o(i.battery_level_meas_timeout_handler) refers to ble_bas.o(i.ble_bas_battery_level_update) for ble_bas_battery_level_update
    main.o(i.battery_level_meas_timeout_handler) refers to app_error.o(i.app_error_handler_bare) for app_error_handler_bare
    main.o(i.battery_level_meas_timeout_handler) refers to main.o(.bss) for .bss
    main.o(i.battery_level_meas_timeout_handler) refers to main.o(.data) for .data
    main.o(i.ble_advertising_error_handler) refers to app_error.o(i.app_error_handler_bare) for app_error_handler_bare
    main.o(i.ble_evt_dispatch) refers to device_manager_peripheral.o(i.dm_ble_evt_handler) for dm_ble_evt_handler
    main.o(i.ble_evt_dispatch) refers to bsp_btn_ble.o(i.bsp_btn_ble_on_ble_evt) for bsp_btn_ble_on_ble_evt
    main.o(i.ble_evt_dispatch) refers to main.o(i.on_ble_evt) for on_ble_evt
    main.o(i.ble_evt_dispatch) refers to ble_advertising.o(i.ble_advertising_on_ble_evt) for ble_advertising_on_ble_evt
    main.o(i.ble_evt_dispatch) refers to ble_conn_params.o(i.ble_conn_params_on_ble_evt) for ble_conn_params_on_ble_evt
    main.o(i.ble_evt_dispatch) refers to ble_hids.o(i.ble_hids_on_ble_evt) for ble_hids_on_ble_evt
    main.o(i.ble_evt_dispatch) refers to ble_bas.o(i.ble_bas_on_ble_evt) for ble_bas_on_ble_evt
    main.o(i.ble_evt_dispatch) refers to main.o(.bss) for .bss
    main.o(i.ble_stack_init) refers to softdevice_handler.o(i.softdevice_handler_init) for softdevice_handler_init
    main.o(i.ble_stack_init) refers to app_error.o(i.app_error_handler_bare) for app_error_handler_bare
    main.o(i.ble_stack_init) refers to softdevice_handler.o(i.softdevice_enable_get_default_config) for softdevice_enable_get_default_config
    main.o(i.ble_stack_init) refers to softdevice_handler.o(i.sd_check_ram_start) for sd_check_ram_start
    main.o(i.ble_stack_init) refers to softdevice_handler.o(i.softdevice_enable) for softdevice_enable
    main.o(i.ble_stack_init) refers to softdevice_handler.o(i.softdevice_ble_evt_handler_set) for softdevice_ble_evt_handler_set
    main.o(i.ble_stack_init) refers to softdevice_handler.o(i.softdevice_sys_evt_handler_set) for softdevice_sys_evt_handler_set
    main.o(i.ble_stack_init) refers to softdevice_handler_appsh.o(i.softdevice_evt_schedule) for softdevice_evt_schedule
    main.o(i.ble_stack_init) refers to main.o(.bss) for .bss
    main.o(i.ble_stack_init) refers to main.o(i.ble_evt_dispatch) for ble_evt_dispatch
    main.o(i.ble_stack_init) refers to main.o(i.sys_evt_dispatch) for sys_evt_dispatch
    main.o(i.bsp_event_handler) refers to main.o(i.sleep_mode_enter) for sleep_mode_enter
    main.o(i.bsp_event_handler) refers to app_error.o(i.app_error_handler_bare) for app_error_handler_bare
    main.o(i.bsp_event_handler) refers to ble_advertising.o(i.ble_advertising_restart_without_whitelist) for ble_advertising_restart_without_whitelist
    main.o(i.bsp_event_handler) refers to main.o(i.mouse_movement_send) for mouse_movement_send
    main.o(i.bsp_event_handler) refers to main.o(.data) for .data
    main.o(i.conn_params_error_handler) refers to app_error.o(i.app_error_handler_bare) for app_error_handler_bare
    main.o(i.device_manager_evt_handler) refers to app_error.o(i.app_error_handler_bare) for app_error_handler_bare
    main.o(i.device_manager_evt_handler) refers to main.o(.data) for .data
    main.o(i.device_manager_init) refers to device_manager_peripheral.o(i.dm_handle_initialize) for dm_handle_initialize
    main.o(i.device_manager_init) refers to app_error.o(i.app_error_handler_bare) for app_error_handler_bare
    main.o(i.device_manager_init) refers to pstorage.o(i.pstorage_init) for pstorage_init
    main.o(i.device_manager_init) refers to device_manager_peripheral.o(i.dm_init) for dm_init
    main.o(i.device_manager_init) refers to device_manager_peripheral.o(i.dm_register) for dm_register
    main.o(i.device_manager_init) refers to main.o(.data) for .data
    main.o(i.device_manager_init) refers to main.o(i.device_manager_evt_handler) for device_manager_evt_handler
    main.o(i.dis_init) refers to memseta.o(.text) for __aeabi_memclr4
    main.o(i.dis_init) refers to ble_srv_common.o(i.ble_srv_ascii_to_utf8) for ble_srv_ascii_to_utf8
    main.o(i.dis_init) refers to ble_dis.o(i.ble_dis_init) for ble_dis_init
[...]
    i.dm_register                            0x0001e520   Section        0  device_manager_peripheral.o(i.dm_register)
    i.dm_service_context_set                 0x0001e588   Section        0  device_manager_peripheral.o(i.dm_service_context_set)
    i.dm_whitelist_create                    0x0001e624   Section        0  device_manager_peripheral.o(i.dm_whitelist_create)
    i.elapsed_ticks_acquire                  0x0001e6c4   Section        0  app_timer.o(i.elapsed_ticks_acquire)
    elapsed_ticks_acquire                    0x0001e6c5   Thumb Code    58  app_timer.o(i.elapsed_ticks_acquire)
    i.flash_api_err_code_process             0x0001e704   Section        0  pstorage.o(i.flash_api_err_code_process)
    flash_api_err_code_process               0x0001e705   Thumb Code    24  pstorage.o(i.flash_api_err_code_process)
    i.flash_operation_success_run            0x0001e720   Section        0  pstorage.o(i.flash_operation_success_run)
    flash_operation_success_run              0x0001e721   Thumb Code   126  pstorage.o(i.flash_operation_success_run)
    i.flash_page_erase                       0x0001e7ac   Section        0  pstorage.o(i.flash_page_erase)
    flash_page_erase                         0x0001e7ad   Thumb Code     6  pstorage.o(i.flash_page_erase)
    i.flash_write                            0x0001e7b2   Section        0  pstorage.o(i.flash_write)
    flash_write                              0x0001e7b3   Thumb Code     6  pstorage.o(i.flash_write)
    i.gap_params_init                        0x0001e7b8   Section        0  main.o(i.gap_params_init)
    gap_params_init                          0x0001e7b9   Thumb Code    94  main.o(i.gap_params_init)
    i.gattc_context_apply                    0x0001e820   Section        0  device_manager_peripheral.o(i.gattc_context_apply)
    gattc_context_apply                      0x0001e821   Thumb Code     4  device_manager_peripheral.o(i.gattc_context_apply)
    i.gattc_context_load                     0x0001e824   Section        0  device_manager_peripheral.o(i.gattc_context_load)
    gattc_context_load                       0x0001e825   Thumb Code     4  device_manager_peripheral.o(i.gattc_context_load)
    i.gattc_context_store                    0x0001e828   Section        0  device_manager_peripheral.o(i.gattc_context_store)
    gattc_context_store                      0x0001e829   Thumb Code     4  device_manager_peripheral.o(i.gattc_context_store)
    i.gatts_context_apply                    0x0001e82c   Section        0  device_manager_peripheral.o(i.gatts_context_apply)
    gatts_context_apply                      0x0001e82d   Thumb Code   160  device_manager_peripheral.o(i.gatts_context_apply)
    i.gatts_context_load                     0x0001e8d0   Section        0  device_manager_peripheral.o(i.gatts_context_load)
    gatts_context_load                       0x0001e8d1   Thumb Code    50  device_manager_peripheral.o(i.gatts_context_load)
    i.gatts_context_store                    0x0001e908   Section        0  device_manager_peripheral.o(i.gatts_context_store)
    gatts_context_store                      0x0001e909   Thumb Code   176  device_manager_peripheral.o(i.gatts_context_store)
    i.gattsc_context_apply                   0x0001e9c4   Section        0  device_manager_peripheral.o(i.gattsc_context_apply)
    gattsc_context_apply                     0x0001e9c5   Thumb Code     4  device_manager_peripheral.o(i.gattsc_context_apply)
    i.gattsc_context_load                    0x0001e9c8   Section        0  device_manager_peripheral.o(i.gattsc_context_load)
    gattsc_context_load                      0x0001e9c9   Thumb Code     4  device_manager_peripheral.o(i.gattsc_context_load)
    i.gattsc_context_store                   0x0001e9cc   Section        0  device_manager_peripheral.o(i.gattsc_context_store)
    gattsc_context_store                     0x0001e9cd   Thumb Code     4  device_manager_peripheral.o(i.gattsc_context_store)
    i.gpiote_event_handler                   0x0001e9d0   Section        0  app_button.o(i.gpiote_event_handler)
    gpiote_event_handler                     0x0001e9d1   Thumb Code    78  app_button.o(i.gpiote_event_handler)
    i.head_restore_state_run                 0x0001ea28   Section        0  pstorage.o(i.head_restore_state_run)
    head_restore_state_run                   0x0001ea29   Thumb Code   110  pstorage.o(i.head_restore_state_run)
    i.hid_control_point_char_add             0x0001eaa0   Section        0  ble_hids.o(i.hid_control_point_char_add)
    hid_control_point_char_add               0x0001eaa1   Thumb Code   138  ble_hids.o(i.hid_control_point_char_add)
    i.hid_information_char_add               0x0001eb2a   Section        0  ble_hids.o(i.hid_information_char_add)
    hid_information_char_add                 0x0001eb2b   Thumb Code   166  ble_hids.o(i.hid_information_char_add)
    i.hids_init                              0x0001ebd0   Section        0  main.o(i.hids_init)
    hids_init                                0x0001ebd1   Thumb Code   528  main.o(i.hids_init)
    i.inp_rep_characteristics_add            0x0001edf0   Section        0  ble_hids.o(i.inp_rep_characteristics_add)
    inp_rep_characteristics_add              0x0001edf1   Thumb Code   120  ble_hids.o(i.inp_rep_characteristics_add)
    i.intern_softdevice_events_execute       0x0001ee68   Section        0  softdevice_handler.o(i.intern_softdevice_events_execute)
    i.is_conn_params_ok                      0x0001eed8   Section        0  ble_conn_params.o(i.is_conn_params_ok)
    is_conn_params_ok                        0x0001eed9   Thumb Code    24  ble_conn_params.o(i.is_conn_params_ok)
    i.is_page_erase_required                 0x0001eef4   Section        0  pstorage.o(i.is_page_erase_required)
    is_page_erase_required                   0x0001eef5   Thumb Code    60  pstorage.o(i.is_page_erase_required)
    i.is_word_aligned                        0x0001ef38   Section        0  pstorage.o(i.is_word_aligned)
    is_word_aligned                          0x0001ef39   Thumb Code    12  pstorage.o(i.is_word_aligned)
    i.le_role_encode                         0x0001ef44   Section        0  ble_advdata.o(i.le_role_encode)
    le_role_encode                           0x0001ef45   Thumb Code    84  ble_advdata.o(i.le_role_encode)
    i.leds_timer_handler                     0x0001ef98   Section        0  bsp.o(i.leds_timer_handler)
    leds_timer_handler                       0x0001ef99   Thumb Code    16  bsp.o(i.leds_timer_handler)
    i.list_deletions_handler                 0x0001efac   Section        0  app_timer.o(i.list_deletions_handler)
    list_deletions_handler                   0x0001efad   Thumb Code   178  app_timer.o(i.list_deletions_handler)
    i.list_insertions_handler                0x0001f068   Section        0  app_timer.o(i.list_insertions_handler)
    list_insertions_handler                  0x0001f069   Thumb Code   196  app_timer.o(i.list_insertions_handler)
    i.main                                   0x0001f134   Section        0  main.o(i.main)
    i.main_state_err_busy_process            0x0001f2a0   Section        0  pstorage.o(i.main_state_err_busy_process)
    main_state_err_busy_process              0x0001f2a1   Thumb Code    16  pstorage.o(i.main_state_err_busy_process)
    i.make_char_id                           0x0001f2b4   Section        0  ble_hids.o(i.make_char_id)
    make_char_id                             0x0001f2b5   Thumb Code    18  ble_hids.o(i.make_char_id)
    i.manuf_specific_data_encode             0x0001f2c6   Section        0  ble_advdata.o(i.manuf_specific_data_encode)
    manuf_specific_data_encode               0x0001f2c7   Thumb Code   100  ble_advdata.o(i.manuf_specific_data_encode)
    i.mouse_movement_send                    0x0001f32c   Section        0  main.o(i.mouse_movement_send)
    mouse_movement_send                      0x0001f32d   Thumb Code   124  main.o(i.mouse_movement_send)
    i.name_encode                            0x0001f3b0   Section        0  ble_advdata.o(i.name_encode)
    name_encode                              0x0001f3b1   Thumb Code   156  ble_advdata.o(i.name_encode)
    i.no_service_context_apply               0x0001f44c   Section        0  device_manager_peripheral.o(i.no_service_context_apply)
    no_service_context_apply                 0x0001f44d   Thumb Code     4  device_manager_peripheral.o(i.no_service_context_apply)
    i.no_service_context_load                0x0001f450   Section        0  device_manager_peripheral.o(i.no_service_context_load)
    no_service_context_load                  0x0001f451   Thumb Code     4  device_manager_peripheral.o(i.no_service_context_load)
    i.no_service_context_store               0x0001f454   Section        0  device_manager_peripheral.o(i.no_service_context_store)
    no_service_context_store                 0x0001f455   Thumb Code     4  device_manager_peripheral.o(i.no_service_context_store)
    i.nrf_drv_common_irq_enable              0x0001f458   Section        0  nrf_drv_common.o(i.nrf_drv_common_irq_enable)
    i.nrf_drv_gpiote_in_event_enable         0x0001f490   Section        0  nrf_drv_gpiote.o(i.nrf_drv_gpiote_in_event_enable)
    i.nrf_drv_gpiote_in_init                 0x0001f534   Section        0  nrf_drv_gpiote.o(i.nrf_drv_gpiote_in_init)
    i.nrf_drv_gpiote_in_is_set               0x0001f5ec   Section        0  nrf_drv_gpiote.o(i.nrf_drv_gpiote_in_is_set)
    i.nrf_drv_gpiote_init                    0x0001f600   Section        0  nrf_drv_gpiote.o(i.nrf_drv_gpiote_init)
    i.nrf_drv_gpiote_is_init                 0x0001f654   Section        0  nrf_drv_gpiote.o(i.nrf_drv_gpiote_is_init)
    i.nrf_gpio_cfg                           0x0001f668   Section        0  nrf_drv_gpiote.o(i.nrf_gpio_cfg)
    nrf_gpio_cfg                             0x0001f669   Thumb Code    34  nrf_drv_gpiote.o(i.nrf_gpio_cfg)
    i.nrf_gpio_cfg_sense_set                 0x0001f68a   Section        0  nrf_drv_gpiote.o(i.nrf_gpio_cfg_sense_set)
    nrf_gpio_cfg_sense_set                   0x0001f68b   Thumb Code    28  nrf_drv_gpiote.o(i.nrf_gpio_cfg_sense_set)
    i.nrf_gpiote_event_clear                 0x0001f6a8   Section        0  nrf_drv_gpiote.o(i.nrf_gpiote_event_clear)
    nrf_gpiote_event_clear                   0x0001f6a9   Thumb Code    16  nrf_drv_gpiote.o(i.nrf_gpiote_event_clear)
    i.nrf_gpiote_event_is_set                0x0001f6bc   Section        0  nrf_drv_gpiote.o(i.nrf_gpiote_event_is_set)
    nrf_gpiote_event_is_set                  0x0001f6bd   Thumb Code    12  nrf_drv_gpiote.o(i.nrf_gpiote_event_is_set)
    i.nrf_uart_event_check                   0x0001f6cc   Section        0  nrf_drv_uart.o(i.nrf_uart_event_check)
    nrf_uart_event_check                     0x0001f6cd   Thumb Code    10  nrf_drv_uart.o(i.nrf_uart_event_check)
    i.nrf_uart_int_enable_check              0x0001f6d6   Section        0  nrf_drv_uart.o(i.nrf_uart_int_enable_check)
    nrf_uart_int_enable_check                0x0001f6d7   Thumb Code    12  nrf_drv_uart.o(i.nrf_uart_int_enable_check)
    i.nrf_uarte_event_check                  0x0001f6e2   Section        0  nrf_drv_uart.o(i.nrf_uarte_event_check)
    nrf_uarte_event_check                    0x0001f6e3   Thumb Code    10  nrf_drv_uart.o(i.nrf_uarte_event_check)
    i.on_adv_evt                             0x0001f6ec   Section        0  main.o(i.on_adv_evt)
    on_adv_evt                               0x0001f6ed   Thumb Code   190  main.o(i.on_adv_evt)
    i.on_ble_evt                             0x0001f7b0   Section        0  main.o(i.on_ble_evt)
    on_ble_evt                               0x0001f7b1   Thumb Code   148  main.o(i.on_ble_evt)
    i.on_hids_evt                            0x0001f848   Section        0  main.o(i.on_hids_evt)
    on_hids_evt                              0x0001f849   Thumb Code    90  main.o(i.on_hids_evt)
    i.on_report_cccd_write                   0x0001f8a8   Section        0  ble_hids.o(i.on_report_cccd_write)
    on_report_cccd_write                     0x0001f8a9   Thumb Code    48  ble_hids.o(i.on_report_cccd_write)
    i.on_report_value_write                  0x0001f8d8   Section        0  ble_hids.o(i.on_report_value_write)
    on_report_value_write                    0x0001f8d9   Thumb Code    46  ble_hids.o(i.on_report_value_write)
    i.on_write                               0x0001f908   Section        0  ble_hids.o(i.on_write)
    on_write                                 0x0001f909   Thumb Code   250  ble_hids.o(i.on_write)
    i.outp_rep_characteristics_add           0x0001fa02   Section        0  ble_hids.o(i.outp_rep_characteristics_add)
    outp_rep_characteristics_add             0x0001fa03   Thumb Code    96  ble_hids.o(i.outp_rep_characteristics_add)
    i.peer_address_exists                    0x0001fa62   Section        0  ble_advertising.o(i.peer_address_exists)
    peer_address_exists                      0x0001fa63   Thumb Code    20  ble_advertising.o(i.peer_address_exists)
    i.peer_instance_init                     0x0001fa78   Section        0  device_manager_peripheral.o(i.peer_instance_init)
    peer_instance_init                       0x0001fa79   Thumb Code    54  device_manager_peripheral.o(i.peer_instance_init)
    i.pin_in_use_by_port                     0x0001fab4   Section        0  nrf_drv_gpiote.o(i.pin_in_use_by_port)
    pin_in_use_by_port                       0x0001fab5   Thumb Code    20  nrf_drv_gpiote.o(i.pin_in_use_by_port)
    i.pin_in_use_by_te                       0x0001facc   Section        0  nrf_drv_gpiote.o(i.pin_in_use_by_te)
    pin_in_use_by_te                         0x0001facd   Thumb Code    20  nrf_drv_gpiote.o(i.pin_in_use_by_te)
    i.pnp_id_encode                          0x0001fae4   Section        0  ble_dis.o(i.pnp_id_encode)
    pnp_id_encode                            0x0001fae5   Thumb Code    52  ble_dis.o(i.pnp_id_encode)
    i.protocol_mode_char_add                 0x0001fb18   Section        0  ble_hids.o(i.protocol_mode_char_add)
    protocol_mode_char_add                   0x0001fb19   Thumb Code   138  ble_hids.o(i.protocol_mode_char_add)
    i.pstorage_access_status_get             0x0001fba4   Section        0  pstorage.o(i.pstorage_access_status_get)
    i.pstorage_block_identifier_get          0x0001fbc8   Section        0  pstorage.o(i.pstorage_block_identifier_get)
    i.pstorage_clear                         0x0001fc14   Section        0  pstorage.o(i.pstorage_clear)
    i.pstorage_flash_page_end                0x0001fca8   Section        0  pstorage.o(i.pstorage_flash_page_end)
    pstorage_flash_page_end                  0x0001fca9   Thumb Code    30  pstorage.o(i.pstorage_flash_page_end)
    i.pstorage_flash_page_size               0x0001fcc6   Section        0  pstorage.o(i.pstorage_flash_page_size)
    pstorage_flash_page_size                 0x0001fcc7   Thumb Code    10  pstorage.o(i.pstorage_flash_page_size)
    i.pstorage_init                          0x0001fcd0   Section        0  pstorage.o(i.pstorage_init)
    i.pstorage_load                          0x0001fd1c   Section        0  pstorage.o(i.pstorage_load)
    i.pstorage_register                      0x0001fdb8   Section        0  pstorage.o(i.pstorage_register)
    i.pstorage_store                         0x0001fe6c   Section        0  pstorage.o(i.pstorage_store)
    i.pstorage_sys_event_handler             0x0001feec   Section        0  pstorage.o(i.pstorage_sys_event_handler)
    i.pstorage_update                        0x0001ff34   Section        0  pstorage.o(i.pstorage_update)
    i.rep_char_add                           0x0001ffb4   Section        0  ble_hids.o(i.rep_char_add)
    rep_char_add                             0x0001ffb5   Thumb Code   306  ble_hids.o(i.rep_char_add)
    i.rep_map_char_add                       0x000200e6   Section        0  ble_hids.o(i.rep_map_char_add)
    rep_map_char_add                         0x000200e7   Thumb Code   318  ble_hids.o(i.rep_map_char_add)
    i.rep_value_identify                     0x00020224   Section        0  ble_hids.o(i.rep_value_identify)
    rep_value_identify                       0x00020225   Thumb Code   130  ble_hids.o(i.rep_value_identify)
    i.rtc1_stop                              0x000202a8   Section        0  app_timer.o(i.rtc1_stop)
    rtc1_stop                                0x000202a9   Thumb Code    52  app_timer.o(i.rtc1_stop)
    i.rx_byte                                0x000202e4   Section        0  nrf_drv_uart.o(i.rx_byte)
    rx_byte                                  0x000202e5   Thumb Code    38  nrf_drv_uart.o(i.rx_byte)
    i.rx_done_event                          0x00020314   Section        0  nrf_drv_uart.o(i.rx_done_event)
    rx_done_event                            0x00020315   Thumb Code    26  nrf_drv_uart.o(i.rx_done_event)
    i.sd_check_ram_start                     0x00020334   Section        0  softdevice_handler.o(i.sd_check_ram_start)
    i.sensorsim_decrement                    0x00020344   Section        0  sensorsim.o(i.sensorsim_decrement)
    i.sensorsim_increment                    0x00020360   Section        0  sensorsim.o(i.sensorsim_increment)
    i.sensorsim_init                         0x0002037c   Section        0  sensorsim.o(i.sensorsim_init)
    i.sensorsim_measure                      0x00020392   Section        0  sensorsim.o(i.sensorsim_measure)
    i.service_data_encode                    0x000203ac   Section        0  ble_advdata.o(i.service_data_encode)
    service_data_encode                      0x000203ad   Thumb Code   136  ble_advdata.o(i.service_data_encode)
    i.service_error_handler                  0x00020434   Section        0  main.o(i.service_error_handler)
    service_error_handler                    0x00020435   Thumb Code     4  main.o(i.service_error_handler)
    i.sleep_mode_enter                       0x00020438   Section        0  main.o(i.sleep_mode_enter)
    sleep_mode_enter                         0x00020439   Thumb Code    40  main.o(i.sleep_mode_enter)
    i.sm_state_change                        0x00020460   Section        0  pstorage.o(i.sm_state_change)
    sm_state_change                          0x00020461   Thumb Code    52  pstorage.o(i.sm_state_change)
    i.softdevice_ble_evt_handler_set         0x0002049c   Section        0  softdevice_handler.o(i.softdevice_ble_evt_handler_set)
    i.softdevice_enable                      0x000204b0   Section        0  softdevice_handler.o(i.softdevice_enable)
    i.softdevice_enable_get_default_config   0x000204c4   Section        0  softdevice_handler.o(i.softdevice_enable_get_default_config)
    i.softdevice_evt_get                     0x000204ea   Section        0  softdevice_handler_appsh.o(i.softdevice_evt_get)
    i.softdevice_evt_schedule                0x000204fc   Section        0  softdevice_handler_appsh.o(i.softdevice_evt_schedule)
    i.softdevice_fault_handler               0x0002050c   Section        0  softdevice_handler.o(i.softdevice_fault_handler)
    i.softdevice_handler_init                0x00020510   Section        0  softdevice_handler.o(i.softdevice_handler_init)
    i.softdevice_sys_evt_handler_set         0x00020540   Section        0  softdevice_handler.o(i.softdevice_sys_evt_handler_set)
    i.state_data_erase_swap_entry_run        0x00020554   Section        0  pstorage.o(i.state_data_erase_swap_entry_run)
    state_data_erase_swap_entry_run          0x00020555   Thumb Code    96  pstorage.o(i.state_data_erase_swap_entry_run)
    i.state_erase_data_page_entry_run        0x000205bc   Section        0  pstorage.o(i.state_erase_data_page_entry_run)
    state_erase_data_page_entry_run          0x000205bd   Thumb Code     8  pstorage.o(i.state_erase_data_page_entry_run)
    i.state_restore_head_entry_run           0x000205c8   Section        0  pstorage.o(i.state_restore_head_entry_run)
    state_restore_head_entry_run             0x000205c9   Thumb Code    38  pstorage.o(i.state_restore_head_entry_run)
    i.state_restore_tail_entry_run           0x000205f4   Section        0  pstorage.o(i.state_restore_tail_entry_run)
    state_restore_tail_entry_run             0x000205f5   Thumb Code    72  pstorage.o(i.state_restore_tail_entry_run)
    i.state_swap_erase_entry_run             0x00020644   Section        0  pstorage.o(i.state_swap_erase_entry_run)
    state_swap_erase_entry_run               0x00020645   Thumb Code    30  pstorage.o(i.state_swap_erase_entry_run)
    i.state_write_data_swap_entry_run        0x00020664   Section        0  pstorage.o(i.state_write_data_swap_entry_run)
    state_write_data_swap_entry_run          0x00020665   Thumb Code    44  pstorage.o(i.state_write_data_swap_entry_run)
    i.storage_operation_dummy_handler        0x00020694   Section        0  device_manager_peripheral.o(i.storage_operation_dummy_handler)
    storage_operation_dummy_handler          0x00020695   Thumb Code     4  device_manager_peripheral.o(i.storage_operation_dummy_handler)
    i.store_cmd_flash_write_execute          0x00020698   Section        0  pstorage.o(i.store_cmd_flash_write_execute)
    store_cmd_flash_write_execute            0x00020699   Thumb Code    84  pstorage.o(i.store_cmd_flash_write_execute)
    i.swap_erase_state_run                   0x000206f4   Section        0  pstorage.o(i.swap_erase_state_run)
    swap_erase_state_run                     0x000206f5   Thumb Code    18  pstorage.o(i.swap_erase_state_run)
    i.swap_sub_state_err_busy_process        0x0002070c   Section        0  pstorage.o(i.swap_sub_state_err_busy_process)
    swap_sub_state_err_busy_process          0x0002070d   Thumb Code    16  pstorage.o(i.swap_sub_state_err_busy_process)
    i.swap_sub_state_state_change            0x00020720   Section        0  pstorage.o(i.swap_sub_state_state_change)
    swap_sub_state_state_change              0x00020721   Thumb Code    12  pstorage.o(i.swap_sub_state_state_change)
    i.sys_evt_dispatch                       0x00020734   Section        0  main.o(i.sys_evt_dispatch)
    sys_evt_dispatch                         0x00020735   Thumb Code    18  main.o(i.sys_evt_dispatch)
    i.sys_id_encode                          0x00020746   Section        0  ble_dis.o(i.sys_id_encode)
    sys_id_encode                            0x00020747   Thumb Code    66  ble_dis.o(i.sys_id_encode)
    i.tail_restore_state_run                 0x00020788   Section        0  pstorage.o(i.tail_restore_state_run)
    tail_restore_state_run                   0x00020789   Thumb Code    16  pstorage.o(i.tail_restore_state_run)
    i.timer_list_handler                     0x0002079c   Section        0  app_timer.o(i.timer_list_handler)
    timer_list_handler                       0x0002079d   Thumb Code   134  app_timer.o(i.timer_list_handler)
    i.timer_list_insert                      0x00020828   Section        0  app_timer.o(i.timer_list_insert)
    timer_list_insert                        0x00020829   Thumb Code    56  app_timer.o(i.timer_list_insert)
    i.timer_timeouts_check                   0x00020864   Section        0  app_timer.o(i.timer_timeouts_check)
    timer_timeouts_check                     0x00020865   Thumb Code   124  app_timer.o(i.timer_timeouts_check)
    i.tx_byte                                0x000208e8   Section        0  nrf_drv_uart.o(i.tx_byte)
    tx_byte                                  0x000208e9   Thumb Code    28  nrf_drv_uart.o(i.tx_byte)
    i.tx_done_event                          0x0002090c   Section        0  nrf_drv_uart.o(i.tx_done_event)
    tx_done_event                            0x0002090d   Thumb Code    30  nrf_drv_uart.o(i.tx_done_event)
    i.uart_irq_handler                       0x00020930   Section        0  nrf_drv_uart.o(i.uart_irq_handler)
    uart_irq_handler                         0x00020931   Thumb Code   254  nrf_drv_uart.o(i.uart_irq_handler)
    i.uarte_irq_handler                      0x00020a38   Section        0  nrf_drv_uart.o(i.uarte_irq_handler)
    uarte_irq_handler                        0x00020a39   Thumb Code   206  nrf_drv_uart.o(i.uarte_irq_handler)
    i.uint16_encode                          0x00020b10   Section        0  ble_advdata.o(i.uint16_encode)
    uint16_encode                            0x00020b11   Thumb Code    10  ble_advdata.o(i.uint16_encode)
    i.update_status_bit_reset                0x00020b1c   Section        0  device_manager_peripheral.o(i.update_status_bit_reset)
    update_status_bit_reset                  0x00020b1d   Thumb Code    14  device_manager_peripheral.o(i.update_status_bit_reset)
    i.update_timeout_handler                 0x00020b30   Section        0  ble_conn_params.o(i.update_timeout_handler)
    update_timeout_handler                   0x00020b31   Thumb Code    88  ble_conn_params.o(i.update_timeout_handler)
    i.user_id_get                            0x00020b90   Section        0  app_timer.o(i.user_id_get)
    user_id_get                              0x00020b91   Thumb Code    62  app_timer.o(i.user_id_get)
    i.user_op_alloc                          0x00020bd4   Section        0  app_timer.o(i.user_op_alloc)
    user_op_alloc                            0x00020bd5   Thumb Code    40  app_timer.o(i.user_op_alloc)
    i.uuid_list_encode                       0x00020bfc   Section        0  ble_advdata.o(i.uuid_list_encode)
    uuid_list_encode                         0x00020bfd   Thumb Code    48  ble_advdata.o(i.uuid_list_encode)
    i.uuid_list_sized_encode                 0x00020c2c   Section        0  ble_advdata.o(i.uuid_list_sized_encode)
    uuid_list_sized_encode                   0x00020c2d   Thumb Code   158  ble_advdata.o(i.uuid_list_sized_encode)
    i.whitelist_has_entries                  0x00020cca   Section        0  ble_advertising.o(i.whitelist_has_entries)
    whitelist_has_entries                    0x00020ccb   Thumb Code    14  ble_advertising.o(i.whitelist_has_entries)
    .constdata                               0x00020cd8   Section       40  main.o(.constdata)
    m_battery_timer_id                       0x00020cd8   Data           4  main.o(.constdata)
    .constdata                               0x00020d00   Section       60  bsp.o(.constdata)
    m_leds_timer_id                          0x00020d00   Data           4  bsp.o(.constdata)
    m_alert_timer_id                         0x00020d04   Data           4  bsp.o(.constdata)
    m_button_timer_id                        0x00020d08   Data           4  bsp.o(.constdata)
    m_buttons_list                           0x00020d0c   Data          16  bsp.o(.constdata)
    app_buttons                              0x00020d1c   Data          32  bsp.o(.constdata)
    .constdata                               0x00020d3c   Section        4  ble_conn_params.o(.constdata)
    m_conn_params_timer_id                   0x00020d3c   Data           4  ble_conn_params.o(.constdata)
    .constdata                               0x00020d40   Section       48  device_manager_peripheral.o(.constdata)
    .constdata                               0x00020d70   Section       40  pstorage.o(.constdata)
    swap_sub_state_sm_lut                    0x00020d70   Data          20  pstorage.o(.constdata)
    swap_sub_state_sm_lut                    0x00020d84   Data          20  pstorage.o(.constdata)
    .constdata                               0x00020d98   Section        8  app_button.o(.constdata)
    m_detection_delay_timer_id               0x00020d98   Data           4  app_button.o(.constdata)
    .data                                    0x20001f00   Section      156  main.o(.data)
    m_in_boot_mode                           0x20001f00   Data           1  main.o(.data)
    m_app_handle                             0x20001f01   Data           1  main.o(.data)
    m_conn_handle                            0x20001f02   Data           2  main.o(.data)
    m_adv_uuids                              0x20001f04   Data           4  main.o(.data)
    m_bonded_peer_handle                     0x20001f08   Data           4  main.o(.data)
    m_battery_sim_state                      0x20001f0c   Data           8  main.o(.data)
    rep_map_data                             0x20001f14   Data         136  main.o(.data)
    .data                                    0x20001f9c   Section       24  bsp.o(.data)
    m_stable_state                           0x20001f9c   Data           1  bsp.o(.data)
    current_long_push_pin_no                 0x20001f9d   Data           1  bsp.o(.data)
    m_app_ticks_per_100ms                    0x20001fa0   Data           4  bsp.o(.data)
    m_indication_type                        0x20001fa4   Data           4  bsp.o(.data)
    m_alert_mask                             0x20001fa8   Data           4  bsp.o(.data)
    m_registered_callback                    0x20001fac   Data           4  bsp.o(.data)
    release_event_at_push                    0x20001fb0   Data           4  bsp.o(.data)
    .data                                    0x20001fb4   Section        8  bsp_btn_ble.o(.data)
    m_error_handler                          0x20001fb4   Data           4  bsp_btn_ble.o(.data)
    m_num_connections                        0x20001fb8   Data           4  bsp_btn_ble.o(.data)
    .data                                    0x20001fbc   Section       31  ble_advertising.o(.data)
    m_advertising_start_pending              0x20001fbc   Data           1  ble_advertising.o(.data)
    m_whitelist_temporarily_disabled         0x20001fbd   Data           1  ble_advertising.o(.data)
    m_whitelist_reply_expected               0x20001fbe   Data           1  ble_advertising.o(.data)
    m_peer_addr_reply_expected               0x20001fbf   Data           1  ble_advertising.o(.data)
    m_adv_evt                                0x20001fc0   Data           1  ble_advertising.o(.data)
    m_adv_mode_current                       0x20001fc1   Data           1  ble_advertising.o(.data)
    m_tx_power_level                         0x20001fc2   Data           1  ble_advertising.o(.data)
    current_slave_link_conn_handle           0x20001fc4   Data           2  ble_advertising.o(.data)
    m_evt_handler                            0x20001fc8   Data           4  ble_advertising.o(.data)
    m_error_handler                          0x20001fcc   Data           4  ble_advertising.o(.data)
    m_slave_conn_int                         0x20001fd0   Data           4  ble_advertising.o(.data)
    m_peer_address                           0x20001fd4   Data           7  ble_advertising.o(.data)
    .data                                    0x20001fdc   Section       20  ble_conn_params.o(.data)
    m_change_param                           0x20001fdc   Data           1  ble_conn_params.o(.data)
    m_update_count                           0x20001fdd   Data           1  ble_conn_params.o(.data)
    m_conn_handle                            0x20001fde   Data           2  ble_conn_params.o(.data)
    m_preferred_conn_params                  0x20001fe0   Data           8  ble_conn_params.o(.data)
    m_current_conn_params                    0x20001fe8   Data           8  ble_conn_params.o(.data)
    .data                                    0x20001ff0   Section       74  ble_dis.o(.data)
    service_handle                           0x20001ff0   Data           2  ble_dis.o(.data)
    manufact_name_handles                    0x20001ff2   Data           8  ble_dis.o(.data)
    model_num_handles                        0x20001ffa   Data           8  ble_dis.o(.data)
    serial_num_handles                       0x20002002   Data           8  ble_dis.o(.data)
    hw_rev_handles                           0x2000200a   Data           8  ble_dis.o(.data)
    fw_rev_handles                           0x20002012   Data           8  ble_dis.o(.data)
    sw_rev_handles                           0x2000201a   Data           8  ble_dis.o(.data)
    sys_id_handles                           0x20002022   Data           8  ble_dis.o(.data)
    reg_cert_data_list_handles               0x2000202a   Data           8  ble_dis.o(.data)
    pnp_id_handles                           0x20002032   Data           8  ble_dis.o(.data)
    .data                                    0x2000203c   Section       24  device_manager_peripheral.o(.data)
    m_module_initialized                     0x2000203c   Data           1  device_manager_peripheral.o(.data)
    m_peer_addr_update                       0x20002040   Data           4  device_manager_peripheral.o(.data)
    m_irk_index_table                        0x20002044   Data           7  device_manager_peripheral.o(.data)
    m_storage_handle                         0x2000204c   Data           8  device_manager_peripheral.o(.data)
    .data                                    0x20002054   Section       36  pstorage.o(.data)
    m_state                                  0x20002054   Data           1  pstorage.o(.data)
    m_swap_sub_state                         0x20002055   Data           1  pstorage.o(.data)
    m_next_app_instance                      0x20002056   Data           2  pstorage.o(.data)
    m_flags                                  0x20002058   Data           4  pstorage.o(.data)
    m_next_page_addr                         0x2000205c   Data           4  pstorage.o(.data)
    m_head_word_size                         0x20002060   Data           4  pstorage.o(.data)
    m_tail_word_size                         0x20002064   Data           4  pstorage.o(.data)
    m_current_page_id                        0x20002068   Data           4  pstorage.o(.data)
    m_num_of_command_retries                 0x2000206c   Data           4  pstorage.o(.data)
    m_num_of_bytes_written                   0x20002070   Data           4  pstorage.o(.data)
    m_app_data_size                          0x20002074   Data           4  pstorage.o(.data)
    .data                                    0x20002078   Section       20  app_button.o(.data)
    m_button_count                           0x20002078   Data           1  app_button.o(.data)
    mp_buttons                               0x2000207c   Data           4  app_button.o(.data)
    m_detection_delay                        0x20002080   Data           4  app_button.o(.data)
    m_pin_state                              0x20002084   Data           4  app_button.o(.data)
    m_pin_transition                         0x20002088   Data           4  app_button.o(.data)
    .data                                    0x2000208c   Section       16  app_scheduler.o(.data)
    m_queue_start_index                      0x2000208c   Data           1  app_scheduler.o(.data)
    m_queue_end_index                        0x2000208d   Data           1  app_scheduler.o(.data)
    m_queue_event_size                       0x2000208e   Data           2  app_scheduler.o(.data)
    m_queue_size                             0x20002090   Data           2  app_scheduler.o(.data)
    m_queue_event_headers                    0x20002094   Data           4  app_scheduler.o(.data)
    m_queue_event_data                       0x20002098   Data           4  app_scheduler.o(.data)
    .data                                    0x2000209c   Section       32  app_timer.o(.data)
    m_user_array_size                        0x2000209c   Data           1  app_timer.o(.data)
    m_ticks_elapsed_q_read_ind               0x2000209d   Data           1  app_timer.o(.data)
    m_ticks_elapsed_q_write_ind              0x2000209e   Data           1  app_timer.o(.data)
    m_rtc1_running                           0x2000209f   Data           1  app_timer.o(.data)
    m_rtc1_reset                             0x200020a0   Data           1  app_timer.o(.data)
    mp_users                                 0x200020a4   Data           4  app_timer.o(.data)
    mp_timer_id_head                         0x200020a8   Data           4  app_timer.o(.data)
    m_ticks_latest                           0x200020ac   Data           4  app_timer.o(.data)
    m_evt_schedule_func                      0x200020b0   Data           4  app_timer.o(.data)
    m_ticks_elapsed                          0x200020b4   Data           8  app_timer.o(.data)
    .data                                    0x200020bc   Section       20  softdevice_handler.o(.data)
    m_softdevice_enabled                     0x200020bc   Data           1  softdevice_handler.o(.data)
    m_ble_evt_buffer_size                    0x200020be   Data           2  softdevice_handler.o(.data)
    m_evt_schedule_func                      0x200020c0   Data           4  softdevice_handler.o(.data)
    mp_ble_evt_buffer                        0x200020c4   Data           4  softdevice_handler.o(.data)
    m_ble_evt_handler                        0x200020c8   Data           4  softdevice_handler.o(.data)
    m_sys_evt_handler                        0x200020cc   Data           4  softdevice_handler.o(.data)
    .data                                    0x200020d0   Section        4  system_nrf52.o(.data)
    __tagsym$$used                           0x200020d0   Number         0  system_nrf52.o(.data)
    .bss                                     0x200020d4   Section       32  main.o(.bss)
    m_battery_timer_id_data                  0x200020d4   Data          32  main.o(.bss)
    .bss                                     0x200020f4   Section     1120  main.o(.bss)
    APP_TIMER_BUF                            0x200020f4   Data         456  main.o(.bss)
    BLE_EVT_BUFFER                           0x200022bc   Data          72  main.o(.bss)
    APP_SCHED_BUF                            0x20002304   Data         176  main.o(.bss)
    m_hids                                   0x200023b4   Data         376  main.o(.bss)
    m_bas                                    0x2000252c   Data          24  main.o(.bss)
    m_battery_sim_cfg                        0x20002544   Data          16  main.o(.bss)
    .bss                                     0x20002554   Section       32  bsp.o(.bss)
    m_leds_timer_id_data                     0x20002554   Data          32  bsp.o(.bss)
    .bss                                     0x20002574   Section       32  bsp.o(.bss)
    m_alert_timer_id_data                    0x20002574   Data          32  bsp.o(.bss)
    .bss                                     0x20002594   Section       12  bsp.o(.bss)
    m_events_list                            0x20002594   Data          12  bsp.o(.bss)
    .bss                                     0x200025a0   Section       32  bsp.o(.bss)
    m_button_timer_id_data                   0x200025a0   Data          32  bsp.o(.bss)
    .bss                                     0x200025c0   Section      259  ble_advertising.o(.bss)
    m_advdata                                0x200025c0   Data          56  ble_advertising.o(.bss)
    m_adv_modes_config                       0x200025f8   Data          36  ble_advertising.o(.bss)
    m_whitelist                              0x2000261c   Data          16  ble_advertising.o(.bss)
    mp_whitelist_addr                        0x2000262c   Data          32  ble_advertising.o(.bss)
    mp_whitelist_irk                         0x2000264c   Data          32  ble_advertising.o(.bss)
    m_manuf_specific_data                    0x2000266c   Data          12  ble_advertising.o(.bss)
    m_manuf_data_array                       0x20002678   Data          31  ble_advertising.o(.bss)
    m_service_data                           0x20002698   Data          12  ble_advertising.o(.bss)
    m_service_data_array                     0x200026a4   Data          31  ble_advertising.o(.bss)
    .bss                                     0x200026c4   Section       32  ble_conn_params.o(.bss)
    m_conn_params_timer_id_data              0x200026c4   Data          32  ble_conn_params.o(.bss)
    .bss                                     0x200026e4   Section       28  ble_conn_params.o(.bss)
    m_conn_params_config                     0x200026e4   Data          28  ble_conn_params.o(.bss)
    .bss                                     0x20002700   Section      319  device_manager_peripheral.o(.bss)
    m_peer_table                             0x20002700   Data         196  device_manager_peripheral.o(.bss)
    m_bond_table                             0x200027c4   Data          28  device_manager_peripheral.o(.bss)
    m_gatts_table                            0x200027e0   Data          48  device_manager_peripheral.o(.bss)
    m_connection_table                       0x20002810   Data          12  device_manager_peripheral.o(.bss)
    m_application_table                      0x2000281c   Data          12  device_manager_peripheral.o(.bss)
    m_local_id_info                          0x20002828   Data          23  device_manager_peripheral.o(.bss)
    .bss                                     0x20002840   Section       88  nrf_drv_gpiote.o(.bss)
    m_cb                                     0x20002840   Data          88  nrf_drv_gpiote.o(.bss)
    .bss                                     0x20002898   Section       32  nrf_drv_uart.o(.bss)
    m_cb                                     0x20002898   Data          32  nrf_drv_uart.o(.bss)
    .bss                                     0x200028b8   Section      216  pstorage.o(.bss)
    m_cmd_queue                              0x200028b8   Data         204  pstorage.o(.bss)
    m_app_table                              0x20002984   Data          12  pstorage.o(.bss)
    .bss                                     0x20002990   Section       32  app_button.o(.bss)
    m_detection_delay_timer_id_data          0x20002990   Data          32  app_button.o(.bss)
    STACK                                    0x200029b0   Section     8192  arm_startup_nrf52.o(STACK)

    Global Symbols

    Symbol Name                              Value     Ov Type        Size  Object(Section)

    BuildAttributes$$THM_ISAv4$E$P$D$K$B$S$7EM$VFPi3$EXTD16$VFPS$VFMA$PE$A:L22UL41UL21$X:L11$S22US41US21$IEEE1$IW$USESV6$~STKCKD$USESV7$~SHL$OSPACE$ROPI$EBA8$MICROLIB$REQ8$PRES8$EABIv2 0x00000000   Number         0  anon$$obj.o ABSOLUTE
    __ARM_use_no_argv                        0x00000000   Number         0  main.o ABSOLUTE
    __cpp_initialize__aeabi_                  - Undefined Weak Reference
    __cxa_finalize                            - Undefined Weak Reference
    _clock_init                               - Undefined Weak Reference
    _microlib_exit                            - Undefined Weak Reference
    __Vectors_Size                           0x00000400   Number         0  arm_startup_nrf52.o ABSOLUTE
    __Vectors                                0x0001b000   Data           4  arm_startup_nrf52.o(RESET)
    __Vectors_End                            0x0001b400   Data           0  arm_startup_nrf52.o(RESET)
    __main                                   0x0001b401   Thumb Code     0  entry.o(.ARM.Collect$$$$00000000)
    _main_stk                                0x0001b401   Thumb Code     0  entry2.o(.ARM.Collect$$$$00000001)
    _main_scatterload                        0x0001b405   Thumb Code     0  entry5.o(.ARM.Collect$$$$00000004)
    __main_after_scatterload                 0x0001b409   Thumb Code     0  entry5.o(.ARM.Collect$$$$00000004)
    _main_clock                              0x0001b409   Thumb Code     0  entry7b.o(.ARM.Collect$$$$00000008)
    _main_cpp_init                           0x0001b409   Thumb Code     0  entry8b.o(.ARM.Collect$$$$0000000A)
    _main_init                               0x0001b409   Thumb Code     0  entry9a.o(.ARM.Collect$$$$0000000B)
    __rt_final_cpp                           0x0001b411   Thumb Code     0  entry10a.o(.ARM.Collect$$$$0000000D)
    __rt_final_exit                          0x0001b411   Thumb Code     0  entry11a.o(.ARM.Collect$$$$0000000F)
    __asm___11_app_timer_c_cd27f9c3__nrf_delay_us 0x0001b415   Thumb Code   118  app_timer.o(.emb_text)
    Reset_Handler                            0x0001b48d   Thumb Code     8  arm_startup_nrf52.o(.text)
    NMI_Handler                              0x0001b495   Thumb Code     2  arm_startup_nrf52.o(.text)
    HardFault_Handler                        0x0001b497   Thumb Code     2  arm_startup_nrf52.o(.text)
    MemoryManagement_Handler                 0x0001b499   Thumb Code     2  arm_startup_nrf52.o(.text)
    BusFault_Handler                         0x0001b49b   Thumb Code     2  arm_startup_nrf52.o(.text)
    UsageFault_Handler                       0x0001b49d   Thumb Code     2  arm_startup_nrf52.o(.text)
    SVC_Handler                              0x0001b49f   Thumb Code     2  arm_startup_nrf52.o(.text)
    PendSV_Handler                           0x0001b4a1   Thumb Code     2  arm_startup_nrf52.o(.text)
    SysTick_Handler                          0x0001b4a3   Thumb Code     2  arm_startup_nrf52.o(.text)
    CCM_AAR_IRQHandler                       0x0001b4a5   Thumb Code     0  arm_startup_nrf52.o(.text)
    COMP_LPCOMP_IRQHandler                   0x0001b4a5   Thumb Code     0  arm_startup_nrf52.o(.text)
    ECB_IRQHandler                           0x0001b4a5   Thumb Code     0  arm_startup_nrf52.o(.text)
    I2S_IRQHandler                           0x0001b4a5   Thumb Code     0  arm_startup_nrf52.o(.text)
    MWU_IRQHandler                           0x0001b4a5   Thumb Code     0  arm_startup_nrf52.o(.text)
    NFCT_IRQHandler                          0x0001b4a5   Thumb Code     0  arm_startup_nrf52.o(.text)
    PDM_IRQHandler                           0x0001b4a5   Thumb Code     0  arm_startup_nrf52.o(.text)
    POWER_CLOCK_IRQHandler                   0x0001b4a5   Thumb Code     0  arm_startup_nrf52.o(.text)
    PWM0_IRQHandler                          0x0001b4a5   Thumb Code     0  arm_startup_nrf52.o(.text)
    PWM1_IRQHandler                          0x0001b4a5   Thumb Code     0  arm_startup_nrf52.o(.text)
    PWM2_IRQHandler                          0x0001b4a5   Thumb Code     0  arm_startup_nrf52.o(.text)
    QDEC_IRQHandler                          0x0001b4a5   Thumb Code     0  arm_startup_nrf52.o(.text)
    RADIO_IRQHandler                         0x0001b4a5   Thumb Code     0  arm_startup_nrf52.o(.text)
    RNG_IRQHandler                           0x0001b4a5   Thumb Code     0  arm_startup_nrf52.o(.text)
    RTC0_IRQHandler                          0x0001b4a5   Thumb Code     0  arm_startup_nrf52.o(.text)
    RTC2_IRQHandler                          0x0001b4a5   Thumb Code     0  arm_startup_nrf52.o(.text)
    SAADC_IRQHandler                         0x0001b4a5   Thumb Code     0  arm_startup_nrf52.o(.text)
    SPIM0_SPIS0_TWIM0_TWIS0_SPI0_TWI0_IRQHandler 0x0001b4a5   Thumb Code     0  arm_startup_nrf52.o(.text)
    SPIM1_SPIS1_TWIM1_TWIS1_SPI1_TWI1_IRQHandler 0x0001b4a5   Thumb Code     0  arm_startup_nrf52.o(.text)
    SPIM2_SPIS2_SPI2_IRQHandler              0x0001b4a5   Thumb Code     0  arm_startup_nrf52.o(.text)
    SWI1_EGU1_IRQHandler                     0x0001b4a5   Thumb Code     0  arm_startup_nrf52.o(.text)
    SWI3_EGU3_IRQHandler                     0x0001b4a5   Thumb Code     0  arm_startup_nrf52.o(.text)
    SWI4_EGU4_IRQHandler                     0x0001b4a5   Thumb Code     0  arm_startup_nrf52.o(.text)
    SWI5_EGU5_IRQHandler                     0x0001b4a5   Thumb Code     0  arm_startup_nrf52.o(.text)
    TEMP_IRQHandler                          0x0001b4a5   Thumb Code     0  arm_startup_nrf52.o(.text)
    TIMER0_IRQHandler                        0x0001b4a5   Thumb Code     0  arm_startup_nrf52.o(.text)
    TIMER1_IRQHandler                        0x0001b4a5   Thumb Code     0  arm_startup_nrf52.o(.text)
    TIMER2_IRQHandler                        0x0001b4a5   Thumb Code     0  arm_startup_nrf52.o(.text)
    TIMER3_IRQHandler                        0x0001b4a5   Thumb Code     0  arm_startup_nrf52.o(.text)
    TIMER4_IRQHandler                        0x0001b4a5   Thumb Code     0  arm_startup_nrf52.o(.text)
    WDT_IRQHandler                           0x0001b4a5   Thumb Code     0  arm_startup_nrf52.o(.text)
    __aeabi_memcpy                           0x0001b4b1   Thumb Code    36  memcpya.o(.text)
    __aeabi_memcpy4                          0x0001b4b1   Thumb Code     0  memcpya.o(.text)
    __aeabi_memcpy8                          0x0001b4b1   Thumb Code     0  memcpya.o(.text)
    __aeabi_memset                           0x0001b4d5   Thumb Code    14  memseta.o(.text)
    __aeabi_memset4                          0x0001b4d5   Thumb Code     0  memseta.o(.text)
    __aeabi_memset8                          0x0001b4d5   Thumb Code     0  memseta.o(.text)
    __aeabi_memclr                           0x0001b4e3   Thumb Code     4  memseta.o(.text)
    __aeabi_memclr4                          0x0001b4e3   Thumb Code     0  memseta.o(.text)
    __aeabi_memclr8                          0x0001b4e3   Thumb Code     0  memseta.o(.text)
    _memset$wrapper                          0x0001b4e7   Thumb Code    18  memseta.o(.text)
    strlen                                   0x0001b4f9   Thumb Code    14  strlen.o(.text)
    memcmp                                   0x0001b507   Thumb Code    26  memcmp.o(.text)
    __scatterload                            0x0001b521   Thumb Code    28  init.o(.text)
    __scatterload_rt2                        0x0001b521   Thumb Code     0  init.o(.text)
    __decompress                             0x0001b545   Thumb Code     0  __dczerorl2.o(.text)
    __decompress1                            0x0001b545   Thumb Code    86  __dczerorl2.o(.text)
    GPIOTE_IRQHandler                        0x0001b59d   Thumb Code   248  nrf_drv_gpiote.o(i.GPIOTE_IRQHandler)
    RTC1_IRQHandler                          0x0001b705   Thumb Code    32  app_timer.o(i.RTC1_IRQHandler)
    SWI0_EGU0_IRQHandler                     0x0001b729   Thumb Code     4  app_timer.o(i.SWI0_EGU0_IRQHandler)
    SWI2_EGU2_IRQHandler                     0x0001b72d   Thumb Code    32  softdevice_handler.o(i.SWI2_EGU2_IRQHandler)
    SystemInit                               0x0001b751   Thumb Code   562  system_nrf52.o(i.SystemInit)
    UARTE0_UART0_IRQHandler                  0x0001b9ad   Thumb Code    14  nrf_drv_uart.o(i.UARTE0_UART0_IRQHandler)
    __scatterload_copy                       0x0001b9c1   Thumb Code    14  handlers.o(i.__scatterload_copy)
    __scatterload_null                       0x0001b9cf   Thumb Code     2  handlers.o(i.__scatterload_null)
    __scatterload_zeroinit                   0x0001b9d1   Thumb Code    14  handlers.o(i.__scatterload_zeroinit)
    adv_data_encode                          0x0001b9df   Thumb Code   514  ble_advdata.o(i.adv_data_encode)
    app_button_enable                        0x0001bc39   Thumb Code    32  app_button.o(i.app_button_enable)
    app_button_init                          0x0001bc5d   Thumb Code    96  app_button.o(i.app_button_init)
    app_error_fault_handler                  0x0001bccd   Thumb Code    26  app_error.o(i.app_error_fault_handler)
    app_error_handler_bare                   0x0001bcf1   Thumb Code    20  app_error.o(i.app_error_handler_bare)
    app_sched_event_put                      0x0001bda5   Thumb Code   226  app_scheduler.o(i.app_sched_event_put)
    app_sched_execute                        0x0001be91   Thumb Code    30  app_scheduler.o(i.app_sched_execute)
    app_sched_init                           0x0001beb1   Thumb Code    40  app_scheduler.o(i.app_sched_init)
    app_timer_create                         0x0001bedd   Thumb Code    32  app_timer.o(i.app_timer_create)
    app_timer_evt_schedule                   0x0001bf19   Thumb Code    18  app_timer_appsh.o(i.app_timer_evt_schedule)
    app_timer_init                           0x0001bf31   Thumb Code   134  app_timer.o(i.app_timer_init)
    app_timer_start                          0x0001bfc1   Thumb Code   118  app_timer.o(i.app_timer_start)
    app_timer_stop                           0x0001c041   Thumb Code    76  app_timer.o(i.app_timer_stop)
    ble_advdata_set                          0x0001c2a1   Thumb Code   104  ble_advdata.o(i.ble_advdata_set)
    ble_advertising_init                     0x0001c30d   Thumb Code   274  ble_advertising.o(i.ble_advertising_init)
    ble_advertising_on_ble_evt               0x0001c429   Thumb Code   122  ble_advertising.o(i.ble_advertising_on_ble_evt)
    ble_advertising_on_sys_evt               0x0001c4a9   Thumb Code    46  ble_advertising.o(i.ble_advertising_on_sys_evt)
    ble_advertising_peer_addr_reply          0x0001c4dd   Thumb Code    42  ble_advertising.o(i.ble_advertising_peer_addr_reply)
    ble_advertising_restart_without_whitelist 0x0001c51d   Thumb Code    48  ble_advertising.o(i.ble_advertising_restart_without_whitelist)
    ble_advertising_start                    0x0001c555   Thumb Code   462  ble_advertising.o(i.ble_advertising_start)
    ble_advertising_whitelist_reply          0x0001c72d   Thumb Code    76  ble_advertising.o(i.ble_advertising_whitelist_reply)
    ble_bas_battery_level_update             0x0001c781   Thumb Code   122  ble_bas.o(i.ble_bas_battery_level_update)
    ble_bas_init                             0x0001c7fb   Thumb Code    68  ble_bas.o(i.ble_bas_init)
    ble_bas_on_ble_evt                       0x0001c83f   Thumb Code    88  ble_bas.o(i.ble_bas_on_ble_evt)
    ble_conn_params_init                     0x0001c899   Thumb Code    72  ble_conn_params.o(i.ble_conn_params_init)
    ble_conn_params_on_ble_evt               0x0001c8f1   Thumb Code   126  ble_conn_params.o(i.ble_conn_params_on_ble_evt)
    ble_dis_init                             0x0001c9dd   Thumb Code   296  ble_dis.o(i.ble_dis_init)
    ble_hids_boot_mouse_inp_rep_send         0x0001cb45   Thumb Code   124  ble_hids.o(i.ble_hids_boot_mouse_inp_rep_send)
    ble_hids_init                            0x0001cbc1   Thumb Code   362  ble_hids.o(i.ble_hids_init)
    ble_hids_inp_rep_send                    0x0001cd2b   Thumb Code   104  ble_hids.o(i.ble_hids_inp_rep_send)
    ble_hids_on_ble_evt                      0x0001cd93   Thumb Code   158  ble_hids.o(i.ble_hids_on_ble_evt)
    ble_srv_ascii_to_utf8                    0x0001ce31   Thumb Code    18  ble_srv_common.o(i.ble_srv_ascii_to_utf8)
    ble_srv_report_ref_encode                0x0001ce43   Thumb Code    12  ble_srv_common.o(i.ble_srv_report_ref_encode)
    bond_data_load                           0x0001cec1   Thumb Code    60  device_manager_peripheral.o(i.bond_data_load)
    bsp_btn_ble_init                         0x0001d061   Thumb Code    72  bsp_btn_ble.o(i.bsp_btn_ble_init)
    bsp_btn_ble_on_ble_evt                   0x0001d0ad   Thumb Code   106  bsp_btn_ble.o(i.bsp_btn_ble_on_ble_evt)
    bsp_btn_ble_sleep_mode_prepare           0x0001d11d   Thumb Code    18  bsp_btn_ble.o(i.bsp_btn_ble_sleep_mode_prepare)
    bsp_button_is_pressed                    0x0001d1d9   Thumb Code    34  bsp.o(i.bsp_button_is_pressed)
    bsp_event_to_button_action_assign        0x0001d285   Thumb Code    64  bsp.o(i.bsp_event_to_button_action_assign)
    bsp_indication_set                       0x0001d2c9   Thumb Code    20  bsp.o(i.bsp_indication_set)
    bsp_init                                 0x0001d2e1   Thumb Code   140  bsp.o(i.bsp_init)
    bsp_wakeup_buttons_set                   0x0001d5a9   Thumb Code    54  bsp.o(i.bsp_wakeup_buttons_set)
    dm_ble_evt_handler                       0x0001de15   Thumb Code  1104  device_manager_peripheral.o(i.dm_ble_evt_handler)
    dm_handle_initialize                     0x0001e265   Thumb Code    22  device_manager_peripheral.o(i.dm_handle_initialize)
    dm_init                                  0x0001e27d   Thumb Code   182  device_manager_peripheral.o(i.dm_init)
    dm_peer_addr_get                         0x0001e345   Thumb Code   112  device_manager_peripheral.o(i.dm_peer_addr_get)
    dm_register                              0x0001e521   Thumb Code    94  device_manager_peripheral.o(i.dm_register)
    dm_service_context_set                   0x0001e589   Thumb Code   138  device_manager_peripheral.o(i.dm_service_context_set)
    dm_whitelist_create                      0x0001e625   Thumb Code   152  device_manager_peripheral.o(i.dm_whitelist_create)
    intern_softdevice_events_execute         0x0001ee69   Thumb Code   106  softdevice_handler.o(i.intern_softdevice_events_execute)
    main                                     0x0001f135   Thumb Code   320  main.o(i.main)
    nrf_drv_common_irq_enable                0x0001f459   Thumb Code    56  nrf_drv_common.o(i.nrf_drv_common_irq_enable)
    nrf_drv_gpiote_in_event_enable           0x0001f491   Thumb Code   150  nrf_drv_gpiote.o(i.nrf_drv_gpiote_in_event_enable)
    nrf_drv_gpiote_in_init                   0x0001f535   Thumb Code   170  nrf_drv_gpiote.o(i.nrf_drv_gpiote_in_init)
    nrf_drv_gpiote_in_is_set                 0x0001f5ed   Thumb Code    16  nrf_drv_gpiote.o(i.nrf_drv_gpiote_in_is_set)
    nrf_drv_gpiote_init                      0x0001f601   Thumb Code    76  nrf_drv_gpiote.o(i.nrf_drv_gpiote_init)
    nrf_drv_gpiote_is_init                   0x0001f655   Thumb Code    14  nrf_drv_gpiote.o(i.nrf_drv_gpiote_is_init)
    pstorage_access_status_get               0x0001fba5   Thumb Code    28  pstorage.o(i.pstorage_access_status_get)
    pstorage_block_identifier_get            0x0001fbc9   Thumb Code    66  pstorage.o(i.pstorage_block_identifier_get)
    pstorage_clear                           0x0001fc15   Thumb Code   138  pstorage.o(i.pstorage_clear)
    pstorage_init                            0x0001fcd1   Thumb Code    68  pstorage.o(i.pstorage_init)
    pstorage_load                            0x0001fd1d   Thumb Code   148  pstorage.o(i.pstorage_load)
    pstorage_register                        0x0001fdb9   Thumb Code   172  pstorage.o(i.pstorage_register)
    pstorage_store                           0x0001fe6d   Thumb Code   118  pstorage.o(i.pstorage_store)
    pstorage_sys_event_handler               0x0001feed   Thumb Code    66  pstorage.o(i.pstorage_sys_event_handler)
    pstorage_update                          0x0001ff35   Thumb Code   118  pstorage.o(i.pstorage_update)
    sd_check_ram_start                       0x00020335   Thumb Code    10  softdevice_handler.o(i.sd_check_ram_start)
    sensorsim_decrement                      0x00020345   Thumb Code    28  sensorsim.o(i.sensorsim_decrement)
    sensorsim_increment                      0x00020361   Thumb Code    28  sensorsim.o(i.sensorsim_increment)
    sensorsim_init                           0x0002037d   Thumb Code    22  sensorsim.o(i.sensorsim_init)
    sensorsim_measure                        0x00020393   Thumb Code    26  sensorsim.o(i.sensorsim_measure)
    softdevice_ble_evt_handler_set           0x0002049d   Thumb Code    14  softdevice_handler.o(i.softdevice_ble_evt_handler_set)
    softdevice_enable                        0x000204b1   Thumb Code    14  softdevice_handler.o(i.softdevice_enable)
    softdevice_enable_get_default_config     0x000204c5   Thumb Code    38  softdevice_handler.o(i.softdevice_enable_get_default_config)
    softdevice_evt_get                       0x000204eb   Thumb Code    18  softdevice_handler_appsh.o(i.softdevice_evt_get)
    softdevice_evt_schedule                  0x000204fd   Thumb Code    10  softdevice_handler_appsh.o(i.softdevice_evt_schedule)
    softdevice_fault_handler                 0x0002050d   Thumb Code     4  softdevice_handler.o(i.softdevice_fault_handler)
    softdevice_handler_init                  0x00020511   Thumb Code    38  softdevice_handler.o(i.softdevice_handler_init)
    softdevice_sys_evt_handler_set           0x00020541   Thumb Code    14  softdevice_handler.o(i.softdevice_sys_evt_handler_set)
    m_service_context_store                  0x00020d40   Data          16  device_manager_peripheral.o(.constdata)
    m_service_context_load                   0x00020d50   Data          16  device_manager_peripheral.o(.constdata)
    m_service_context_apply                  0x00020d60   Data          16  device_manager_peripheral.o(.constdata)
    Region$$Table$$Base                      0x00020da0   Number         0  anon$$obj.o(Region$$Table)
    Region$$Table$$Limit                     0x00020dc0   Number         0  anon$$obj.o(Region$$Table)
    Image$$RW_IRAM1$$Base                    0x20001f00   Number         0  anon$$obj.o ABSOLUTE
    SystemCoreClock                          0x200020d0   Data           4  system_nrf52.o(.data)
    __initial_sp                             0x200049b0   Data           0  arm_startup_nrf52.o(STACK)



==============================================================================

Memory Map of the image

  Image Entry point : 0x0001b401

  Load Region LR_IROM1 (Base: 0x0001b000, Size: 0x00005f94, Max: 0x00065000, ABSOLUTE, COMPRESSED[0x00005e54])

    Execution Region ER_IROM1 (Base: 0x0001b000, Size: 0x00005dc0, Max: 0x00065000, ABSOLUTE)

    Base Addr    Size         Type   Attr      Idx    E Section Name        Object

    0x0001b000   0x00000400   Data   RO         2935    RESET               arm_startup_nrf52.o
    0x0001b400   0x00000000   Code   RO         2976  * .ARM.Collect$$$$00000000  mc_w.l(entry.o)
    0x0001b400   0x00000004   Code   RO         3019    .ARM.Collect$$$$00000001  mc_w.l(entry2.o)
    0x0001b404   0x00000004   Code   RO         3022    .ARM.Collect$$$$00000004  mc_w.l(entry5.o)
    0x0001b408   0x00000000   Code   RO         3024    .ARM.Collect$$$$00000008  mc_w.l(entry7b.o)
    0x0001b408   0x00000000   Code   RO         3026    .ARM.Collect$$$$0000000A  mc_w.l(entry8b.o)
    0x0001b408   0x00000008   Code   RO         3027    .ARM.Collect$$$$0000000B  mc_w.l(entry9a.o)
    0x0001b410   0x00000000   Code   RO         3029    .ARM.Collect$$$$0000000D  mc_w.l(entry10a.o)
    0x0001b410   0x00000000   Code   RO         3031    .ARM.Collect$$$$0000000F  mc_w.l(entry11a.o)
    0x0001b410   0x00000004   Code   RO         3020    .ARM.Collect$$$$00002712  mc_w.l(entry2.o)
    0x0001b414   0x00000076   Code   RO         2444    .emb_text           app_timer.o
    0x0001b48a   0x00000002   PAD
    0x0001b48c   0x00000024   Code   RO         2936    .text               arm_startup_nrf52.o
    0x0001b4b0   0x00000024   Code   RO         2979    .text               mc_w.l(memcpya.o)
    0x0001b4d4   0x00000024   Code   RO         2981    .text               mc_w.l(memseta.o)
    0x0001b4f8   0x0000000e   Code   RO         2983    .text               mc_w.l(strlen.o)
    0x0001b506   0x0000001a   Code   RO         2985    .text               mc_w.l(memcmp.o)
    0x0001b520   0x00000024   Code   RO         3048    .text               mc_w.l(init.o)
    0x0001b544   0x00000056   Code   RO         3066    .text               mc_w.l(__dczerorl2.o)
    0x0001b59a   0x00000002   PAD
    0x0001b59c   0x00000104   Code   RO         1431    i.GPIOTE_IRQHandler  nrf_drv_gpiote.o
    0x0001b6a0   0x00000016   Code   RO         2445    i.NVIC_ClearPendingIRQ  app_timer.o
    0x0001b6b6   0x00000016   Code   RO         2446    i.NVIC_EnableIRQ    app_timer.o
    0x0001b6cc   0x00000016   Code   RO         2447    i.NVIC_SetPendingIRQ  app_timer.o
    0x0001b6e2   0x00000020   Code   RO         2448    i.NVIC_SetPriority  app_timer.o
    0x0001b702   0x00000002   PAD
    0x0001b704   0x00000024   Code   RO         2449    i.RTC1_IRQHandler   app_timer.o
    0x0001b728   0x00000004   Code   RO         2450    i.SWI0_EGU0_IRQHandler  app_timer.o
    0x0001b72c   0x00000024   Code   RO         2815    i.SWI2_EGU2_IRQHandler  softdevice_handler.o
    0x0001b750   0x0000025c   Code   RO         2944    i.SystemInit        system_nrf52.o
    0x0001b9ac   0x00000014   Code   RO         1630    i.UARTE0_UART0_IRQHandler  nrf_drv_uart.o
    0x0001b9c0   0x0000000e   Code   RO         3060    i.__scatterload_copy  mc_w.l(handlers.o)
    0x0001b9ce   0x00000002   Code   RO         3061    i.__scatterload_null  mc_w.l(handlers.o)
    0x0001b9d0   0x0000000e   Code   RO         3062    i.__scatterload_zeroinit  mc_w.l(handlers.o)
    0x0001b9de   0x00000202   Code   RO          506    i.adv_data_encode   ble_advdata.o
    0x0001bbe0   0x00000036   Code   RO          459    i.advertising_buttons_configure  bsp_btn_ble.o
    0x0001bc16   0x00000002   PAD
    0x0001bc18   0x00000020   Code   RO          342    i.alert_timer_handler  bsp.o
    0x0001bc38   0x00000024   Code   RO         2219    i.app_button_enable  app_button.o
    0x0001bc5c   0x00000070   Code   RO         2220    i.app_button_init   app_button.o
    0x0001bccc   0x00000024   Code   RO         2280    i.app_error_fault_handler  app_error.o
    0x0001bcf0   0x00000014   Code   RO         2282    i.app_error_handler_bare  app_error.o
    0x0001bd04   0x0000000c   Code   RO         1006    i.app_evt_notify    device_manager_peripheral.o
    0x0001bd10   0x0000002c   Code   RO         1825    i.app_notify        pstorage.o
    0x0001bd3c   0x00000024   Code   RO         1826    i.app_notify_error_state_transit  pstorage.o
    0x0001bd60   0x00000044   Code   RO         2394    i.app_sched_event_get  app_scheduler.o
    0x0001bda4   0x000000ec   Code   RO         2395    i.app_sched_event_put  app_scheduler.o
    0x0001be90   0x0000001e   Code   RO         2396    i.app_sched_execute  app_scheduler.o
    0x0001beae   0x00000002   PAD
    0x0001beb0   0x0000002c   Code   RO         2397    i.app_sched_init    app_scheduler.o
    0x0001bedc   0x00000024   Code   RO         2453    i.app_timer_create  app_timer.o
    0x0001bf00   0x00000018   Code   RO         2599    i.app_timer_evt_get  app_timer_appsh.o
    0x0001bf18   0x00000018   Code   RO         2600    i.app_timer_evt_schedule  app_timer_appsh.o
    0x0001bf30   0x00000090   Code   RO         2454    i.app_timer_init    app_timer.o
    0x0001bfc0   0x00000080   Code   RO         2455    i.app_timer_start   app_timer.o
    0x0001c040   0x00000050   Code   RO         2456    i.app_timer_stop    app_timer.o
    0x0001c090   0x00000080   Code   RO            5    i.bas_init          main.o
    0x0001c110   0x0000014e   Code   RO          669    i.battery_level_char_add  ble_bas.o
    0x0001c25e   0x00000002   PAD
    0x0001c260   0x00000040   Code   RO            6    i.battery_level_meas_timeout_handler  main.o
    0x0001c2a0   0x00000068   Code   RO          507    i.ble_advdata_set   ble_advdata.o
    0x0001c308   0x00000004   Code   RO            7    i.ble_advertising_error_handler  main.o
    0x0001c30c   0x0000011c   Code   RO          591    i.ble_advertising_init  ble_advertising.o
    0x0001c428   0x00000080   Code   RO          592    i.ble_advertising_on_ble_evt  ble_advertising.o
    0x0001c4a8   0x00000034   Code   RO          593    i.ble_advertising_on_sys_evt  ble_advertising.o
    0x0001c4dc   0x00000030   Code   RO          594    i.ble_advertising_peer_addr_reply  ble_advertising.o
    0x0001c50c   0x00000010   Code   RO          595    i.ble_advertising_peer_address_clear  ble_advertising.o
    0x0001c51c   0x00000038   Code   RO          596    i.ble_advertising_restart_without_whitelist  ble_advertising.o
    0x0001c554   0x000001d8   Code   RO          597    i.ble_advertising_start  ble_advertising.o
    0x0001c72c   0x00000054   Code   RO          598    i.ble_advertising_whitelist_reply  ble_advertising.o
    0x0001c780   0x0000007a   Code   RO          670    i.ble_bas_battery_level_update  ble_bas.o
    0x0001c7fa   0x00000044   Code   RO          671    i.ble_bas_init      ble_bas.o
    0x0001c83e   0x00000058   Code   RO          672    i.ble_bas_on_ble_evt  ble_bas.o
    0x0001c896   0x00000002   PAD
    0x0001c898   0x00000058   Code   RO          717    i.ble_conn_params_init  ble_conn_params.o
    0x0001c8f0   0x0000008c   Code   RO          718    i.ble_conn_params_on_ble_evt  ble_conn_params.o
    0x0001c97c   0x0000005e   Code   RO          508    i.ble_device_addr_encode  ble_advdata.o
    0x0001c9da   0x00000002   PAD
    0x0001c9dc   0x0000012c   Code   RO          788    i.ble_dis_init      ble_dis.o
    0x0001cb08   0x0000003c   Code   RO            8    i.ble_evt_dispatch  main.o
    0x0001cb44   0x0000007c   Code   RO          833    i.ble_hids_boot_mouse_inp_rep_send  ble_hids.o
    0x0001cbc0   0x0000016a   Code   RO          834    i.ble_hids_init     ble_hids.o
    0x0001cd2a   0x00000068   Code   RO          835    i.ble_hids_inp_rep_send  ble_hids.o
    0x0001cd92   0x0000009e   Code   RO          836    i.ble_hids_on_ble_evt  ble_hids.o
    0x0001ce30   0x00000012   Code   RO          959    i.ble_srv_ascii_to_utf8  ble_srv_common.o
    0x0001ce42   0x0000000c   Code   RO          960    i.ble_srv_report_ref_encode  ble_srv_common.o
    0x0001ce4e   0x00000002   PAD
    0x0001ce50   0x00000070   Code   RO            9    i.ble_stack_init    main.o
    0x0001cec0   0x00000048   Code   RO         1007    i.bond_data_load    device_manager_peripheral.o
    0x0001cf08   0x000000d0   Code   RO          838    i.boot_inp_rep_char_add  ble_hids.o
    0x0001cfd8   0x00000086   Code   RO          839    i.boot_kb_outp_rep_char_add  ble_hids.o
    0x0001d05e   0x00000002   PAD
    0x0001d060   0x0000004c   Code   RO          460    i.bsp_btn_ble_init  bsp_btn_ble.o
    0x0001d0ac   0x00000070   Code   RO          461    i.bsp_btn_ble_on_ble_evt  bsp_btn_ble.o
    0x0001d11c   0x00000012   Code   RO          462    i.bsp_btn_ble_sleep_mode_prepare  bsp_btn_ble.o
    0x0001d12e   0x00000002   PAD
    0x0001d130   0x000000a8   Code   RO          343    i.bsp_button_event_handler  bsp.o
    0x0001d1d8   0x0000002c   Code   RO          344    i.bsp_button_is_pressed  bsp.o
    0x0001d204   0x00000080   Code   RO           10    i.bsp_event_handler  main.o
    0x0001d284   0x00000044   Code   RO          348    i.bsp_event_to_button_action_assign  bsp.o
    0x0001d2c8   0x00000018   Code   RO          349    i.bsp_indication_set  bsp.o
    0x0001d2e0   0x000000a4   Code   RO          351    i.bsp_init          bsp.o
    0x0001d384   0x00000224   Code   RO          352    i.bsp_led_indication  bsp.o
    0x0001d5a8   0x0000003c   Code   RO          353    i.bsp_wakeup_buttons_set  bsp.o
    0x0001d5e4   0x00000008   Code   RO          354    i.button_timer_handler  bsp.o
    0x0001d5ec   0x0000001c   Code   RO         1432    i.channel_free      nrf_drv_gpiote.o
    0x0001d608   0x00000048   Code   RO         1433    i.channel_port_alloc  nrf_drv_gpiote.o
    0x0001d650   0x00000010   Code   RO         1434    i.channel_port_get  nrf_drv_gpiote.o
    0x0001d660   0x000000a0   Code   RO          789    i.char_add          ble_dis.o
    0x0001d700   0x000000fc   Code   RO         1827    i.clear_operation_execute  pstorage.o
    0x0001d7fc   0x00000020   Code   RO         1828    i.clear_post_processing_run  pstorage.o
    0x0001d81c   0x00000034   Code   RO         1829    i.cmd_process       pstorage.o
    0x0001d850   0x00000020   Code   RO         1830    i.cmd_queue_element_init  pstorage.o
    0x0001d870   0x00000054   Code   RO         1831    i.cmd_queue_enqueue  pstorage.o
    0x0001d8c4   0x00000040   Code   RO         1832    i.command_end_procedure_run  pstorage.o
    0x0001d904   0x000000ac   Code   RO         2458    i.compare_reg_update  app_timer.o
    0x0001d9b0   0x00000088   Code   RO          509    i.conn_int_encode   ble_advdata.o
    0x0001da38   0x00000004   Code   RO           11    i.conn_params_error_handler  main.o
    0x0001da3c   0x0000005c   Code   RO          720    i.conn_params_negotiation  ble_conn_params.o
    0x0001da98   0x0000002c   Code   RO         1008    i.connection_instance_find  device_manager_peripheral.o
    0x0001dac4   0x00000028   Code   RO         1009    i.connection_instance_init  device_manager_peripheral.o
    0x0001daec   0x00000054   Code   RO         1833    i.data_page_erase_state_run  pstorage.o
    0x0001db40   0x00000020   Code   RO         1834    i.data_to_swap_write_state_run  pstorage.o
    0x0001db60   0x00000060   Code   RO         2222    i.detection_delay_timeout_handler  app_button.o
    0x0001dbc0   0x000000c0   Code   RO         1010    i.device_context_store  device_manager_peripheral.o
    0x0001dc80   0x00000048   Code   RO         1011    i.device_instance_find  device_manager_peripheral.o
    0x0001dcc8   0x0000002c   Code   RO         1012    i.device_instance_free  device_manager_peripheral.o
    0x0001dcf4   0x00000028   Code   RO           12    i.device_manager_evt_handler  main.o
    0x0001dd1c   0x0000007c   Code   RO           13    i.device_manager_init  main.o
    0x0001dd98   0x0000007c   Code   RO           14    i.dis_init          main.o
    0x0001de14   0x00000450   Code   RO         1017    i.dm_ble_evt_handler  device_manager_peripheral.o
    0x0001e264   0x00000016   Code   RO         1023    i.dm_handle_initialize  device_manager_peripheral.o
    0x0001e27a   0x00000002   PAD
    0x0001e27c   0x000000c8   Code   RO         1024    i.dm_init           device_manager_peripheral.o
    0x0001e344   0x0000007c   Code   RO         1025    i.dm_peer_addr_get  device_manager_peripheral.o
    0x0001e3c0   0x00000160   Code   RO         1027    i.dm_pstorage_cb_handler  device_manager_peripheral.o
    0x0001e520   0x00000068   Code   RO         1028    i.dm_register       device_manager_peripheral.o
    0x0001e588   0x0000009c   Code   RO         1033    i.dm_service_context_set  device_manager_peripheral.o
    0x0001e624   0x000000a0   Code   RO         1034    i.dm_whitelist_create  device_manager_peripheral.o
    0x0001e6c4   0x00000040   Code   RO         2459    i.elapsed_ticks_acquire  app_timer.o
    0x0001e704   0x0000001c   Code   RO         1835    i.flash_api_err_code_process  pstorage.o
    0x0001e720   0x0000008c   Code   RO         1836    i.flash_operation_success_run  pstorage.o
    0x0001e7ac   0x00000006   Code   RO         1837    i.flash_page_erase  pstorage.o
    0x0001e7b2   0x00000006   Code   RO         1838    i.flash_write       pstorage.o
    0x0001e7b8   0x00000068   Code   RO           15    i.gap_params_init   main.o
    0x0001e820   0x00000004   Code   RO         1035    i.gattc_context_apply  device_manager_peripheral.o
    0x0001e824   0x00000004   Code   RO         1036    i.gattc_context_load  device_manager_peripheral.o
    0x0001e828   0x00000004   Code   RO         1037    i.gattc_context_store  device_manager_peripheral.o
    0x0001e82c   0x000000a4   Code   RO         1038    i.gatts_context_apply  device_manager_peripheral.o
    0x0001e8d0   0x00000038   Code   RO         1039    i.gatts_context_load  device_manager_peripheral.o
    0x0001e908   0x000000bc   Code   RO         1040    i.gatts_context_store  device_manager_peripheral.o
    0x0001e9c4   0x00000004   Code   RO         1041    i.gattsc_context_apply  device_manager_peripheral.o
    0x0001e9c8   0x00000004   Code   RO         1042    i.gattsc_context_load  device_manager_peripheral.o
    0x0001e9cc   0x00000004   Code   RO         1043    i.gattsc_context_store  device_manager_peripheral.o
    0x0001e9d0   0x00000058   Code   RO         2223    i.gpiote_event_handler  app_button.o
    0x0001ea28   0x00000078   Code   RO         1839    i.head_restore_state_run  pstorage.o
    0x0001eaa0   0x0000008a   Code   RO          840    i.hid_control_point_char_add  ble_hids.o
    0x0001eb2a   0x000000a6   Code   RO          841    i.hid_information_char_add  ble_hids.o
    0x0001ebd0   0x00000220   Code   RO           16    i.hids_init         main.o
    0x0001edf0   0x00000078   Code   RO          842    i.inp_rep_characteristics_add  ble_hids.o
    0x0001ee68   0x00000070   Code   RO         2816    i.intern_softdevice_events_execute  softdevice_handler.o
    0x0001eed8   0x0000001c   Code   RO          721    i.is_conn_params_ok  ble_conn_params.o
    0x0001eef4   0x00000044   Code   RO         1840    i.is_page_erase_required  pstorage.o
    0x0001ef38   0x0000000c   Code   RO         1841    i.is_word_aligned   pstorage.o
    0x0001ef44   0x00000054   Code   RO          510    i.le_role_encode    ble_advdata.o
    0x0001ef98   0x00000014   Code   RO          355    i.leds_timer_handler  bsp.o
    0x0001efac   0x000000bc   Code   RO         2460    i.list_deletions_handler  app_timer.o
    0x0001f068   0x000000cc   Code   RO         2461    i.list_insertions_handler  app_timer.o
    0x0001f134   0x0000016c   Code   RO           17    i.main              main.o
    0x0001f2a0   0x00000014   Code   RO         1842    i.main_state_err_busy_process  pstorage.o
    0x0001f2b4   0x00000012   Code   RO          843    i.make_char_id      ble_hids.o
    0x0001f2c6   0x00000064   Code   RO          511    i.manuf_specific_data_encode  ble_advdata.o
    0x0001f32a   0x00000002   PAD
    0x0001f32c   0x00000084   Code   RO           18    i.mouse_movement_send  main.o
    0x0001f3b0   0x0000009c   Code   RO          512    i.name_encode       ble_advdata.o
    0x0001f44c   0x00000004   Code   RO         1044    i.no_service_context_apply  device_manager_peripheral.o
    0x0001f450   0x00000004   Code   RO         1045    i.no_service_context_load  device_manager_peripheral.o
    0x0001f454   0x00000004   Code   RO         1046    i.no_service_context_store  device_manager_peripheral.o
    0x0001f458   0x00000038   Code   RO         1393    i.nrf_drv_common_irq_enable  nrf_drv_common.o
    0x0001f490   0x000000a4   Code   RO         1437    i.nrf_drv_gpiote_in_event_enable  nrf_drv_gpiote.o
    0x0001f534   0x000000b8   Code   RO         1438    i.nrf_drv_gpiote_in_init  nrf_drv_gpiote.o
    0x0001f5ec   0x00000014   Code   RO         1439    i.nrf_drv_gpiote_in_is_set  nrf_drv_gpiote.o
    0x0001f600   0x00000054   Code   RO         1441    i.nrf_drv_gpiote_init  nrf_drv_gpiote.o
    0x0001f654   0x00000014   Code   RO         1442    i.nrf_drv_gpiote_is_init  nrf_drv_gpiote.o
    0x0001f668   0x00000022   Code   RO         1454    i.nrf_gpio_cfg      nrf_drv_gpiote.o
    0x0001f68a   0x0000001c   Code   RO         1456    i.nrf_gpio_cfg_sense_set  nrf_drv_gpiote.o
    0x0001f6a6   0x00000002   PAD
    0x0001f6a8   0x00000014   Code   RO         1457    i.nrf_gpiote_event_clear  nrf_drv_gpiote.o
    0x0001f6bc   0x00000010   Code   RO         1458    i.nrf_gpiote_event_is_set  nrf_drv_gpiote.o
    0x0001f6cc   0x0000000a   Code   RO         1648    i.nrf_uart_event_check  nrf_drv_uart.o
    0x0001f6d6   0x0000000c   Code   RO         1649    i.nrf_uart_int_enable_check  nrf_drv_uart.o
    0x0001f6e2   0x0000000a   Code   RO         1650    i.nrf_uarte_event_check  nrf_drv_uart.o
    0x0001f6ec   0x000000c4   Code   RO           19    i.on_adv_evt        main.o
    0x0001f7b0   0x00000098   Code   RO           20    i.on_ble_evt        main.o
    0x0001f848   0x00000060   Code   RO           21    i.on_hids_evt       main.o
    0x0001f8a8   0x00000030   Code   RO          844    i.on_report_cccd_write  ble_hids.o
    0x0001f8d8   0x0000002e   Code   RO          845    i.on_report_value_write  ble_hids.o
    0x0001f906   0x00000002   PAD
    0x0001f908   0x000000fa   Code   RO          846    i.on_write          ble_hids.o
    0x0001fa02   0x00000060   Code   RO          847    i.outp_rep_characteristics_add  ble_hids.o
    0x0001fa62   0x00000014   Code   RO          599    i.peer_address_exists  ble_advertising.o
    0x0001fa76   0x00000002   PAD
    0x0001fa78   0x0000003c   Code   RO         1047    i.peer_instance_init  device_manager_peripheral.o
    0x0001fab4   0x00000018   Code   RO         1459    i.pin_in_use_by_port  nrf_drv_gpiote.o
    0x0001facc   0x00000018   Code   RO         1460    i.pin_in_use_by_te  nrf_drv_gpiote.o
    0x0001fae4   0x00000034   Code   RO          790    i.pnp_id_encode     ble_dis.o
    0x0001fb18   0x0000008a   Code   RO          848    i.protocol_mode_char_add  ble_hids.o
    0x0001fba2   0x00000002   PAD
    0x0001fba4   0x00000024   Code   RO         1843    i.pstorage_access_status_get  pstorage.o
    0x0001fbc8   0x0000004c   Code   RO         1844    i.pstorage_block_identifier_get  pstorage.o
    0x0001fc14   0x00000094   Code   RO         1845    i.pstorage_clear    pstorage.o
    0x0001fca8   0x0000001e   Code   RO         1846    i.pstorage_flash_page_end  pstorage.o
    0x0001fcc6   0x0000000a   Code   RO         1847    i.pstorage_flash_page_size  pstorage.o
    0x0001fcd0   0x0000004c   Code   RO         1848    i.pstorage_init     pstorage.o
    0x0001fd1c   0x0000009c   Code   RO         1849    i.pstorage_load     pstorage.o
    0x0001fdb8   0x000000b4   Code   RO         1850    i.pstorage_register  pstorage.o
    0x0001fe6c   0x00000080   Code   RO         1851    i.pstorage_store    pstorage.o
    0x0001feec   0x00000048   Code   RO         1852    i.pstorage_sys_event_handler  pstorage.o
    0x0001ff34   0x00000080   Code   RO         1853    i.pstorage_update   pstorage.o
    0x0001ffb4   0x00000132   Code   RO          849    i.rep_char_add      ble_hids.o
    0x000200e6   0x0000013e   Code   RO          850    i.rep_map_char_add  ble_hids.o
    0x00020224   0x00000082   Code   RO          851    i.rep_value_identify  ble_hids.o
    0x000202a6   0x00000002   PAD
    0x000202a8   0x0000003c   Code   RO         2462    i.rtc1_stop         app_timer.o
    0x000202e4   0x00000030   Code   RO         1652    i.rx_byte           nrf_drv_uart.o
    0x00020314   0x00000020   Code   RO         1653    i.rx_done_event     nrf_drv_uart.o
    0x00020334   0x00000010   Code   RO         2817    i.sd_check_ram_start  softdevice_handler.o
    0x00020344   0x0000001c   Code   RO         2783    i.sensorsim_decrement  sensorsim.o
    0x00020360   0x0000001c   Code   RO         2784    i.sensorsim_increment  sensorsim.o
    0x0002037c   0x00000016   Code   RO         2785    i.sensorsim_init    sensorsim.o
    0x00020392   0x0000001a   Code   RO         2786    i.sensorsim_measure  sensorsim.o
    0x000203ac   0x00000088   Code   RO          513    i.service_data_encode  ble_advdata.o
    0x00020434   0x00000004   Code   RO           22    i.service_error_handler  main.o
    0x00020438   0x00000028   Code   RO           23    i.sleep_mode_enter  main.o
    0x00020460   0x0000003c   Code   RO         1854    i.sm_state_change   pstorage.o
    0x0002049c   0x00000014   Code   RO         2818    i.softdevice_ble_evt_handler_set  softdevice_handler.o
    0x000204b0   0x00000014   Code   RO         2819    i.softdevice_enable  softdevice_handler.o
    0x000204c4   0x00000026   Code   RO         2820    i.softdevice_enable_get_default_config  softdevice_handler.o
    0x000204ea   0x00000012   Code   RO         2906    i.softdevice_evt_get  softdevice_handler_appsh.o
    0x000204fc   0x00000010   Code   RO         2907    i.softdevice_evt_schedule  softdevice_handler_appsh.o
    0x0002050c   0x00000004   Code   RO         2821    i.softdevice_fault_handler  softdevice_handler.o
    0x00020510   0x00000030   Code   RO         2822    i.softdevice_handler_init  softdevice_handler.o
    0x00020540   0x00000014   Code   RO         2825    i.softdevice_sys_evt_handler_set  softdevice_handler.o
    0x00020554   0x00000068   Code   RO         1855    i.state_data_erase_swap_entry_run  pstorage.o
    0x000205bc   0x0000000c   Code   RO         1856    i.state_erase_data_page_entry_run  pstorage.o
    0x000205c8   0x0000002c   Code   RO         1857    i.state_restore_head_entry_run  pstorage.o
    0x000205f4   0x00000050   Code   RO         1858    i.state_restore_tail_entry_run  pstorage.o
    0x00020644   0x0000001e   Code   RO         1859    i.state_swap_erase_entry_run  pstorage.o
    0x00020662   0x00000002   PAD
    0x00020664   0x00000030   Code   RO         1860    i.state_write_data_swap_entry_run  pstorage.o
    0x00020694   0x00000004   Code   RO         1048    i.storage_operation_dummy_handler  device_manager_peripheral.o
    0x00020698   0x0000005c   Code   RO         1861    i.store_cmd_flash_write_execute  pstorage.o
    0x000206f4   0x00000018   Code   RO         1862    i.swap_erase_state_run  pstorage.o
    0x0002070c   0x00000014   Code   RO         1863    i.swap_sub_state_err_busy_process  pstorage.o
    0x00020720   0x00000014   Code   RO         1864    i.swap_sub_state_state_change  pstorage.o
    0x00020734   0x00000012   Code   RO           24    i.sys_evt_dispatch  main.o
    0x00020746   0x00000042   Code   RO          791    i.sys_id_encode     ble_dis.o
    0x00020788   0x00000014   Code   RO         1865    i.tail_restore_state_run  pstorage.o
    0x0002079c   0x0000008c   Code   RO         2463    i.timer_list_handler  app_timer.o
    0x00020828   0x0000003c   Code   RO         2464    i.timer_list_insert  app_timer.o
    0x00020864   0x00000084   Code   RO         2465    i.timer_timeouts_check  app_timer.o
    0x000208e8   0x00000024   Code   RO         1655    i.tx_byte           nrf_drv_uart.o
    0x0002090c   0x00000024   Code   RO         1656    i.tx_done_event     nrf_drv_uart.o
    0x00020930   0x00000108   Code   RO         1657    i.uart_irq_handler  nrf_drv_uart.o
    0x00020a38   0x000000d8   Code   RO         1658    i.uarte_irq_handler  nrf_drv_uart.o
    0x00020b10   0x0000000a   Code   RO          514    i.uint16_encode     ble_advdata.o
    0x00020b1a   0x00000002   PAD
    0x00020b1c   0x00000014   Code   RO         1049    i.update_status_bit_reset  device_manager_peripheral.o
    0x00020b30   0x00000060   Code   RO          722    i.update_timeout_handler  ble_conn_params.o
    0x00020b90   0x00000044   Code   RO         2466    i.user_id_get       app_timer.o
    0x00020bd4   0x00000028   Code   RO         2467    i.user_op_alloc     app_timer.o
    0x00020bfc   0x00000030   Code   RO          515    i.uuid_list_encode  ble_advdata.o
    0x00020c2c   0x0000009e   Code   RO          516    i.uuid_list_sized_encode  ble_advdata.o
    0x00020cca   0x0000000e   Code   RO          600    i.whitelist_has_entries  ble_advertising.o
    0x00020cd8   0x00000028   Data   RO           27    .constdata          main.o
    0x00020d00   0x0000003c   Data   RO          360    .constdata          bsp.o
    0x00020d3c   0x00000004   Data   RO          725    .constdata          ble_conn_params.o
    0x00020d40   0x00000030   Data   RO         1051    .constdata          device_manager_peripheral.o
    0x00020d70   0x00000028   Data   RO         1867    .constdata          pstorage.o
    0x00020d98   0x00000008   Data   RO         2225    .constdata          app_button.o
    0x00020da0   0x00000020   Data   RO         3058    Region$$Table       anon$$obj.o


    Execution Region RW_IRAM1 (Base: 0x20001f00, Size: 0x00002ab0, Max: 0x00006100, ABSOLUTE, COMPRESSED[0x00000094])

    Base Addr    Size         Type   Attr      Idx    E Section Name        Object

    0x20001f00   0x0000009c   Data   RW           28    .data               main.o
    0x20001f9c   0x00000018   Data   RW          361    .data               bsp.o
    0x20001fb4   0x00000008   Data   RW          463    .data               bsp_btn_ble.o
    0x20001fbc   0x0000001f   Data   RW          602    .data               ble_advertising.o
    0x20001fdb   0x00000001   PAD
    0x20001fdc   0x00000014   Data   RW          726    .data               ble_conn_params.o
    0x20001ff0   0x0000004a   Data   RW          792    .data               ble_dis.o
    0x2000203a   0x00000002   PAD
    0x2000203c   0x00000018   Data   RW         1053    .data               device_manager_peripheral.o
    0x20002054   0x00000024   Data   RW         1868    .data               pstorage.o
    0x20002078   0x00000014   Data   RW         2226    .data               app_button.o
    0x2000208c   0x00000010   Data   RW         2398    .data               app_scheduler.o
    0x2000209c   0x00000020   Data   RW         2468    .data               app_timer.o
    0x200020bc   0x00000014   Data   RW         2826    .data               softdevice_handler.o
    0x200020d0   0x00000004   Data   RW         2945    .data               system_nrf52.o
    0x200020d4   0x00000020   Zero   RW           25    .bss                main.o
    0x200020f4   0x00000460   Zero   RW           26    .bss                main.o
    0x20002554   0x00000020   Zero   RW          356    .bss                bsp.o
    0x20002574   0x00000020   Zero   RW          357    .bss                bsp.o
    0x20002594   0x0000000c   Zero   RW          358    .bss                bsp.o
    0x200025a0   0x00000020   Zero   RW          359    .bss                bsp.o
    0x200025c0   0x00000103   Zero   RW          601    .bss                ble_advertising.o
    0x200026c3   0x00000001   PAD
    0x200026c4   0x00000020   Zero   RW          723    .bss                ble_conn_params.o
    0x200026e4   0x0000001c   Zero   RW          724    .bss                ble_conn_params.o
    0x20002700   0x0000013f   Zero   RW         1050    .bss                device_manager_peripheral.o
    0x2000283f   0x00000001   PAD
    0x20002840   0x00000058   Zero   RW         1461    .bss                nrf_drv_gpiote.o
    0x20002898   0x00000020   Zero   RW         1659    .bss                nrf_drv_uart.o
    0x200028b8   0x000000d8   Zero   RW         1866    .bss                pstorage.o
    0x20002990   0x00000020   Zero   RW         2224    .bss                app_button.o
    0x200029b0   0x00002000   Zero   RW         2933    STACK               arm_startup_nrf52.o


==============================================================================

Image component sizes


      Code (inc. data)   RO Data    RW Data    ZI Data      Debug   Object Name

       332         34          8         20         32      10054   app_button.o
        56         10          0          0          0      29530   app_error.o
       378         18          0         16          0      34426   app_scheduler.o
      1772        100          0         32          0      49751   app_timer.o
        48          6          0          0          0       2161   app_timer_appsh.o
        36         10       1024          0       8192        892   arm_startup_nrf52.o
      1540          0          0          0          0      19800   ble_advdata.o
      1174         58          0         31        259      11117   ble_advertising.o
       612          0          0          0          0      12871   ble_bas.o
       444         56          4         20         60       7032   ble_conn_params.o
       578          8          0         74          0       5775   ble_dis.o
      2864          0          0          0          0      26137   ble_hids.o
        30          0          0          0          0       2260   ble_srv_common.o
      1136        108         60         24        108      10493   bsp.o
       260         10          0          8          0       4893   bsp_btn_ble.o
      3226        192         48         24        319      36295   device_manager_peripheral.o
      2438        204         40        156       1152     130875   main.o
        56          0          0          0          0      28879   nrf_drv_common.o
       994         92          0          0         88      24152   nrf_drv_gpiote.o
       684         56          0          0         32      21170   nrf_drv_uart.o
      2706        246         40         36        216      40594   pstorage.o
       104          0          0          0          0       3471   sensorsim.o
       314         44          0         20          0      10269   softdevice_handler.o
        34          6          0          0          0       2235   softdevice_handler_appsh.o
       604         42          0          4          0       2523   system_nrf52.o

    ----------------------------------------------------------------------
     22458       1300       1256        468      10460     527655   Object Totals
         0          0         32          0          0          0   (incl. Generated)
        38          0          0          3          2          0   (incl. Padding)

    ----------------------------------------------------------------------

      Code (inc. data)   RO Data    RW Data    ZI Data      Debug   Library Member Name

        86          0          0          0          0          0   __dczerorl2.o
         0          0          0          0          0          0   entry.o
         0          0          0          0          0          0   entry10a.o
         0          0          0          0          0          0   entry11a.o
         8          4          0          0          0          0   entry2.o
         4          0          0          0          0          0   entry5.o
         0          0          0          0          0          0   entry7b.o
         0          0          0          0          0          0   entry8b.o
         8          4          0          0          0          0   entry9a.o
        30          0          0          0          0          0   handlers.o
        36          8          0          0          0         68   init.o
        26          0          0          0          0         80   memcmp.o
        36          0          0          0          0         68   memcpya.o
        36          0          0          0          0        108   memseta.o
        14          0          0          0          0         68   strlen.o

    ----------------------------------------------------------------------
       286         16          0          0          0        392   Library Totals
         2          0          0          0          0          0   (incl. Padding)

    ----------------------------------------------------------------------

      Code (inc. data)   RO Data    RW Data    ZI Data      Debug   Library Name

       284         16          0          0          0        392   mc_w.l

    ----------------------------------------------------------------------
       286         16          0          0          0        392   Library Totals

    ----------------------------------------------------------------------

==============================================================================


      Code (inc. data)   RO Data    RW Data    ZI Data      Debug   

     22744       1316       1256        468      10460     505527   Grand Totals
     22744       1316       1256        148      10460     505527   ELF Image Totals (compressed)
     22744       1316       1256        148          0          0   ROM Totals

==============================================================================

    Total RO  Size (Code + RO Data)                24000 (  23.44kB)
    Total RW  Size (RW Data + ZI Data)             10928 (  10.67kB)
    Total ROM Size (Code + RO Data + RW Data)      24148 (  23.58kB)

==============================================================================

