<html>
<body>
<pre>
<h1>µVision Build Log</h1>
<h2>Tool Versions:</h2>
IDE-Version: £gVision V5.17.0.0
Copyright (C) 2015 ARM Ltd and ARM Germany GmbH. All rights reserved.
License Information: Gill Gill, Cyntec, LIC=LJWEV-P6XCZ-8WZ2D-8FIXN-49UMY-JHGVM
 
Tool Versions:
Toolchain:       MDK-ARM Professional  Version: 5.17
Toolchain Path:  C:\Keil_v5\ARM\ARMCC\Bin
C Compiler:      Armcc.exe V5.06 update 1 (build 61)
Assembler:       Armasm.exe V5.06 update 1 (build 61)
Linker/Locator:  ArmLink.exe V5.06 update 1 (build 61)
Library Manager: ArmAr.exe V5.06 update 1 (build 61)
Hex Converter:   FromElf.exe V5.06 update 1 (build 61)
CPU DLL:         
Dialog DLL:      
Target DLL:      Segger\JL2CM3.dll V2.99.16.0
Dialog DLL:      TCM.DLL V1.14.6.0
 
<h2>Project:</h2>
D:\Project\nRF52\nRF5_SDK_11.0.0_mod\ble_app_hrs\pca10040\ble_app_hrs_s132_pca10040.uvprojx
Project File Date:  02/19/2016

<h2>Output:</h2>
*** Using Compiler 'V5.06 update 1 (build 61)', folder: 'C:\Keil_v5\ARM\ARMCC\Bin'
Rebuild target 'nrf52832_xxaa_s132'
compiling main.c...
..\int_flash\int_flash.h(11): warning:  #1295-D: Deprecated declaration flash_data_set_init - give arg types
  void flash_data_set_init();
..\main.c(142): warning:  #550-D: variable "drhc_sim_data" was set but never used
      uint8_t  drhc_sim_data;
..\main.c(646): warning:  #177-D: function "ble_advertising_error_handler" was declared but never referenced
  static void ble_advertising_error_handler(uint32_t nrf_error)
..\main.c: 3 warnings, 0 errors
compiling int_flash.c...
..\int_flash\int_flash.h(11): warning:  #1295-D: Deprecated declaration flash_data_set_init - give arg types
  void flash_data_set_init();
..\int_flash\int_flash.c(203): warning:  #1-D: last line of file ends without a newline
  }     
..\int_flash\int_flash.c: 2 warnings, 0 errors
compiling ble_pbs.c...
..\ble_pbs\ble_pbs.c(295): warning:  #177-D: variable "error_code" was declared but never referenced
  uint32_t error_code;
..\ble_pbs\ble_pbs.c(297): warning:  #177-D: variable "drhc_sim_data_ary_1" was declared but never referenced
  uint8_t drhc_sim_data_ary_1[DRHC_ALLDATA_LENGTH] = {0x00,0x01,0x02,0x03,0x04,0x05,0x06,0x07,0x08};
..\ble_pbs\ble_pbs.c(66): warning:  #550-D: variable "rdrc_notify_flag" was set but never used
  static bool rdrc_notify_flag;
..\ble_pbs\ble_pbs.c: 3 warnings, 0 errors
compiling bsp.c...
compiling bsp_btn_ble.c...
compiling ble_advertising.c...
compiling ble_advdata.c...
compiling ble_conn_params.c...
compiling ble_srv_common.c...
compiling device_manager_peripheral.c...
compiling nrf_delay.c...
compiling nrf_drv_gpiote.c...
compiling nrf_drv_uart.c...
compiling nrf_drv_common.c...
compiling pstorage.c...
compiling app_uart_fifo.c...
compiling RTT_Syscalls_KEIL.c...
compiling SEGGER_RTT.c...
compiling SEGGER_RTT_printf.c...
compiling app_button.c...
compiling app_fifo.c...
compiling sensorsim.c...
compiling app_trace.c...
compiling retarget.c...
compiling app_error.c...
compiling nrf_assert.c...
compiling nrf_log.c...
compiling app_timer.c...
compiling softdevice_handler.c...
assembling arm_startup_nrf52.s...
compiling system_nrf52.c...
linking...
Program Size: Code=24896 RO-data=1392 RW-data=312 ZI-data=19000  
FromELF: creating hex file...
".\_build\nrf52832_xxaa_s132.axf" - 0 Error(s), 8 Warning(s).

<h2>Software Packages used:</h2>

Package Vendor: ARM
                http://www.keil.com/pack/ARM.CMSIS.4.5.0.pack
                ARM::CMSIS:CORE:4.3.0
                CMSIS (Cortex Microcontroller Software Interface Standard)
   * Component: CORE Version: 4.3.0

Package Vendor: NordicSemiconductor
                http://developer.nordicsemi.com/nRF51_SDK/pieces/nRF_DeviceFamilyPack/NordicSemiconductor.nRF_DeviceFamilyPack.8.3.1.pack
                NordicSemiconductor::Device:Startup:8.3.1
                Nordic Semiconductor nRF ARM devices Device Family Pack.
   * Component: Startup Version: 8.3.1

<h2>Collection of Component include folders:</h2>
  D:\Project\nRF52\nRF5_SDK_11.0.0_mod\ble_app_hrs\pca10040\RTE
  C:\Keil_v5\ARM\PACK\ARM\CMSIS\4.5.0\CMSIS\Include
  C:\Keil_v5\ARM\PACK\NordicSemiconductor\nRF_DeviceFamilyPack\8.3.1\Device\Include
  C:\Keil_v5\ARM\PACK\NordicSemiconductor\nRF_DeviceFamilyPack\8.3.2\Device\Include

<h2>Collection of Component Files used:</h2>

   * Component: ARM::CMSIS:CORE:4.3.0

   * Component: NordicSemiconductor::Device:Startup:8.3.1
      Source file:   Device\Source\system_nrf52.c
      Include file:  Device\Include\system_nrf52.h
      Source file:   Device\Source\arm\arm_startup_nrf52.s
Build Time Elapsed:  00:01:06
</pre>
</body>
</html>
