Component: ARM Compiler 5.06 update 1 (build 61) Tool: armlink [4d35a8]

==============================================================================

Section Cross References

    main.o(i.assert_nrf_callback) refers to app_error.o(i.app_error_handler) for app_error_handler
    main.o(i.ble_evt_dispatch) refers to device_manager_peripheral.o(i.dm_ble_evt_handler) for dm_ble_evt_handler
    main.o(i.ble_evt_dispatch) refers to ble_pbs.o(i.ble_pbs_on_ble_evt) for ble_pbs_on_ble_evt
    main.o(i.ble_evt_dispatch) refers to ble_conn_params.o(i.ble_conn_params_on_ble_evt) for ble_conn_params_on_ble_evt
    main.o(i.ble_evt_dispatch) refers to bsp_btn_ble.o(i.bsp_btn_ble_on_ble_evt) for bsp_btn_ble_on_ble_evt
    main.o(i.ble_evt_dispatch) refers to bsp.o(i.bsp_indication_set) for bsp_indication_set
    main.o(i.ble_evt_dispatch) refers to app_error.o(i.app_error_handler_bare) for app_error_handler_bare
    main.o(i.ble_evt_dispatch) refers to ble_advertising.o(i.ble_advertising_on_ble_evt) for ble_advertising_on_ble_evt
    main.o(i.ble_evt_dispatch) refers to main.o(.bss) for .bss
    main.o(i.ble_evt_dispatch) refers to main.o(.data) for .data
    main.o(i.ble_stack_init) refers to softdevice_handler.o(i.softdevice_handler_init) for softdevice_handler_init
    main.o(i.ble_stack_init) refers to app_error.o(i.app_error_handler_bare) for app_error_handler_bare
    main.o(i.ble_stack_init) refers to softdevice_handler.o(i.softdevice_enable_get_default_config) for softdevice_enable_get_default_config
    main.o(i.ble_stack_init) refers to softdevice_handler.o(i.sd_check_ram_start) for sd_check_ram_start
    main.o(i.ble_stack_init) refers to softdevice_handler.o(i.softdevice_enable) for softdevice_enable
    main.o(i.ble_stack_init) refers to softdevice_handler.o(i.softdevice_ble_evt_handler_set) for softdevice_ble_evt_handler_set
    main.o(i.ble_stack_init) refers to softdevice_handler.o(i.softdevice_sys_evt_handler_set) for softdevice_sys_evt_handler_set
    main.o(i.ble_stack_init) refers to main.o(.bss) for .bss
    main.o(i.ble_stack_init) refers to main.o(i.ble_evt_dispatch) for ble_evt_dispatch
    main.o(i.ble_stack_init) refers to main.o(i.sys_evt_dispatch) for sys_evt_dispatch
    main.o(i.bsp_event_handler) refers to main.o(i.sleep_mode_enter) for sleep_mode_enter
    main.o(i.bsp_event_handler) refers to app_error.o(i.app_error_handler_bare) for app_error_handler_bare
    main.o(i.bsp_event_handler) refers to ble_advertising.o(i.ble_advertising_restart_without_whitelist) for ble_advertising_restart_without_whitelist
    main.o(i.bsp_event_handler) refers to main.o(.data) for .data
    main.o(i.conn_params_error_handler) refers to app_error.o(i.app_error_handler_bare) for app_error_handler_bare
    main.o(i.device_manager_evt_handler) refers to app_error.o(i.app_error_handler_bare) for app_error_handler_bare
    main.o(i.device_manager_init) refers to pstorage.o(i.pstorage_init) for pstorage_init
    main.o(i.device_manager_init) refers to app_error.o(i.app_error_handler_bare) for app_error_handler_bare
    main.o(i.device_manager_init) refers to device_manager_peripheral.o(i.dm_init) for dm_init
    main.o(i.device_manager_init) refers to device_manager_peripheral.o(i.dm_register) for dm_register
    main.o(i.device_manager_init) refers to main.o(i.device_manager_evt_handler) for device_manager_evt_handler
    main.o(i.device_manager_init) refers to main.o(.data) for .data
    main.o(i.dhrc_timeout_handler) refers to int_flash.o(i.flash_data_set_read) for flash_data_set_read
    main.o(i.dhrc_timeout_handler) refers to printfa.o(i.__0printf) for __2printf
    main.o(i.dhrc_timeout_handler) refers to f2d.o(.text) for __aeabi_f2d
    main.o(i.dhrc_timeout_handler) refers to nrf_delay.o(i.nrf_delay_ms) for nrf_delay_ms
    main.o(i.dhrc_timeout_handler) refers to sensorsim.o(i.sensorsim_measure) for sensorsim_measure
    main.o(i.dhrc_timeout_handler) refers to memcpya.o(.text) for __aeabi_memcpy4
    main.o(i.dhrc_timeout_handler) refers to ble_pbs.o(i.ble_pbs_cdrc_update) for ble_pbs_cdrc_update
    main.o(i.dhrc_timeout_handler) refers to app_error.o(i.app_error_handler_bare) for app_error_handler_bare
    main.o(i.dhrc_timeout_handler) refers to main.o(.conststring) for .conststring
    main.o(i.dhrc_timeout_handler) refers to main.o(.bss) for .bss
    main.o(i.dhrc_timeout_handler) refers to main.o(.data) for .data
    main.o(i.gap_params_init) refers to app_error.o(i.app_error_handler_bare) for app_error_handler_bare
    main.o(i.main) refers to app_uart_fifo.o(i.app_uart_init) for app_uart_init
    main.o(i.main) refers to app_error.o(i.app_error_handler_bare) for app_error_handler_bare
    main.o(i.main) refers to printfa.o(i.__0printf) for __2printf
    main.o(i.main) refers to app_timer.o(i.app_timer_init) for app_timer_init
    main.o(i.main) refers to app_timer.o(i.app_timer_create) for app_timer_create
    main.o(i.main) refers to bsp.o(i.bsp_init) for bsp_init
[...]
    nrf_uart_event_check                     0x000202c5   Thumb Code    10  nrf_drv_uart.o(i.nrf_uart_event_check)
    i.nrf_uart_int_enable_check              0x000202ce   Section        0  nrf_drv_uart.o(i.nrf_uart_int_enable_check)
    nrf_uart_int_enable_check                0x000202cf   Thumb Code    12  nrf_drv_uart.o(i.nrf_uart_int_enable_check)
    i.nrf_uarte_event_check                  0x000202da   Section        0  nrf_drv_uart.o(i.nrf_uarte_event_check)
    nrf_uarte_event_check                    0x000202db   Thumb Code    10  nrf_drv_uart.o(i.nrf_uarte_event_check)
    i.on_adv_evt                             0x000202e4   Section        0  main.o(i.on_adv_evt)
    on_adv_evt                               0x000202e5   Thumb Code    36  main.o(i.on_adv_evt)
    i.on_conn_params_evt                     0x00020308   Section        0  main.o(i.on_conn_params_evt)
    on_conn_params_evt                       0x00020309   Thumb Code    24  main.o(i.on_conn_params_evt)
    i.on_write                               0x00020324   Section        0  ble_pbs.o(i.on_write)
    on_write                                 0x00020325   Thumb Code   168  ble_pbs.o(i.on_write)
    i.pbs_char_add                           0x00020448   Section        0  ble_pbs.o(i.pbs_char_add)
    pbs_char_add                             0x00020449   Thumb Code   124  ble_pbs.o(i.pbs_char_add)
    i.peer_address_exists                    0x000204c8   Section        0  ble_advertising.o(i.peer_address_exists)
    peer_address_exists                      0x000204c9   Thumb Code    20  ble_advertising.o(i.peer_address_exists)
    i.peer_instance_init                     0x000204dc   Section        0  device_manager_peripheral.o(i.peer_instance_init)
    peer_instance_init                       0x000204dd   Thumb Code    60  device_manager_peripheral.o(i.peer_instance_init)
    i.pin_in_use_by_port                     0x0002051c   Section        0  nrf_drv_gpiote.o(i.pin_in_use_by_port)
    pin_in_use_by_port                       0x0002051d   Thumb Code    20  nrf_drv_gpiote.o(i.pin_in_use_by_port)
    i.pin_in_use_by_te                       0x00020534   Section        0  nrf_drv_gpiote.o(i.pin_in_use_by_te)
    pin_in_use_by_te                         0x00020535   Thumb Code    20  nrf_drv_gpiote.o(i.pin_in_use_by_te)
    i.pstorage_access_status_get             0x0002054c   Section        0  pstorage.o(i.pstorage_access_status_get)
    i.pstorage_block_identifier_get          0x00020570   Section        0  pstorage.o(i.pstorage_block_identifier_get)
    i.pstorage_clear                         0x000205c4   Section        0  pstorage.o(i.pstorage_clear)
    i.pstorage_flash_page_end                0x00020660   Section        0  pstorage.o(i.pstorage_flash_page_end)
    pstorage_flash_page_end                  0x00020661   Thumb Code    30  pstorage.o(i.pstorage_flash_page_end)
    i.pstorage_flash_page_size               0x0002067e   Section        0  pstorage.o(i.pstorage_flash_page_size)
    pstorage_flash_page_size                 0x0002067f   Thumb Code    10  pstorage.o(i.pstorage_flash_page_size)
    i.pstorage_init                          0x00020688   Section        0  pstorage.o(i.pstorage_init)
    i.pstorage_load                          0x000206e8   Section        0  pstorage.o(i.pstorage_load)
    i.pstorage_register                      0x00020790   Section        0  pstorage.o(i.pstorage_register)
    i.pstorage_store                         0x00020844   Section        0  pstorage.o(i.pstorage_store)
    i.pstorage_sys_event_handler             0x000208cc   Section        0  pstorage.o(i.pstorage_sys_event_handler)
    i.pstorage_update                        0x00020914   Section        0  pstorage.o(i.pstorage_update)
    i.rtc1_stop                              0x0002099c   Section        0  app_timer.o(i.rtc1_stop)
    rtc1_stop                                0x0002099d   Thumb Code    52  app_timer.o(i.rtc1_stop)
    i.rx_byte                                0x000209d8   Section        0  nrf_drv_uart.o(i.rx_byte)
    rx_byte                                  0x000209d9   Thumb Code    38  nrf_drv_uart.o(i.rx_byte)
    i.rx_done_event                          0x00020a08   Section        0  nrf_drv_uart.o(i.rx_done_event)
    rx_done_event                            0x00020a09   Thumb Code    26  nrf_drv_uart.o(i.rx_done_event)
    i.rx_enable                              0x00020a28   Section        0  nrf_drv_uart.o(i.rx_enable)
    rx_enable                                0x00020a29   Thumb Code    18  nrf_drv_uart.o(i.rx_enable)
    i.sd_check_ram_start                     0x00020a40   Section        0  softdevice_handler.o(i.sd_check_ram_start)
    i.sensorsim_decrement                    0x00020a50   Section        0  sensorsim.o(i.sensorsim_decrement)
    i.sensorsim_increment                    0x00020a6c   Section        0  sensorsim.o(i.sensorsim_increment)
    i.sensorsim_init                         0x00020a88   Section        0  sensorsim.o(i.sensorsim_init)
    i.sensorsim_measure                      0x00020a9e   Section        0  sensorsim.o(i.sensorsim_measure)
    i.service_data_encode                    0x00020ab8   Section        0  ble_advdata.o(i.service_data_encode)
    service_data_encode                      0x00020ab9   Thumb Code   136  ble_advdata.o(i.service_data_encode)
    i.services_init                          0x00020b40   Section        0  main.o(i.services_init)
    services_init                            0x00020b41   Thumb Code   206  main.o(i.services_init)
    i.sleep_mode_enter                       0x00020c28   Section        0  main.o(i.sleep_mode_enter)
    sleep_mode_enter                         0x00020c29   Thumb Code    40  main.o(i.sleep_mode_enter)
    i.sm_state_change                        0x00020c50   Section        0  pstorage.o(i.sm_state_change)
    sm_state_change                          0x00020c51   Thumb Code    52  pstorage.o(i.sm_state_change)
    i.softdevice_ble_evt_handler_set         0x00020c8c   Section        0  softdevice_handler.o(i.softdevice_ble_evt_handler_set)
    i.softdevice_enable                      0x00020ca0   Section        0  softdevice_handler.o(i.softdevice_enable)
    i.softdevice_enable_get_default_config   0x00020cb4   Section        0  softdevice_handler.o(i.softdevice_enable_get_default_config)
    i.softdevice_fault_handler               0x00020cda   Section        0  softdevice_handler.o(i.softdevice_fault_handler)
    i.softdevice_handler_init                0x00020ce0   Section        0  softdevice_handler.o(i.softdevice_handler_init)
    i.softdevice_sys_evt_handler_set         0x00020d10   Section        0  softdevice_handler.o(i.softdevice_sys_evt_handler_set)
    i.state_data_erase_swap_entry_run        0x00020d24   Section        0  pstorage.o(i.state_data_erase_swap_entry_run)
    state_data_erase_swap_entry_run          0x00020d25   Thumb Code    96  pstorage.o(i.state_data_erase_swap_entry_run)
    i.state_erase_data_page_entry_run        0x00020d8c   Section        0  pstorage.o(i.state_erase_data_page_entry_run)
    state_erase_data_page_entry_run          0x00020d8d   Thumb Code     8  pstorage.o(i.state_erase_data_page_entry_run)
    i.state_restore_head_entry_run           0x00020d98   Section        0  pstorage.o(i.state_restore_head_entry_run)
    state_restore_head_entry_run             0x00020d99   Thumb Code    38  pstorage.o(i.state_restore_head_entry_run)
    i.state_restore_tail_entry_run           0x00020dc4   Section        0  pstorage.o(i.state_restore_tail_entry_run)
    state_restore_tail_entry_run             0x00020dc5   Thumb Code    72  pstorage.o(i.state_restore_tail_entry_run)
    i.state_swap_erase_entry_run             0x00020e14   Section        0  pstorage.o(i.state_swap_erase_entry_run)
    state_swap_erase_entry_run               0x00020e15   Thumb Code    30  pstorage.o(i.state_swap_erase_entry_run)
    i.state_write_data_swap_entry_run        0x00020e34   Section        0  pstorage.o(i.state_write_data_swap_entry_run)
    state_write_data_swap_entry_run          0x00020e35   Thumb Code    44  pstorage.o(i.state_write_data_swap_entry_run)
    i.storage_operation_dummy_handler        0x00020e64   Section        0  device_manager_peripheral.o(i.storage_operation_dummy_handler)
    storage_operation_dummy_handler          0x00020e65   Thumb Code     4  device_manager_peripheral.o(i.storage_operation_dummy_handler)
    i.store_cmd_flash_write_execute          0x00020e68   Section        0  pstorage.o(i.store_cmd_flash_write_execute)
    store_cmd_flash_write_execute            0x00020e69   Thumb Code    84  pstorage.o(i.store_cmd_flash_write_execute)
    i.swap_erase_state_run                   0x00020ec4   Section        0  pstorage.o(i.swap_erase_state_run)
    swap_erase_state_run                     0x00020ec5   Thumb Code    18  pstorage.o(i.swap_erase_state_run)
    i.swap_sub_state_err_busy_process        0x00020edc   Section        0  pstorage.o(i.swap_sub_state_err_busy_process)
    swap_sub_state_err_busy_process          0x00020edd   Thumb Code    16  pstorage.o(i.swap_sub_state_err_busy_process)
    i.swap_sub_state_state_change            0x00020ef0   Section        0  pstorage.o(i.swap_sub_state_state_change)
    swap_sub_state_state_change              0x00020ef1   Thumb Code    12  pstorage.o(i.swap_sub_state_state_change)
    i.sys_evt_dispatch                       0x00020f04   Section        0  main.o(i.sys_evt_dispatch)
    sys_evt_dispatch                         0x00020f05   Thumb Code    18  main.o(i.sys_evt_dispatch)
    i.tail_restore_state_run                 0x00020f18   Section        0  pstorage.o(i.tail_restore_state_run)
    tail_restore_state_run                   0x00020f19   Thumb Code    16  pstorage.o(i.tail_restore_state_run)
    i.timer_list_handler                     0x00020f2c   Section        0  app_timer.o(i.timer_list_handler)
    timer_list_handler                       0x00020f2d   Thumb Code   134  app_timer.o(i.timer_list_handler)
    i.timer_list_insert                      0x00020fb8   Section        0  app_timer.o(i.timer_list_insert)
    timer_list_insert                        0x00020fb9   Thumb Code    56  app_timer.o(i.timer_list_insert)
    i.timer_timeouts_check                   0x00020ff4   Section        0  app_timer.o(i.timer_timeouts_check)
    timer_timeouts_check                     0x00020ff5   Thumb Code   124  app_timer.o(i.timer_timeouts_check)
    i.tx_byte                                0x00021078   Section        0  nrf_drv_uart.o(i.tx_byte)
    tx_byte                                  0x00021079   Thumb Code    28  nrf_drv_uart.o(i.tx_byte)
    i.tx_done_event                          0x0002109c   Section        0  nrf_drv_uart.o(i.tx_done_event)
    tx_done_event                            0x0002109d   Thumb Code    30  nrf_drv_uart.o(i.tx_done_event)
    i.uart_event_handler                     0x000210c0   Section        0  app_uart_fifo.o(i.uart_event_handler)
    uart_event_handler                       0x000210c1   Thumb Code   160  app_uart_fifo.o(i.uart_event_handler)
    i.uart_events_handler                    0x00021168   Section        0  main.o(i.uart_events_handler)
    uart_events_handler                      0x00021169   Thumb Code    18  main.o(i.uart_events_handler)
    i.uart_irq_handler                       0x0002117c   Section        0  nrf_drv_uart.o(i.uart_irq_handler)
    uart_irq_handler                         0x0002117d   Thumb Code   254  nrf_drv_uart.o(i.uart_irq_handler)
    i.uarte_irq_handler                      0x00021284   Section        0  nrf_drv_uart.o(i.uarte_irq_handler)
    uarte_irq_handler                        0x00021285   Thumb Code   206  nrf_drv_uart.o(i.uarte_irq_handler)
    i.uint16_encode                          0x0002135c   Section        0  ble_pbs.o(i.uint16_encode)
    uint16_encode                            0x0002135d   Thumb Code    10  ble_pbs.o(i.uint16_encode)
    i.uint16_encode                          0x00021366   Section        0  ble_advdata.o(i.uint16_encode)
    uint16_encode                            0x00021367   Thumb Code    10  ble_advdata.o(i.uint16_encode)
    i.uint32_encode                          0x00021370   Section        0  ble_pbs.o(i.uint32_encode)
    uint32_encode                            0x00021371   Thumb Code    18  ble_pbs.o(i.uint32_encode)
    i.update_status_bit_reset                0x00021384   Section        0  device_manager_peripheral.o(i.update_status_bit_reset)
    update_status_bit_reset                  0x00021385   Thumb Code    14  device_manager_peripheral.o(i.update_status_bit_reset)
    i.update_timeout_handler                 0x00021398   Section        0  ble_conn_params.o(i.update_timeout_handler)
    update_timeout_handler                   0x00021399   Thumb Code    88  ble_conn_params.o(i.update_timeout_handler)
    i.user_id_get                            0x000213f8   Section        0  app_timer.o(i.user_id_get)
    user_id_get                              0x000213f9   Thumb Code    62  app_timer.o(i.user_id_get)
    i.user_op_alloc                          0x0002143c   Section        0  app_timer.o(i.user_op_alloc)
    user_op_alloc                            0x0002143d   Thumb Code    40  app_timer.o(i.user_op_alloc)
    i.uuid_list_encode                       0x00021464   Section        0  ble_advdata.o(i.uuid_list_encode)
    uuid_list_encode                         0x00021465   Thumb Code    48  ble_advdata.o(i.uuid_list_encode)
    i.uuid_list_sized_encode                 0x00021494   Section        0  ble_advdata.o(i.uuid_list_sized_encode)
    uuid_list_sized_encode                   0x00021495   Thumb Code   158  ble_advdata.o(i.uuid_list_sized_encode)
    i.whitelist_has_entries                  0x00021532   Section        0  ble_advertising.o(i.whitelist_has_entries)
    whitelist_has_entries                    0x00021533   Thumb Code    14  ble_advertising.o(i.whitelist_has_entries)
    .constdata                               0x00021540   Section       16  main.o(.constdata)
    m_data_header_report_id                  0x00021540   Data           4  main.o(.constdata)
    .constdata                               0x00021550   Section       16  ble_pbs.o(.constdata)
    .constdata                               0x00021560   Section       60  bsp.o(.constdata)
    m_leds_timer_id                          0x00021560   Data           4  bsp.o(.constdata)
    m_alert_timer_id                         0x00021564   Data           4  bsp.o(.constdata)
    m_button_timer_id                        0x00021568   Data           4  bsp.o(.constdata)
    m_buttons_list                           0x0002156c   Data          16  bsp.o(.constdata)
    app_buttons                              0x0002157c   Data          32  bsp.o(.constdata)
    .constdata                               0x0002159c   Section        4  ble_conn_params.o(.constdata)
    m_conn_params_timer_id                   0x0002159c   Data           4  ble_conn_params.o(.constdata)
    .constdata                               0x000215a0   Section       52  device_manager_peripheral.o(.constdata)
    .constdata                               0x000215d4   Section       32  nrf_drv_uart.o(.constdata)
    m_default_config                         0x000215d4   Data          32  nrf_drv_uart.o(.constdata)
    .constdata                               0x000215f4   Section       40  pstorage.o(.constdata)
    swap_sub_state_sm_lut                    0x000215f4   Data          20  pstorage.o(.constdata)
    swap_sub_state_sm_lut                    0x00021608   Data          20  pstorage.o(.constdata)
    .constdata                               0x0002161c   Section       32  app_uart_fifo.o(.constdata)
    .constdata                               0x0002163c   Section        8  app_button.o(.constdata)
    m_detection_delay_timer_id               0x0002163c   Data           4  app_button.o(.constdata)
    .conststring                             0x00021644   Section       74  main.o(.conststring)
    .data                                    0x20001f00   Section       16  main.o(.data)
    rx_buf                                   0x20001f00   Data           1  main.o(.data)
    m_app_handle                             0x20001f01   Data           1  main.o(.data)
    m_conn_handle                            0x20001f02   Data           2  main.o(.data)
    m_adv_uuids                              0x20001f04   Data           4  main.o(.data)
    m_drhc_sim_state                         0x20001f08   Data           8  main.o(.data)
    .data                                    0x20001f10   Section       48  int_flash.o(.data)
    .data                                    0x20001f40   Section        6  ble_pbs.o(.data)
    esc_notify_flag                          0x20001f40   Data           1  ble_pbs.o(.data)
    drhc_notify_flag                         0x20001f41   Data           1  ble_pbs.o(.data)
    cdrc_notify_flag                         0x20001f42   Data           1  ble_pbs.o(.data)
    rdrc_notify_flag                         0x20001f43   Data           1  ble_pbs.o(.data)
    service_handle                           0x20001f44   Data           2  ble_pbs.o(.data)
    .data                                    0x20001f48   Section       24  bsp.o(.data)
    m_stable_state                           0x20001f48   Data           1  bsp.o(.data)
    current_long_push_pin_no                 0x20001f49   Data           1  bsp.o(.data)
    m_app_ticks_per_100ms                    0x20001f4c   Data           4  bsp.o(.data)
    m_indication_type                        0x20001f50   Data           4  bsp.o(.data)
    m_alert_mask                             0x20001f54   Data           4  bsp.o(.data)
    m_registered_callback                    0x20001f58   Data           4  bsp.o(.data)
    release_event_at_push                    0x20001f5c   Data           4  bsp.o(.data)
    .data                                    0x20001f60   Section        8  bsp_btn_ble.o(.data)
    m_error_handler                          0x20001f60   Data           4  bsp_btn_ble.o(.data)
    m_num_connections                        0x20001f64   Data           4  bsp_btn_ble.o(.data)
    .data                                    0x20001f68   Section       31  ble_advertising.o(.data)
    m_advertising_start_pending              0x20001f68   Data           1  ble_advertising.o(.data)
    m_whitelist_temporarily_disabled         0x20001f69   Data           1  ble_advertising.o(.data)
    m_whitelist_reply_expected               0x20001f6a   Data           1  ble_advertising.o(.data)
    m_peer_addr_reply_expected               0x20001f6b   Data           1  ble_advertising.o(.data)
    m_adv_evt                                0x20001f6c   Data           1  ble_advertising.o(.data)
    m_adv_mode_current                       0x20001f6d   Data           1  ble_advertising.o(.data)
    m_tx_power_level                         0x20001f6e   Data           1  ble_advertising.o(.data)
    current_slave_link_conn_handle           0x20001f70   Data           2  ble_advertising.o(.data)
    m_evt_handler                            0x20001f74   Data           4  ble_advertising.o(.data)
    m_error_handler                          0x20001f78   Data           4  ble_advertising.o(.data)
    m_slave_conn_int                         0x20001f7c   Data           4  ble_advertising.o(.data)
    m_peer_address                           0x20001f80   Data           7  ble_advertising.o(.data)
    .data                                    0x20001f88   Section       20  ble_conn_params.o(.data)
    m_change_param                           0x20001f88   Data           1  ble_conn_params.o(.data)
    m_update_count                           0x20001f89   Data           1  ble_conn_params.o(.data)
    m_conn_handle                            0x20001f8a   Data           2  ble_conn_params.o(.data)
    m_preferred_conn_params                  0x20001f8c   Data           8  ble_conn_params.o(.data)
    m_current_conn_params                    0x20001f94   Data           8  ble_conn_params.o(.data)
    .data                                    0x20001f9c   Section       24  device_manager_peripheral.o(.data)
    m_module_initialized                     0x20001f9c   Data           1  device_manager_peripheral.o(.data)
    m_peer_addr_update                       0x20001fa0   Data           4  device_manager_peripheral.o(.data)
    m_irk_index_table                        0x20001fa4   Data           7  device_manager_peripheral.o(.data)
    m_storage_handle                         0x20001fac   Data           8  device_manager_peripheral.o(.data)
    .data                                    0x20001fb4   Section       36  pstorage.o(.data)
    m_state                                  0x20001fb4   Data           1  pstorage.o(.data)
    m_swap_sub_state                         0x20001fb5   Data           1  pstorage.o(.data)
    m_next_app_instance                      0x20001fb6   Data           2  pstorage.o(.data)
    m_flags                                  0x20001fb8   Data           4  pstorage.o(.data)
    m_next_page_addr                         0x20001fbc   Data           4  pstorage.o(.data)
    m_head_word_size                         0x20001fc0   Data           4  pstorage.o(.data)
    m_tail_word_size                         0x20001fc4   Data           4  pstorage.o(.data)
    m_current_page_id                        0x20001fc8   Data           4  pstorage.o(.data)
    m_num_of_command_retries                 0x20001fcc   Data           4  pstorage.o(.data)
    m_num_of_bytes_written                   0x20001fd0   Data           4  pstorage.o(.data)
    m_app_data_size                          0x20001fd4   Data           4  pstorage.o(.data)
    .data                                    0x20001fd8   Section        8  app_uart_fifo.o(.data)
    tx_buffer                                0x20001fd8   Data           1  app_uart_fifo.o(.data)
    tx_tmp                                   0x20001fd9   Data           1  app_uart_fifo.o(.data)
    rx_buffer                                0x20001fda   Data           1  app_uart_fifo.o(.data)
    m_event_handler                          0x20001fdc   Data           4  app_uart_fifo.o(.data)
    .data                                    0x20001fe0   Section       20  app_button.o(.data)
    m_button_count                           0x20001fe0   Data           1  app_button.o(.data)
    mp_buttons                               0x20001fe4   Data           4  app_button.o(.data)
    m_detection_delay                        0x20001fe8   Data           4  app_button.o(.data)
    m_pin_state                              0x20001fec   Data           4  app_button.o(.data)
    m_pin_transition                         0x20001ff0   Data           4  app_button.o(.data)
    .data                                    0x20001ff4   Section        4  retarget.o(.data)
    .data                                    0x20001ff8   Section       32  app_timer.o(.data)
    m_user_array_size                        0x20001ff8   Data           1  app_timer.o(.data)
    m_ticks_elapsed_q_read_ind               0x20001ff9   Data           1  app_timer.o(.data)
    m_ticks_elapsed_q_write_ind              0x20001ffa   Data           1  app_timer.o(.data)
    m_rtc1_running                           0x20001ffb   Data           1  app_timer.o(.data)
    m_rtc1_reset                             0x20001ffc   Data           1  app_timer.o(.data)
    mp_users                                 0x20002000   Data           4  app_timer.o(.data)
    mp_timer_id_head                         0x20002004   Data           4  app_timer.o(.data)
    m_ticks_latest                           0x20002008   Data           4  app_timer.o(.data)
    m_evt_schedule_func                      0x2000200c   Data           4  app_timer.o(.data)
    m_ticks_elapsed                          0x20002010   Data           8  app_timer.o(.data)
    .data                                    0x20002018   Section       20  softdevice_handler.o(.data)
    m_softdevice_enabled                     0x20002018   Data           1  softdevice_handler.o(.data)
    m_ble_evt_buffer_size                    0x2000201a   Data           2  softdevice_handler.o(.data)
    m_evt_schedule_func                      0x2000201c   Data           4  softdevice_handler.o(.data)
    mp_ble_evt_buffer                        0x20002020   Data           4  softdevice_handler.o(.data)
    m_ble_evt_handler                        0x20002024   Data           4  softdevice_handler.o(.data)
    m_sys_evt_handler                        0x20002028   Data           4  softdevice_handler.o(.data)
    .data                                    0x2000202c   Section        4  system_nrf52.o(.data)
    __tagsym$$used                           0x2000202c   Number         0  system_nrf52.o(.data)
    .data                                    0x20002030   Section        4  mvars.o(.data)
    .data                                    0x20002034   Section        4  mvars.o(.data)
    .bss                                     0x20002038   Section       32  main.o(.bss)
    m_data_header_report_id_data             0x20002038   Data          32  main.o(.bss)
    .bss                                     0x20002058   Section      908  main.o(.bss)
    APP_TIMER_BUF                            0x20002058   Data         456  main.o(.bss)
    BLE_EVT_BUFFER                           0x20002220   Data          72  main.o(.bss)
    tx_buf                                   0x20002268   Data         256  main.o(.bss)
    m_pbs                                    0x20002368   Data         108  main.o(.bss)
    m_drhc_sim_cfg                           0x200023d4   Data          16  main.o(.bss)
    .bss                                     0x200023e4   Section       96  int_flash.o(.bss)
    .bss                                     0x20002444   Section       32  bsp.o(.bss)
    m_leds_timer_id_data                     0x20002444   Data          32  bsp.o(.bss)
    .bss                                     0x20002464   Section       32  bsp.o(.bss)
    m_alert_timer_id_data                    0x20002464   Data          32  bsp.o(.bss)
    .bss                                     0x20002484   Section       12  bsp.o(.bss)
    m_events_list                            0x20002484   Data          12  bsp.o(.bss)
    .bss                                     0x20002490   Section       32  bsp.o(.bss)
    m_button_timer_id_data                   0x20002490   Data          32  bsp.o(.bss)
    .bss                                     0x200024b0   Section      259  ble_advertising.o(.bss)
    m_advdata                                0x200024b0   Data          56  ble_advertising.o(.bss)
    m_adv_modes_config                       0x200024e8   Data          36  ble_advertising.o(.bss)
    m_whitelist                              0x2000250c   Data          16  ble_advertising.o(.bss)
    mp_whitelist_addr                        0x2000251c   Data          32  ble_advertising.o(.bss)
    mp_whitelist_irk                         0x2000253c   Data          32  ble_advertising.o(.bss)
    m_manuf_specific_data                    0x2000255c   Data          12  ble_advertising.o(.bss)
    m_manuf_data_array                       0x20002568   Data          31  ble_advertising.o(.bss)
    m_service_data                           0x20002588   Data          12  ble_advertising.o(.bss)
    m_service_data_array                     0x20002594   Data          31  ble_advertising.o(.bss)
    .bss                                     0x200025b4   Section       32  ble_conn_params.o(.bss)
    m_conn_params_timer_id_data              0x200025b4   Data          32  ble_conn_params.o(.bss)
    .bss                                     0x200025d4   Section       28  ble_conn_params.o(.bss)
    m_conn_params_config                     0x200025d4   Data          28  ble_conn_params.o(.bss)
    .bss                                     0x200025f0   Section      335  device_manager_peripheral.o(.bss)
    m_app_context_table                      0x200025f0   Data          28  device_manager_peripheral.o(.bss)
    m_peer_table                             0x2000260c   Data         196  device_manager_peripheral.o(.bss)
    m_bond_table                             0x200026d0   Data          28  device_manager_peripheral.o(.bss)
    m_gatts_table                            0x200026ec   Data          36  device_manager_peripheral.o(.bss)
    m_connection_table                       0x20002710   Data          12  device_manager_peripheral.o(.bss)
    m_application_table                      0x2000271c   Data          12  device_manager_peripheral.o(.bss)
    m_local_id_info                          0x20002728   Data          23  device_manager_peripheral.o(.bss)
    .bss                                     0x20002740   Section       88  nrf_drv_gpiote.o(.bss)
    m_cb                                     0x20002740   Data          88  nrf_drv_gpiote.o(.bss)
    .bss                                     0x20002798   Section       32  nrf_drv_uart.o(.bss)
    m_cb                                     0x20002798   Data          32  nrf_drv_uart.o(.bss)
    .bss                                     0x200027b8   Section      628  pstorage.o(.bss)
    m_cmd_queue                              0x200027b8   Data         604  pstorage.o(.bss)
    m_app_table                              0x20002a14   Data          24  pstorage.o(.bss)
    .bss                                     0x20002a2c   Section       32  app_uart_fifo.o(.bss)
    m_rx_fifo                                0x20002a2c   Data          16  app_uart_fifo.o(.bss)
    m_tx_fifo                                0x20002a3c   Data          16  app_uart_fifo.o(.bss)
    .bss                                     0x20002a4c   Section       32  app_button.o(.bss)
    m_detection_delay_timer_id_data          0x20002a4c   Data          32  app_button.o(.bss)
    HEAP                                     0x20002a70   Section     8192  arm_startup_nrf52.o(HEAP)
    STACK                                    0x20004a70   Section     8192  arm_startup_nrf52.o(STACK)

    Global Symbols

    Symbol Name                              Value     Ov Type        Size  Object(Section)

    BuildAttributes$$THM_ISAv4$E$P$D$K$B$S$7EM$VFPi3$EXTD16$VFPS$VFMA$PE$A:L22UL41UL21$X:L11$S22US41US21$IEEE1$IW$USESV6$~STKCKD$USESV7$~SHL$OSPACE$ROPI$EBA8$MICROLIB$REQ8$PRES8$EABIv2 0x00000000   Number         0  anon$$obj.o ABSOLUTE
    __ARM_use_no_argv                        0x00000000   Number         0  main.o ABSOLUTE
    _printf_a                                0x00000000   Number         0  stubs.o ABSOLUTE
    _printf_c                                0x00000000   Number         0  stubs.o ABSOLUTE
    _printf_charcount                        0x00000000   Number         0  stubs.o ABSOLUTE
    _printf_d                                0x00000000   Number         0  stubs.o ABSOLUTE
    _printf_e                                0x00000000   Number         0  stubs.o ABSOLUTE
    _printf_f                                0x00000000   Number         0  stubs.o ABSOLUTE
    _printf_flags                            0x00000000   Number         0  stubs.o ABSOLUTE
    _printf_fp_dec                           0x00000000   Number         0  stubs.o ABSOLUTE
    _printf_fp_hex                           0x00000000   Number         0  stubs.o ABSOLUTE
    _printf_g                                0x00000000   Number         0  stubs.o ABSOLUTE
    _printf_i                                0x00000000   Number         0  stubs.o ABSOLUTE
    _printf_int_dec                          0x00000000   Number         0  stubs.o ABSOLUTE
    _printf_l                                0x00000000   Number         0  stubs.o ABSOLUTE
    _printf_lc                               0x00000000   Number         0  stubs.o ABSOLUTE
    _printf_ll                               0x00000000   Number         0  stubs.o ABSOLUTE
    _printf_lld                              0x00000000   Number         0  stubs.o ABSOLUTE
    _printf_lli                              0x00000000   Number         0  stubs.o ABSOLUTE
    _printf_llo                              0x00000000   Number         0  stubs.o ABSOLUTE
    _printf_llu                              0x00000000   Number         0  stubs.o ABSOLUTE
    _printf_llx                              0x00000000   Number         0  stubs.o ABSOLUTE
    _printf_longlong_dec                     0x00000000   Number         0  stubs.o ABSOLUTE
    _printf_longlong_hex                     0x00000000   Number         0  stubs.o ABSOLUTE
    _printf_longlong_oct                     0x00000000   Number         0  stubs.o ABSOLUTE
    _printf_ls                               0x00000000   Number         0  stubs.o ABSOLUTE
    _printf_mbtowc                           0x00000000   Number         0  stubs.o ABSOLUTE
    _printf_n                                0x00000000   Number         0  stubs.o ABSOLUTE
    _printf_o                                0x00000000   Number         0  stubs.o ABSOLUTE
    _printf_p                                0x00000000   Number         0  stubs.o ABSOLUTE
    _printf_percent                          0x00000000   Number         0  stubs.o ABSOLUTE
    _printf_pre_padding                      0x00000000   Number         0  stubs.o ABSOLUTE
    _printf_return_value                     0x00000000   Number         0  stubs.o ABSOLUTE
    _printf_s                                0x00000000   Number         0  stubs.o ABSOLUTE
    _printf_sizespec                         0x00000000   Number         0  stubs.o ABSOLUTE
    _printf_str                              0x00000000   Number         0  stubs.o ABSOLUTE
    _printf_truncate_signed                  0x00000000   Number         0  stubs.o ABSOLUTE
    _printf_truncate_unsigned                0x00000000   Number         0  stubs.o ABSOLUTE
    _printf_u                                0x00000000   Number         0  stubs.o ABSOLUTE
    _printf_wc                               0x00000000   Number         0  stubs.o ABSOLUTE
    _printf_wctomb                           0x00000000   Number         0  stubs.o ABSOLUTE
    _printf_widthprec                        0x00000000   Number         0  stubs.o ABSOLUTE
    _printf_x                                0x00000000   Number         0  stubs.o ABSOLUTE
    __cpp_initialize__aeabi_                  - Undefined Weak Reference
    __cxa_finalize                            - Undefined Weak Reference
    _clock_init                               - Undefined Weak Reference
    _microlib_exit                            - Undefined Weak Reference
    __Vectors_Size                           0x00000400   Number         0  arm_startup_nrf52.o ABSOLUTE
    __Vectors                                0x0001b000   Data           4  arm_startup_nrf52.o(RESET)
    __Vectors_End                            0x0001b400   Data           0  arm_startup_nrf52.o(RESET)
    __main                                   0x0001b401   Thumb Code     0  entry.o(.ARM.Collect$$$$00000000)
    _main_stk                                0x0001b401   Thumb Code     0  entry2.o(.ARM.Collect$$$$00000001)
    _main_scatterload                        0x0001b405   Thumb Code     0  entry5.o(.ARM.Collect$$$$00000004)
    __main_after_scatterload                 0x0001b409   Thumb Code     0  entry5.o(.ARM.Collect$$$$00000004)
    _main_clock                              0x0001b409   Thumb Code     0  entry7b.o(.ARM.Collect$$$$00000008)
    _main_cpp_init                           0x0001b409   Thumb Code     0  entry8b.o(.ARM.Collect$$$$0000000A)
    _main_init                               0x0001b409   Thumb Code     0  entry9a.o(.ARM.Collect$$$$0000000B)
    __rt_final_cpp                           0x0001b411   Thumb Code     0  entry10a.o(.ARM.Collect$$$$0000000D)
    __rt_final_exit                          0x0001b411   Thumb Code     0  entry11a.o(.ARM.Collect$$$$0000000F)
    __asm___11_nrf_delay_c_532987f3__nrf_delay_us 0x0001b415   Thumb Code   118  nrf_delay.o(.emb_text)
    __asm___11_app_timer_c_cd27f9c3__nrf_delay_us 0x0001b48d   Thumb Code   118  app_timer.o(.emb_text)
    Reset_Handler                            0x0001b505   Thumb Code     8  arm_startup_nrf52.o(.text)
    NMI_Handler                              0x0001b50d   Thumb Code     2  arm_startup_nrf52.o(.text)
    HardFault_Handler                        0x0001b50f   Thumb Code     2  arm_startup_nrf52.o(.text)
    MemoryManagement_Handler                 0x0001b511   Thumb Code     2  arm_startup_nrf52.o(.text)
    BusFault_Handler                         0x0001b513   Thumb Code     2  arm_startup_nrf52.o(.text)
    UsageFault_Handler                       0x0001b515   Thumb Code     2  arm_startup_nrf52.o(.text)
    SVC_Handler                              0x0001b517   Thumb Code     2  arm_startup_nrf52.o(.text)
    PendSV_Handler                           0x0001b519   Thumb Code     2  arm_startup_nrf52.o(.text)
    SysTick_Handler                          0x0001b51b   Thumb Code     2  arm_startup_nrf52.o(.text)
    CCM_AAR_IRQHandler                       0x0001b51d   Thumb Code     0  arm_startup_nrf52.o(.text)
    COMP_LPCOMP_IRQHandler                   0x0001b51d   Thumb Code     0  arm_startup_nrf52.o(.text)
    ECB_IRQHandler                           0x0001b51d   Thumb Code     0  arm_startup_nrf52.o(.text)
    I2S_IRQHandler                           0x0001b51d   Thumb Code     0  arm_startup_nrf52.o(.text)
    MWU_IRQHandler                           0x0001b51d   Thumb Code     0  arm_startup_nrf52.o(.text)
    NFCT_IRQHandler                          0x0001b51d   Thumb Code     0  arm_startup_nrf52.o(.text)
    PDM_IRQHandler                           0x0001b51d   Thumb Code     0  arm_startup_nrf52.o(.text)
    POWER_CLOCK_IRQHandler                   0x0001b51d   Thumb Code     0  arm_startup_nrf52.o(.text)
    PWM0_IRQHandler                          0x0001b51d   Thumb Code     0  arm_startup_nrf52.o(.text)
    PWM1_IRQHandler                          0x0001b51d   Thumb Code     0  arm_startup_nrf52.o(.text)
    PWM2_IRQHandler                          0x0001b51d   Thumb Code     0  arm_startup_nrf52.o(.text)
    QDEC_IRQHandler                          0x0001b51d   Thumb Code     0  arm_startup_nrf52.o(.text)
    RADIO_IRQHandler                         0x0001b51d   Thumb Code     0  arm_startup_nrf52.o(.text)
    RNG_IRQHandler                           0x0001b51d   Thumb Code     0  arm_startup_nrf52.o(.text)
    RTC0_IRQHandler                          0x0001b51d   Thumb Code     0  arm_startup_nrf52.o(.text)
    RTC2_IRQHandler                          0x0001b51d   Thumb Code     0  arm_startup_nrf52.o(.text)
    SAADC_IRQHandler                         0x0001b51d   Thumb Code     0  arm_startup_nrf52.o(.text)
    SPIM0_SPIS0_TWIM0_TWIS0_SPI0_TWI0_IRQHandler 0x0001b51d   Thumb Code     0  arm_startup_nrf52.o(.text)
    SPIM1_SPIS1_TWIM1_TWIS1_SPI1_TWI1_IRQHandler 0x0001b51d   Thumb Code     0  arm_startup_nrf52.o(.text)
    SPIM2_SPIS2_SPI2_IRQHandler              0x0001b51d   Thumb Code     0  arm_startup_nrf52.o(.text)
    SWI1_EGU1_IRQHandler                     0x0001b51d   Thumb Code     0  arm_startup_nrf52.o(.text)
    SWI3_EGU3_IRQHandler                     0x0001b51d   Thumb Code     0  arm_startup_nrf52.o(.text)
    SWI4_EGU4_IRQHandler                     0x0001b51d   Thumb Code     0  arm_startup_nrf52.o(.text)
    SWI5_EGU5_IRQHandler                     0x0001b51d   Thumb Code     0  arm_startup_nrf52.o(.text)
    TEMP_IRQHandler                          0x0001b51d   Thumb Code     0  arm_startup_nrf52.o(.text)
    TIMER0_IRQHandler                        0x0001b51d   Thumb Code     0  arm_startup_nrf52.o(.text)
    TIMER1_IRQHandler                        0x0001b51d   Thumb Code     0  arm_startup_nrf52.o(.text)
    TIMER2_IRQHandler                        0x0001b51d   Thumb Code     0  arm_startup_nrf52.o(.text)
    TIMER3_IRQHandler                        0x0001b51d   Thumb Code     0  arm_startup_nrf52.o(.text)
    TIMER4_IRQHandler                        0x0001b51d   Thumb Code     0  arm_startup_nrf52.o(.text)
    WDT_IRQHandler                           0x0001b51d   Thumb Code     0  arm_startup_nrf52.o(.text)
    __aeabi_memcpy                           0x0001b529   Thumb Code    36  memcpya.o(.text)
    __aeabi_memcpy4                          0x0001b529   Thumb Code     0  memcpya.o(.text)
    __aeabi_memcpy8                          0x0001b529   Thumb Code     0  memcpya.o(.text)
    __aeabi_memset                           0x0001b54d   Thumb Code    14  memseta.o(.text)
    __aeabi_memset4                          0x0001b54d   Thumb Code     0  memseta.o(.text)
    __aeabi_memset8                          0x0001b54d   Thumb Code     0  memseta.o(.text)
    __aeabi_memclr                           0x0001b55b   Thumb Code     4  memseta.o(.text)
    __aeabi_memclr4                          0x0001b55b   Thumb Code     0  memseta.o(.text)
    __aeabi_memclr8                          0x0001b55b   Thumb Code     0  memseta.o(.text)
    _memset$wrapper                          0x0001b55f   Thumb Code    18  memseta.o(.text)
    memcmp                                   0x0001b571   Thumb Code    26  memcmp.o(.text)
    __aeabi_f2d                              0x0001b58b   Thumb Code    38  f2d.o(.text)
    __aeabi_uidiv                            0x0001b5b1   Thumb Code     0  uidiv.o(.text)
    __aeabi_uidivmod                         0x0001b5b1   Thumb Code    44  uidiv.o(.text)
    __aeabi_uldivmod                         0x0001b5dd   Thumb Code    98  uldiv.o(.text)
    __I$use$fp                               0x0001b63f   Thumb Code     0  iusefp.o(.text)
    __aeabi_dadd                             0x0001b63f   Thumb Code   322  dadd.o(.text)
    __aeabi_dsub                             0x0001b781   Thumb Code     6  dadd.o(.text)
    __aeabi_drsub                            0x0001b787   Thumb Code     6  dadd.o(.text)
    __aeabi_dmul                             0x0001b78d   Thumb Code   228  dmul.o(.text)
    __aeabi_ddiv                             0x0001b871   Thumb Code   222  ddiv.o(.text)
    __aeabi_d2ulz                            0x0001b94f   Thumb Code    48  dfixul.o(.text)
    __aeabi_cdrcmple                         0x0001b981   Thumb Code    48  cdrcmple.o(.text)
    __scatterload                            0x0001b9b1   Thumb Code    28  init.o(.text)
    __scatterload_rt2                        0x0001b9b1   Thumb Code     0  init.o(.text)
    __aeabi_llsl                             0x0001b9d5   Thumb Code    30  llshl.o(.text)
    _ll_shift_l                              0x0001b9d5   Thumb Code     0  llshl.o(.text)
    __aeabi_llsr                             0x0001b9f3   Thumb Code    32  llushr.o(.text)
    _ll_ushift_r                             0x0001b9f3   Thumb Code     0  llushr.o(.text)
    __aeabi_lasr                             0x0001ba13   Thumb Code    36  llsshr.o(.text)
    _ll_sshift_r                             0x0001ba13   Thumb Code     0  llsshr.o(.text)
    _double_round                            0x0001ba37   Thumb Code    30  depilogue.o(.text)
    _double_epilogue                         0x0001ba55   Thumb Code   156  depilogue.o(.text)
    __decompress                             0x0001baf1   Thumb Code     0  __dczerorl.o(.text)
    __decompress0                            0x0001baf1   Thumb Code    58  __dczerorl.o(.text)
    GPIOTE_IRQHandler                        0x0001bb2d   Thumb Code   248  nrf_drv_gpiote.o(i.GPIOTE_IRQHandler)
    RTC1_IRQHandler                          0x0001bc95   Thumb Code    32  app_timer.o(i.RTC1_IRQHandler)
    SWI0_EGU0_IRQHandler                     0x0001bcb9   Thumb Code     4  app_timer.o(i.SWI0_EGU0_IRQHandler)
    SWI2_EGU2_IRQHandler                     0x0001bcbd   Thumb Code    32  softdevice_handler.o(i.SWI2_EGU2_IRQHandler)
    SystemInit                               0x0001bce1   Thumb Code   562  system_nrf52.o(i.SystemInit)
    UARTE0_UART0_IRQHandler                  0x0001bf3d   Thumb Code    14  nrf_drv_uart.o(i.UARTE0_UART0_IRQHandler)
    __0printf                                0x0001bf51   Thumb Code    22  printfa.o(i.__0printf)
    __1printf                                0x0001bf51   Thumb Code     0  printfa.o(i.__0printf)
    __2printf                                0x0001bf51   Thumb Code     0  printfa.o(i.__0printf)
    __c89printf                              0x0001bf51   Thumb Code     0  printfa.o(i.__0printf)
    printf                                   0x0001bf51   Thumb Code     0  printfa.o(i.__0printf)
    __scatterload_copy                       0x0001bf71   Thumb Code    14  handlers.o(i.__scatterload_copy)
    __scatterload_null                       0x0001bf7f   Thumb Code     2  handlers.o(i.__scatterload_null)
    __scatterload_zeroinit                   0x0001bf81   Thumb Code    14  handlers.o(i.__scatterload_zeroinit)
    adv_data_encode                          0x0001c823   Thumb Code   514  ble_advdata.o(i.adv_data_encode)
    app_button_enable                        0x0001ca7d   Thumb Code    32  app_button.o(i.app_button_enable)
    app_button_init                          0x0001caa1   Thumb Code    96  app_button.o(i.app_button_init)
    app_error_fault_handler                  0x0001cb11   Thumb Code    26  app_error.o(i.app_error_fault_handler)
    app_error_handler_bare                   0x0001cb35   Thumb Code    20  app_error.o(i.app_error_handler_bare)
    app_fifo_get                             0x0001cb55   Thumb Code    22  app_fifo.o(i.app_fifo_get)
    app_fifo_init                            0x0001cb6b   Thumb Code    32  app_fifo.o(i.app_fifo_init)
    app_fifo_put                             0x0001cb8b   Thumb Code    26  app_fifo.o(i.app_fifo_put)
    app_timer_create                         0x0001cbf5   Thumb Code    32  app_timer.o(i.app_timer_create)
    app_timer_init                           0x0001cc19   Thumb Code   134  app_timer.o(i.app_timer_init)
    app_timer_start                          0x0001cca9   Thumb Code   118  app_timer.o(i.app_timer_start)
    app_timer_stop                           0x0001cd29   Thumb Code    76  app_timer.o(i.app_timer_stop)
    app_uart_init                            0x0001cd79   Thumb Code   146  app_uart_fifo.o(i.app_uart_init)
    app_uart_put                             0x0001ce1d   Thumb Code    34  app_uart_fifo.o(i.app_uart_put)
    ble_advdata_set                          0x0001cec1   Thumb Code   104  ble_advdata.o(i.ble_advdata_set)
    ble_advertising_init                     0x0001cf29   Thumb Code   274  ble_advertising.o(i.ble_advertising_init)
    ble_advertising_on_ble_evt               0x0001d045   Thumb Code   122  ble_advertising.o(i.ble_advertising_on_ble_evt)
    ble_advertising_on_sys_evt               0x0001d0c5   Thumb Code    46  ble_advertising.o(i.ble_advertising_on_sys_evt)
    ble_advertising_restart_without_whitelist 0x0001d109   Thumb Code    48  ble_advertising.o(i.ble_advertising_restart_without_whitelist)
    ble_advertising_start                    0x0001d141   Thumb Code   462  ble_advertising.o(i.ble_advertising_start)
    ble_conn_params_init                     0x0001d319   Thumb Code    72  ble_conn_params.o(i.ble_conn_params_init)
    ble_conn_params_on_ble_evt               0x0001d371   Thumb Code   126  ble_conn_params.o(i.ble_conn_params_on_ble_evt)
    ble_pbs_cdrc_update                      0x0001d4b1   Thumb Code   118  ble_pbs.o(i.ble_pbs_cdrc_update)
    ble_pbs_init                             0x0001d55d   Thumb Code   720  ble_pbs.o(i.ble_pbs_init)
    ble_pbs_on_ble_evt                       0x0001d8a5   Thumb Code    38  ble_pbs.o(i.ble_pbs_on_ble_evt)
    bond_data_load                           0x0001d939   Thumb Code    60  device_manager_peripheral.o(i.bond_data_load)
    bsp_btn_ble_init                         0x0001d9f9   Thumb Code    72  bsp_btn_ble.o(i.bsp_btn_ble_init)
    bsp_btn_ble_on_ble_evt                   0x0001da45   Thumb Code   106  bsp_btn_ble.o(i.bsp_btn_ble_on_ble_evt)
    bsp_btn_ble_sleep_mode_prepare           0x0001dab5   Thumb Code    18  bsp_btn_ble.o(i.bsp_btn_ble_sleep_mode_prepare)
    bsp_button_is_pressed                    0x0001db71   Thumb Code    34  bsp.o(i.bsp_button_is_pressed)
    bsp_event_handler                        0x0001db9d   Thumb Code    54  main.o(i.bsp_event_handler)
    bsp_event_to_button_action_assign        0x0001dbd9   Thumb Code    64  bsp.o(i.bsp_event_to_button_action_assign)
    bsp_indication_set                       0x0001dc1d   Thumb Code    20  bsp.o(i.bsp_indication_set)
    bsp_init                                 0x0001dc35   Thumb Code   140  bsp.o(i.bsp_init)
    bsp_wakeup_buttons_set                   0x0001defd   Thumb Code    54  bsp.o(i.bsp_wakeup_buttons_set)
    dm_ble_evt_handler                       0x0001e799   Thumb Code  1112  device_manager_peripheral.o(i.dm_ble_evt_handler)
    dm_handle_initialize                     0x0001ebf1   Thumb Code    22  device_manager_peripheral.o(i.dm_handle_initialize)
    dm_init                                  0x0001ec09   Thumb Code   182  device_manager_peripheral.o(i.dm_init)
    dm_register                              0x0001ee5d   Thumb Code    94  device_manager_peripheral.o(i.dm_register)
    flash_data_set_init                      0x0001ef81   Thumb Code    28  int_flash.o(i.flash_data_set_init)
    flash_data_set_read                      0x0001efa5   Thumb Code   206  int_flash.o(i.flash_data_set_read)
    flash_data_set_write                     0x0001f07d   Thumb Code   274  int_flash.o(i.flash_data_set_write)
    flash_page_erase                         0x0001f229   Thumb Code    38  int_flash.o(i.flash_page_erase)
    flash_word_write                         0x0001f261   Thumb Code    36  int_flash.o(i.flash_word_write)
    fputc                                    0x0001f293   Thumb Code    14  retarget.o(i.fputc)
    free                                     0x0001f2a1   Thumb Code    76  malloc.o(i.free)
    intern_softdevice_events_execute         0x0001f5f5   Thumb Code   106  softdevice_handler.o(i.intern_softdevice_events_execute)
    main                                     0x0001f8c1   Thumb Code   458  main.o(i.main)
    malloc                                   0x0001fb01   Thumb Code    92  malloc.o(i.malloc)
    nrf_delay_ms                             0x0001fc79   Thumb Code    26  nrf_delay.o(i.nrf_delay_ms)
    nrf_drv_common_irq_enable                0x0001fc93   Thumb Code    56  nrf_drv_common.o(i.nrf_drv_common_irq_enable)
    nrf_drv_gpiote_in_event_enable           0x0001fccd   Thumb Code   150  nrf_drv_gpiote.o(i.nrf_drv_gpiote_in_event_enable)
    nrf_drv_gpiote_in_init                   0x0001fd71   Thumb Code   170  nrf_drv_gpiote.o(i.nrf_drv_gpiote_in_init)
    nrf_drv_gpiote_in_is_set                 0x0001fe29   Thumb Code    16  nrf_drv_gpiote.o(i.nrf_drv_gpiote_in_is_set)
    nrf_drv_gpiote_init                      0x0001fe3d   Thumb Code    76  nrf_drv_gpiote.o(i.nrf_drv_gpiote_init)
    nrf_drv_gpiote_is_init                   0x0001fe91   Thumb Code    14  nrf_drv_gpiote.o(i.nrf_drv_gpiote_is_init)
    nrf_drv_uart_init                        0x0001fea5   Thumb Code   126  nrf_drv_uart.o(i.nrf_drv_uart_init)
    nrf_drv_uart_rx                          0x0001ff39   Thumb Code   132  nrf_drv_uart.o(i.nrf_drv_uart_rx)
    nrf_drv_uart_rx_enable                   0x0001ffc5   Thumb Code    26  nrf_drv_uart.o(i.nrf_drv_uart_rx_enable)
    nrf_drv_uart_tx                          0x00020111   Thumb Code   128  nrf_drv_uart.o(i.nrf_drv_uart_tx)
    pstorage_access_status_get               0x0002054d   Thumb Code    28  pstorage.o(i.pstorage_access_status_get)
    pstorage_block_identifier_get            0x00020571   Thumb Code    76  pstorage.o(i.pstorage_block_identifier_get)
    pstorage_clear                           0x000205c5   Thumb Code   148  pstorage.o(i.pstorage_clear)
    pstorage_init                            0x00020689   Thumb Code    84  pstorage.o(i.pstorage_init)
    pstorage_load                            0x000206e9   Thumb Code   158  pstorage.o(i.pstorage_load)
    pstorage_register                        0x00020791   Thumb Code   172  pstorage.o(i.pstorage_register)
    pstorage_store                           0x00020845   Thumb Code   128  pstorage.o(i.pstorage_store)
    pstorage_sys_event_handler               0x000208cd   Thumb Code    66  pstorage.o(i.pstorage_sys_event_handler)
    pstorage_update                          0x00020915   Thumb Code   128  pstorage.o(i.pstorage_update)
    sd_check_ram_start                       0x00020a41   Thumb Code    10  softdevice_handler.o(i.sd_check_ram_start)
    sensorsim_decrement                      0x00020a51   Thumb Code    28  sensorsim.o(i.sensorsim_decrement)
    sensorsim_increment                      0x00020a6d   Thumb Code    28  sensorsim.o(i.sensorsim_increment)
    sensorsim_init                           0x00020a89   Thumb Code    22  sensorsim.o(i.sensorsim_init)
    sensorsim_measure                        0x00020a9f   Thumb Code    26  sensorsim.o(i.sensorsim_measure)
    softdevice_ble_evt_handler_set           0x00020c8d   Thumb Code    14  softdevice_handler.o(i.softdevice_ble_evt_handler_set)
    softdevice_enable                        0x00020ca1   Thumb Code    14  softdevice_handler.o(i.softdevice_enable)
    softdevice_enable_get_default_config     0x00020cb5   Thumb Code    38  softdevice_handler.o(i.softdevice_enable_get_default_config)
    softdevice_fault_handler                 0x00020cdb   Thumb Code     4  softdevice_handler.o(i.softdevice_fault_handler)
    softdevice_handler_init                  0x00020ce1   Thumb Code    38  softdevice_handler.o(i.softdevice_handler_init)
    softdevice_sys_evt_handler_set           0x00020d11   Thumb Code    14  softdevice_handler.o(i.softdevice_sys_evt_handler_set)
    m_context_init_len                       0x000215a0   Data           4  device_manager_peripheral.o(.constdata)
    m_service_context_store                  0x000215a4   Data          16  device_manager_peripheral.o(.constdata)
    m_service_context_load                   0x000215b4   Data          16  device_manager_peripheral.o(.constdata)
    m_service_context_apply                  0x000215c4   Data          16  device_manager_peripheral.o(.constdata)
    Region$$Table$$Base                      0x00021690   Number         0  anon$$obj.o(Region$$Table)
    Region$$Table$$Limit                     0x000216b0   Number         0  anon$$obj.o(Region$$Table)
    Image$$RW_IRAM1$$Base                    0x20001f00   Number         0  anon$$obj.o ABSOLUTE
    buffer_event_count                       0x20001f10   Data           1  int_flash.o(.data)
    w_buffer_event_ptr                       0x20001f11   Data           1  int_flash.o(.data)
    r_buffer_event_ptr                       0x20001f12   Data           1  int_flash.o(.data)
    is_event_detected                        0x20001f13   Data           1  int_flash.o(.data)
    count_down_7s_50Hz                       0x20001f14   Data           2  int_flash.o(.data)
    count_down_10s_50Hz                      0x20001f16   Data           2  int_flash.o(.data)
    to_addr_3s_50Hz                          0x20001f18   Data           2  int_flash.o(.data)
    start_addr                               0x20001f1c   Data           4  int_flash.o(.data)
    w_addr_ptr                               0x20001f20   Data           4  int_flash.o(.data)
    r_addr_ptr                               0x20001f24   Data           4  int_flash.o(.data)
    page_size                                0x20001f28   Data           4  int_flash.o(.data)
    four_page_size                           0x20001f2c   Data           4  int_flash.o(.data)
    w_flash_dummy1                           0x20001f30   Data           4  int_flash.o(.data)
    flag                                     0x20001f34   Data           4  int_flash.o(.data)
    event_type                               0x20001f38   Data           8  int_flash.o(.data)
    __stdout                                 0x20001ff4   Data           4  retarget.o(.data)
    SystemCoreClock                          0x2000202c   Data           4  system_nrf52.o(.data)
    __microlib_freelist                      0x20002030   Data           4  mvars.o(.data)
    __microlib_freelist_initialised          0x20002034   Data           4  mvars.o(.data)
    w_r_addr                                 0x200023e4   Data          32  int_flash.o(.bss)
    event_addr                               0x20002404   Data          32  int_flash.o(.bss)
    event_utc                                0x20002424   Data          32  int_flash.o(.bss)
    __heap_base                              0x20002a70   Data           0  arm_startup_nrf52.o(HEAP)
    __heap_limit                             0x20004a70   Data           0  arm_startup_nrf52.o(HEAP)
    __initial_sp                             0x20006a70   Data           0  arm_startup_nrf52.o(STACK)



==============================================================================

Memory Map of the image

  Image Entry point : 0x0001b401

  Load Region LR_IROM1 (Base: 0x0001b000, Size: 0x000067e8, Max: 0x00065000, ABSOLUTE, COMPRESSED[0x000066d4])

    Execution Region ER_IROM1 (Base: 0x0001b000, Size: 0x000066b0, Max: 0x00065000, ABSOLUTE)

    Base Addr    Size         Type   Attr      Idx    E Section Name        Object

    0x0001b000   0x00000400   Data   RO         2726    RESET               arm_startup_nrf52.o
    0x0001b400   0x00000000   Code   RO         2767  * .ARM.Collect$$$$00000000  mc_w.l(entry.o)
    0x0001b400   0x00000004   Code   RO         3073    .ARM.Collect$$$$00000001  mc_w.l(entry2.o)
    0x0001b404   0x00000004   Code   RO         3076    .ARM.Collect$$$$00000004  mc_w.l(entry5.o)
    0x0001b408   0x00000000   Code   RO         3078    .ARM.Collect$$$$00000008  mc_w.l(entry7b.o)
    0x0001b408   0x00000000   Code   RO         3080    .ARM.Collect$$$$0000000A  mc_w.l(entry8b.o)
    0x0001b408   0x00000008   Code   RO         3081    .ARM.Collect$$$$0000000B  mc_w.l(entry9a.o)
    0x0001b410   0x00000000   Code   RO         3083    .ARM.Collect$$$$0000000D  mc_w.l(entry10a.o)
    0x0001b410   0x00000000   Code   RO         3085    .ARM.Collect$$$$0000000F  mc_w.l(entry11a.o)
    0x0001b410   0x00000004   Code   RO         3074    .ARM.Collect$$$$00002712  mc_w.l(entry2.o)
    0x0001b414   0x00000076   Code   RO         1162    .emb_text           nrf_delay.o
    0x0001b48a   0x00000002   PAD
    0x0001b48c   0x00000076   Code   RO         2478    .emb_text           app_timer.o
    0x0001b502   0x00000002   PAD
    0x0001b504   0x00000024   Code   RO         2727    .text               arm_startup_nrf52.o
    0x0001b528   0x00000024   Code   RO         2770    .text               mc_w.l(memcpya.o)
    0x0001b54c   0x00000024   Code   RO         2772    .text               mc_w.l(memseta.o)
    0x0001b570   0x0000001a   Code   RO         2776    .text               mc_w.l(memcmp.o)
    0x0001b58a   0x00000026   Code   RO         3071    .text               mf_w.l(f2d.o)
    0x0001b5b0   0x0000002c   Code   RO         3087    .text               mc_w.l(uidiv.o)
    0x0001b5dc   0x00000062   Code   RO         3089    .text               mc_w.l(uldiv.o)
    0x0001b63e   0x00000000   Code   RO         3093    .text               mc_w.l(iusefp.o)
    0x0001b63e   0x0000014e   Code   RO         3094    .text               mf_w.l(dadd.o)
    0x0001b78c   0x000000e4   Code   RO         3096    .text               mf_w.l(dmul.o)
    0x0001b870   0x000000de   Code   RO         3098    .text               mf_w.l(ddiv.o)
    0x0001b94e   0x00000030   Code   RO         3100    .text               mf_w.l(dfixul.o)
    0x0001b97e   0x00000002   PAD
    0x0001b980   0x00000030   Code   RO         3102    .text               mf_w.l(cdrcmple.o)
    0x0001b9b0   0x00000024   Code   RO         3104    .text               mc_w.l(init.o)
    0x0001b9d4   0x0000001e   Code   RO         3106    .text               mc_w.l(llshl.o)
    0x0001b9f2   0x00000020   Code   RO         3108    .text               mc_w.l(llushr.o)
    0x0001ba12   0x00000024   Code   RO         3110    .text               mc_w.l(llsshr.o)
    0x0001ba36   0x000000ba   Code   RO         3112    .text               mf_w.l(depilogue.o)
    0x0001baf0   0x0000003a   Code   RO         3122    .text               mc_w.l(__dczerorl.o)
    0x0001bb2a   0x00000002   PAD
    0x0001bb2c   0x00000104   Code   RO         1190    i.GPIOTE_IRQHandler  nrf_drv_gpiote.o
    0x0001bc30   0x00000016   Code   RO         2479    i.NVIC_ClearPendingIRQ  app_timer.o
    0x0001bc46   0x00000016   Code   RO         2480    i.NVIC_EnableIRQ    app_timer.o
    0x0001bc5c   0x00000016   Code   RO         2481    i.NVIC_SetPendingIRQ  app_timer.o
    0x0001bc72   0x00000020   Code   RO         2482    i.NVIC_SetPriority  app_timer.o
    0x0001bc92   0x00000002   PAD
    0x0001bc94   0x00000024   Code   RO         2483    i.RTC1_IRQHandler   app_timer.o
    0x0001bcb8   0x00000004   Code   RO         2484    i.SWI0_EGU0_IRQHandler  app_timer.o
    0x0001bcbc   0x00000024   Code   RO         2636    i.SWI2_EGU2_IRQHandler  softdevice_handler.o
    0x0001bce0   0x0000025c   Code   RO         2735    i.SystemInit        system_nrf52.o
    0x0001bf3c   0x00000014   Code   RO         1408    i.UARTE0_UART0_IRQHandler  nrf_drv_uart.o
    0x0001bf50   0x00000020   Code   RO         3015    i.__0printf         mc_w.l(printfa.o)
    0x0001bf70   0x0000000e   Code   RO         3116    i.__scatterload_copy  mc_w.l(handlers.o)
    0x0001bf7e   0x00000002   Code   RO         3117    i.__scatterload_null  mc_w.l(handlers.o)
    0x0001bf80   0x0000000e   Code   RO         3118    i.__scatterload_zeroinit  mc_w.l(handlers.o)
    0x0001bf8e   0x00000002   PAD
    0x0001bf90   0x00000164   Code   RO         3022    i._fp_digits        mc_w.l(printfa.o)
    0x0001c0f4   0x000006dc   Code   RO         3023    i._printf_core      mc_w.l(printfa.o)
    0x0001c7d0   0x00000024   Code   RO         3024    i._printf_post_padding  mc_w.l(printfa.o)
    0x0001c7f4   0x0000002e   Code   RO         3025    i._printf_pre_padding  mc_w.l(printfa.o)
    0x0001c822   0x00000202   Code   RO          693    i.adv_data_encode   ble_advdata.o
    0x0001ca24   0x00000036   Code   RO          572    i.advertising_buttons_configure  bsp_btn_ble.o
    0x0001ca5a   0x00000002   PAD
    0x0001ca5c   0x00000020   Code   RO          465    i.alert_timer_handler  bsp.o
    0x0001ca7c   0x00000024   Code   RO         2106    i.app_button_enable  app_button.o
    0x0001caa0   0x00000070   Code   RO         2107    i.app_button_init   app_button.o
    0x0001cb10   0x00000024   Code   RO         2311    i.app_error_fault_handler  app_error.o
    0x0001cb34   0x00000014   Code   RO         2313    i.app_error_handler_bare  app_error.o
    0x0001cb48   0x0000000c   Code   RO          894    i.app_evt_notify    device_manager_peripheral.o
    0x0001cb54   0x00000016   Code   RO         2168    i.app_fifo_get      app_fifo.o
    0x0001cb6a   0x00000020   Code   RO         2169    i.app_fifo_init     app_fifo.o
    0x0001cb8a   0x0000001a   Code   RO         2170    i.app_fifo_put      app_fifo.o
    0x0001cba4   0x0000002c   Code   RO         1631    i.app_notify        pstorage.o
    0x0001cbd0   0x00000024   Code   RO         1632    i.app_notify_error_state_transit  pstorage.o
    0x0001cbf4   0x00000024   Code   RO         2487    i.app_timer_create  app_timer.o
    0x0001cc18   0x00000090   Code   RO         2488    i.app_timer_init    app_timer.o
    0x0001cca8   0x00000080   Code   RO         2489    i.app_timer_start   app_timer.o
    0x0001cd28   0x00000050   Code   RO         2490    i.app_timer_stop    app_timer.o
    0x0001cd78   0x000000a4   Code   RO         1883    i.app_uart_init     app_uart_fifo.o
    0x0001ce1c   0x0000002c   Code   RO         1884    i.app_uart_put      app_uart_fifo.o
    0x0001ce48   0x00000078   Code   RO         1409    i.apply_config      nrf_drv_uart.o
    0x0001cec0   0x00000068   Code   RO          694    i.ble_advdata_set   ble_advdata.o
    0x0001cf28   0x0000011c   Code   RO          615    i.ble_advertising_init  ble_advertising.o
    0x0001d044   0x00000080   Code   RO          616    i.ble_advertising_on_ble_evt  ble_advertising.o
    0x0001d0c4   0x00000034   Code   RO          617    i.ble_advertising_on_sys_evt  ble_advertising.o
    0x0001d0f8   0x00000010   Code   RO          619    i.ble_advertising_peer_address_clear  ble_advertising.o
    0x0001d108   0x00000038   Code   RO          620    i.ble_advertising_restart_without_whitelist  ble_advertising.o
    0x0001d140   0x000001d8   Code   RO          621    i.ble_advertising_start  ble_advertising.o
    0x0001d318   0x00000058   Code   RO          776    i.ble_conn_params_init  ble_conn_params.o
    0x0001d370   0x0000008c   Code   RO          777    i.ble_conn_params_on_ble_evt  ble_conn_params.o
    0x0001d3fc   0x0000005e   Code   RO          695    i.ble_device_addr_encode  ble_advdata.o
    0x0001d45a   0x00000002   PAD
    0x0001d45c   0x00000054   Code   RO            6    i.ble_evt_dispatch  main.o
    0x0001d4b0   0x000000ac   Code   RO          379    i.ble_pbs_cdrc_update  ble_pbs.o
    0x0001d55c   0x00000348   Code   RO          380    i.ble_pbs_init      ble_pbs.o
    0x0001d8a4   0x00000026   Code   RO          381    i.ble_pbs_on_ble_evt  ble_pbs.o
    0x0001d8ca   0x00000002   PAD
    0x0001d8cc   0x0000006c   Code   RO            7    i.ble_stack_init    main.o
    0x0001d938   0x00000048   Code   RO          895    i.bond_data_load    device_manager_peripheral.o
    0x0001d980   0x00000076   Code   RO          382    i.bsc_data_encode   ble_pbs.o
    0x0001d9f6   0x00000002   PAD
    0x0001d9f8   0x0000004c   Code   RO          573    i.bsp_btn_ble_init  bsp_btn_ble.o
    0x0001da44   0x00000070   Code   RO          574    i.bsp_btn_ble_on_ble_evt  bsp_btn_ble.o
    0x0001dab4   0x00000012   Code   RO          575    i.bsp_btn_ble_sleep_mode_prepare  bsp_btn_ble.o
    0x0001dac6   0x00000002   PAD
    0x0001dac8   0x000000a8   Code   RO          466    i.bsp_button_event_handler  bsp.o
    0x0001db70   0x0000002c   Code   RO          467    i.bsp_button_is_pressed  bsp.o
    0x0001db9c   0x0000003c   Code   RO            8    i.bsp_event_handler  main.o
    0x0001dbd8   0x00000044   Code   RO          471    i.bsp_event_to_button_action_assign  bsp.o
    0x0001dc1c   0x00000018   Code   RO          472    i.bsp_indication_set  bsp.o
    0x0001dc34   0x000000a4   Code   RO          474    i.bsp_init          bsp.o
    0x0001dcd8   0x00000224   Code   RO          475    i.bsp_led_indication  bsp.o
    0x0001defc   0x0000003c   Code   RO          476    i.bsp_wakeup_buttons_set  bsp.o
    0x0001df38   0x00000008   Code   RO          477    i.button_timer_handler  bsp.o
    0x0001df40   0x0000001c   Code   RO         1191    i.channel_free      nrf_drv_gpiote.o
    0x0001df5c   0x00000048   Code   RO         1192    i.channel_port_alloc  nrf_drv_gpiote.o
    0x0001dfa4   0x00000010   Code   RO         1193    i.channel_port_get  nrf_drv_gpiote.o
    0x0001dfb4   0x000000fc   Code   RO         1633    i.clear_operation_execute  pstorage.o
    0x0001e0b0   0x00000020   Code   RO         1634    i.clear_post_processing_run  pstorage.o
    0x0001e0d0   0x00000034   Code   RO         1635    i.cmd_process       pstorage.o
    0x0001e104   0x00000020   Code   RO         1636    i.cmd_queue_element_init  pstorage.o
    0x0001e124   0x00000054   Code   RO         1637    i.cmd_queue_enqueue  pstorage.o
    0x0001e178   0x00000040   Code   RO         1638    i.command_end_procedure_run  pstorage.o
    0x0001e1b8   0x000000ac   Code   RO         2492    i.compare_reg_update  app_timer.o
    0x0001e264   0x00000088   Code   RO          696    i.conn_int_encode   ble_advdata.o
    0x0001e2ec   0x00000004   Code   RO            9    i.conn_params_error_handler  main.o
    0x0001e2f0   0x0000005c   Code   RO          779    i.conn_params_negotiation  ble_conn_params.o
    0x0001e34c   0x0000002c   Code   RO          896    i.connection_instance_find  device_manager_peripheral.o
    0x0001e378   0x00000028   Code   RO          897    i.connection_instance_init  device_manager_peripheral.o
    0x0001e3a0   0x00000054   Code   RO         1639    i.data_page_erase_state_run  pstorage.o
    0x0001e3f4   0x00000020   Code   RO         1640    i.data_to_swap_write_state_run  pstorage.o
    0x0001e414   0x00000060   Code   RO         2109    i.detection_delay_timeout_handler  app_button.o
    0x0001e474   0x000000c0   Code   RO          898    i.device_context_store  device_manager_peripheral.o
    0x0001e534   0x00000048   Code   RO          899    i.device_instance_find  device_manager_peripheral.o
    0x0001e57c   0x0000002c   Code   RO          900    i.device_instance_free  device_manager_peripheral.o
    0x0001e5a8   0x0000000e   Code   RO           10    i.device_manager_evt_handler  main.o
    0x0001e5b6   0x00000002   PAD
    0x0001e5b8   0x0000006c   Code   RO           11    i.device_manager_init  main.o
    0x0001e624   0x00000174   Code   RO           12    i.dhrc_timeout_handler  main.o
    0x0001e798   0x00000458   Code   RO          905    i.dm_ble_evt_handler  device_manager_peripheral.o
    0x0001ebf0   0x00000016   Code   RO          911    i.dm_handle_initialize  device_manager_peripheral.o
    0x0001ec06   0x00000002   PAD
    0x0001ec08   0x000000c8   Code   RO          912    i.dm_init           device_manager_peripheral.o
    0x0001ecd0   0x0000018c   Code   RO          915    i.dm_pstorage_cb_handler  device_manager_peripheral.o
    0x0001ee5c   0x00000068   Code   RO          916    i.dm_register       device_manager_peripheral.o
    0x0001eec4   0x00000036   Code   RO          383    i.drhc_data_encode  ble_pbs.o
    0x0001eefa   0x00000002   PAD
    0x0001eefc   0x00000040   Code   RO         2493    i.elapsed_ticks_acquire  app_timer.o
    0x0001ef3c   0x00000014   Code   RO         2173    i.fifo_get          app_fifo.o
    0x0001ef50   0x00000012   Code   RO         2174    i.fifo_put          app_fifo.o
    0x0001ef62   0x00000002   PAD
    0x0001ef64   0x0000001c   Code   RO         1641    i.flash_api_err_code_process  pstorage.o
    0x0001ef80   0x00000024   Code   RO          314    i.flash_data_set_init  int_flash.o
    0x0001efa4   0x000000d8   Code   RO          315    i.flash_data_set_read  int_flash.o
    0x0001f07c   0x00000120   Code   RO          316    i.flash_data_set_write  int_flash.o
    0x0001f19c   0x0000008c   Code   RO         1642    i.flash_operation_success_run  pstorage.o
    0x0001f228   0x00000030   Code   RO          317    i.flash_page_erase  int_flash.o
    0x0001f258   0x00000006   Code   RO         1643    i.flash_page_erase  pstorage.o
    0x0001f25e   0x00000002   PAD
    0x0001f260   0x0000002c   Code   RO          319    i.flash_word_write  int_flash.o
    0x0001f28c   0x00000006   Code   RO         1644    i.flash_write       pstorage.o
    0x0001f292   0x0000000e   Code   RO         2274    i.fputc             retarget.o
    0x0001f2a0   0x00000050   Code   RO         3043    i.free              mc_w.l(malloc.o)
    0x0001f2f0   0x0000006c   Code   RO           13    i.gap_params_init   main.o
    0x0001f35c   0x00000004   Code   RO          923    i.gattc_context_apply  device_manager_peripheral.o
    0x0001f360   0x00000004   Code   RO          924    i.gattc_context_load  device_manager_peripheral.o
    0x0001f364   0x00000004   Code   RO          925    i.gattc_context_store  device_manager_peripheral.o
    0x0001f368   0x000000b0   Code   RO          926    i.gatts_context_apply  device_manager_peripheral.o
    0x0001f418   0x00000038   Code   RO          927    i.gatts_context_load  device_manager_peripheral.o
    0x0001f450   0x000000c8   Code   RO          928    i.gatts_context_store  device_manager_peripheral.o
    0x0001f518   0x00000004   Code   RO          929    i.gattsc_context_apply  device_manager_peripheral.o
    0x0001f51c   0x00000004   Code   RO          930    i.gattsc_context_load  device_manager_peripheral.o
    0x0001f520   0x00000004   Code   RO          931    i.gattsc_context_store  device_manager_peripheral.o
    0x0001f524   0x00000058   Code   RO         2110    i.gpiote_event_handler  app_button.o
    0x0001f57c   0x00000078   Code   RO         1645    i.head_restore_state_run  pstorage.o
    0x0001f5f4   0x00000070   Code   RO         2637    i.intern_softdevice_events_execute  softdevice_handler.o
    0x0001f664   0x0000001c   Code   RO          780    i.is_conn_params_ok  ble_conn_params.o
    0x0001f680   0x00000044   Code   RO         1646    i.is_page_erase_required  pstorage.o
    0x0001f6c4   0x0000000c   Code   RO         1647    i.is_word_aligned   pstorage.o
    0x0001f6d0   0x00000054   Code   RO          697    i.le_role_encode    ble_advdata.o
    0x0001f724   0x00000014   Code   RO          478    i.leds_timer_handler  bsp.o
    0x0001f738   0x000000bc   Code   RO         2494    i.list_deletions_handler  app_timer.o
    0x0001f7f4   0x000000cc   Code   RO         2495    i.list_insertions_handler  app_timer.o
    0x0001f8c0   0x0000022c   Code   RO           14    i.main              main.o
    0x0001faec   0x00000014   Code   RO         1648    i.main_state_err_busy_process  pstorage.o
    0x0001fb00   0x0000006c   Code   RO         3044    i.malloc            mc_w.l(malloc.o)
    0x0001fb6c   0x00000064   Code   RO          698    i.manuf_specific_data_encode  ble_advdata.o
    0x0001fbd0   0x0000009c   Code   RO          699    i.name_encode       ble_advdata.o
    0x0001fc6c   0x00000004   Code   RO          932    i.no_service_context_apply  device_manager_peripheral.o
    0x0001fc70   0x00000004   Code   RO          933    i.no_service_context_load  device_manager_peripheral.o
    0x0001fc74   0x00000004   Code   RO          934    i.no_service_context_store  device_manager_peripheral.o
    0x0001fc78   0x0000001a   Code   RO         1163    i.nrf_delay_ms      nrf_delay.o
    0x0001fc92   0x00000038   Code   RO         1603    i.nrf_drv_common_irq_enable  nrf_drv_common.o
    0x0001fcca   0x00000002   PAD
    0x0001fccc   0x000000a4   Code   RO         1196    i.nrf_drv_gpiote_in_event_enable  nrf_drv_gpiote.o
    0x0001fd70   0x000000b8   Code   RO         1197    i.nrf_drv_gpiote_in_init  nrf_drv_gpiote.o
    0x0001fe28   0x00000014   Code   RO         1198    i.nrf_drv_gpiote_in_is_set  nrf_drv_gpiote.o
    0x0001fe3c   0x00000054   Code   RO         1200    i.nrf_drv_gpiote_init  nrf_drv_gpiote.o
    0x0001fe90   0x00000014   Code   RO         1201    i.nrf_drv_gpiote_is_init  nrf_drv_gpiote.o
    0x0001fea4   0x00000094   Code   RO         1411    i.nrf_drv_uart_init  nrf_drv_uart.o
    0x0001ff38   0x0000008c   Code   RO         1412    i.nrf_drv_uart_rx   nrf_drv_uart.o
    0x0001ffc4   0x00000020   Code   RO         1415    i.nrf_drv_uart_rx_enable  nrf_drv_uart.o
    0x0001ffe4   0x0000009c   Code   RO         1416    i.nrf_drv_uart_rx_for_uart  nrf_drv_uart.o
    0x00020080   0x00000090   Code   RO         1417    i.nrf_drv_uart_rx_for_uarte  nrf_drv_uart.o
    0x00020110   0x00000088   Code   RO         1418    i.nrf_drv_uart_tx   nrf_drv_uart.o
    0x00020198   0x00000080   Code   RO         1420    i.nrf_drv_uart_tx_for_uart  nrf_drv_uart.o
    0x00020218   0x00000022   Code   RO         1213    i.nrf_gpio_cfg      nrf_drv_gpiote.o
    0x0002023a   0x00000022   Code   RO         1422    i.nrf_gpio_cfg      nrf_drv_uart.o
    0x0002025c   0x00000012   Code   RO         1424    i.nrf_gpio_cfg_input  nrf_drv_uart.o
    0x0002026e   0x00000014   Code   RO         1425    i.nrf_gpio_cfg_output  nrf_drv_uart.o
    0x00020282   0x0000001c   Code   RO         1215    i.nrf_gpio_cfg_sense_set  nrf_drv_gpiote.o
    0x0002029e   0x00000002   PAD
    0x000202a0   0x00000014   Code   RO         1216    i.nrf_gpiote_event_clear  nrf_drv_gpiote.o
    0x000202b4   0x00000010   Code   RO         1217    i.nrf_gpiote_event_is_set  nrf_drv_gpiote.o
    0x000202c4   0x0000000a   Code   RO         1426    i.nrf_uart_event_check  nrf_drv_uart.o
    0x000202ce   0x0000000c   Code   RO         1427    i.nrf_uart_int_enable_check  nrf_drv_uart.o
    0x000202da   0x0000000a   Code   RO         1428    i.nrf_uarte_event_check  nrf_drv_uart.o
    0x000202e4   0x00000024   Code   RO           15    i.on_adv_evt        main.o
    0x00020308   0x0000001c   Code   RO           16    i.on_conn_params_evt  main.o
    0x00020324   0x00000124   Code   RO          384    i.on_write          ble_pbs.o
    0x00020448   0x00000080   Code   RO          385    i.pbs_char_add      ble_pbs.o
    0x000204c8   0x00000014   Code   RO          623    i.peer_address_exists  ble_advertising.o
    0x000204dc   0x00000040   Code   RO          935    i.peer_instance_init  device_manager_peripheral.o
    0x0002051c   0x00000018   Code   RO         1218    i.pin_in_use_by_port  nrf_drv_gpiote.o
    0x00020534   0x00000018   Code   RO         1219    i.pin_in_use_by_te  nrf_drv_gpiote.o
    0x0002054c   0x00000024   Code   RO         1649    i.pstorage_access_status_get  pstorage.o
    0x00020570   0x00000054   Code   RO         1650    i.pstorage_block_identifier_get  pstorage.o
    0x000205c4   0x0000009c   Code   RO         1651    i.pstorage_clear    pstorage.o
    0x00020660   0x0000001e   Code   RO         1652    i.pstorage_flash_page_end  pstorage.o
    0x0002067e   0x0000000a   Code   RO         1653    i.pstorage_flash_page_size  pstorage.o
    0x00020688   0x00000060   Code   RO         1654    i.pstorage_init     pstorage.o
    0x000206e8   0x000000a8   Code   RO         1655    i.pstorage_load     pstorage.o
    0x00020790   0x000000b4   Code   RO         1656    i.pstorage_register  pstorage.o
    0x00020844   0x00000088   Code   RO         1657    i.pstorage_store    pstorage.o
    0x000208cc   0x00000048   Code   RO         1658    i.pstorage_sys_event_handler  pstorage.o
    0x00020914   0x00000088   Code   RO         1659    i.pstorage_update   pstorage.o
    0x0002099c   0x0000003c   Code   RO         2496    i.rtc1_stop         app_timer.o
    0x000209d8   0x00000030   Code   RO         1430    i.rx_byte           nrf_drv_uart.o
    0x00020a08   0x00000020   Code   RO         1431    i.rx_done_event     nrf_drv_uart.o
    0x00020a28   0x00000018   Code   RO         1432    i.rx_enable         nrf_drv_uart.o
    0x00020a40   0x00000010   Code   RO         2638    i.sd_check_ram_start  softdevice_handler.o
    0x00020a50   0x0000001c   Code   RO         2228    i.sensorsim_decrement  sensorsim.o
    0x00020a6c   0x0000001c   Code   RO         2229    i.sensorsim_increment  sensorsim.o
    0x00020a88   0x00000016   Code   RO         2230    i.sensorsim_init    sensorsim.o
    0x00020a9e   0x0000001a   Code   RO         2231    i.sensorsim_measure  sensorsim.o
    0x00020ab8   0x00000088   Code   RO          700    i.service_data_encode  ble_advdata.o
    0x00020b40   0x000000e8   Code   RO           17    i.services_init     main.o
    0x00020c28   0x00000028   Code   RO           18    i.sleep_mode_enter  main.o
    0x00020c50   0x0000003c   Code   RO         1660    i.sm_state_change   pstorage.o
    0x00020c8c   0x00000014   Code   RO         2639    i.softdevice_ble_evt_handler_set  softdevice_handler.o
    0x00020ca0   0x00000014   Code   RO         2640    i.softdevice_enable  softdevice_handler.o
    0x00020cb4   0x00000026   Code   RO         2641    i.softdevice_enable_get_default_config  softdevice_handler.o
    0x00020cda   0x00000004   Code   RO         2642    i.softdevice_fault_handler  softdevice_handler.o
    0x00020cde   0x00000002   PAD
    0x00020ce0   0x00000030   Code   RO         2643    i.softdevice_handler_init  softdevice_handler.o
    0x00020d10   0x00000014   Code   RO         2646    i.softdevice_sys_evt_handler_set  softdevice_handler.o
    0x00020d24   0x00000068   Code   RO         1661    i.state_data_erase_swap_entry_run  pstorage.o
    0x00020d8c   0x0000000c   Code   RO         1662    i.state_erase_data_page_entry_run  pstorage.o
    0x00020d98   0x0000002c   Code   RO         1663    i.state_restore_head_entry_run  pstorage.o
    0x00020dc4   0x00000050   Code   RO         1664    i.state_restore_tail_entry_run  pstorage.o
    0x00020e14   0x0000001e   Code   RO         1665    i.state_swap_erase_entry_run  pstorage.o
    0x00020e32   0x00000002   PAD
    0x00020e34   0x00000030   Code   RO         1666    i.state_write_data_swap_entry_run  pstorage.o
    0x00020e64   0x00000004   Code   RO          936    i.storage_operation_dummy_handler  device_manager_peripheral.o
    0x00020e68   0x0000005c   Code   RO         1667    i.store_cmd_flash_write_execute  pstorage.o
    0x00020ec4   0x00000018   Code   RO         1668    i.swap_erase_state_run  pstorage.o
    0x00020edc   0x00000014   Code   RO         1669    i.swap_sub_state_err_busy_process  pstorage.o
    0x00020ef0   0x00000014   Code   RO         1670    i.swap_sub_state_state_change  pstorage.o
    0x00020f04   0x00000012   Code   RO           19    i.sys_evt_dispatch  main.o
    0x00020f16   0x00000002   PAD
    0x00020f18   0x00000014   Code   RO         1671    i.tail_restore_state_run  pstorage.o
    0x00020f2c   0x0000008c   Code   RO         2497    i.timer_list_handler  app_timer.o
    0x00020fb8   0x0000003c   Code   RO         2498    i.timer_list_insert  app_timer.o
    0x00020ff4   0x00000084   Code   RO         2499    i.timer_timeouts_check  app_timer.o
    0x00021078   0x00000024   Code   RO         1433    i.tx_byte           nrf_drv_uart.o
    0x0002109c   0x00000024   Code   RO         1434    i.tx_done_event     nrf_drv_uart.o
    0x000210c0   0x000000a8   Code   RO         1885    i.uart_event_handler  app_uart_fifo.o
    0x00021168   0x00000012   Code   RO           20    i.uart_events_handler  main.o
    0x0002117a   0x00000002   PAD
    0x0002117c   0x00000108   Code   RO         1435    i.uart_irq_handler  nrf_drv_uart.o
    0x00021284   0x000000d8   Code   RO         1436    i.uarte_irq_handler  nrf_drv_uart.o
    0x0002135c   0x0000000a   Code   RO          386    i.uint16_encode     ble_pbs.o
    0x00021366   0x0000000a   Code   RO          701    i.uint16_encode     ble_advdata.o
    0x00021370   0x00000012   Code   RO          387    i.uint32_encode     ble_pbs.o
    0x00021382   0x00000002   PAD
    0x00021384   0x00000014   Code   RO          937    i.update_status_bit_reset  device_manager_peripheral.o
    0x00021398   0x00000060   Code   RO          781    i.update_timeout_handler  ble_conn_params.o
    0x000213f8   0x00000044   Code   RO         2500    i.user_id_get       app_timer.o
    0x0002143c   0x00000028   Code   RO         2501    i.user_op_alloc     app_timer.o
    0x00021464   0x00000030   Code   RO          702    i.uuid_list_encode  ble_advdata.o
    0x00021494   0x0000009e   Code   RO          703    i.uuid_list_sized_encode  ble_advdata.o
    0x00021532   0x0000000e   Code   RO          624    i.whitelist_has_entries  ble_advertising.o
    0x00021540   0x00000010   Data   RO           23    .constdata          main.o
    0x00021550   0x00000010   Data   RO          388    .constdata          ble_pbs.o
    0x00021560   0x0000003c   Data   RO          483    .constdata          bsp.o
    0x0002159c   0x00000004   Data   RO          784    .constdata          ble_conn_params.o
    0x000215a0   0x00000034   Data   RO          939    .constdata          device_manager_peripheral.o
    0x000215d4   0x00000020   Data   RO         1438    .constdata          nrf_drv_uart.o
    0x000215f4   0x00000028   Data   RO         1673    .constdata          pstorage.o
    0x0002161c   0x00000020   Data   RO         1887    .constdata          app_uart_fifo.o
    0x0002163c   0x00000008   Data   RO         2112    .constdata          app_button.o
    0x00021644   0x0000004a   Data   RO           24    .conststring        main.o
    0x0002168e   0x00000002   PAD
    0x00021690   0x00000020   Data   RO         3114    Region$$Table       anon$$obj.o


    Execution Region RW_IRAM1 (Base: 0x20001f00, Size: 0x00004b70, Max: 0x00006100, ABSOLUTE, COMPRESSED[0x00000024])

    Base Addr    Size         Type   Attr      Idx    E Section Name        Object

    0x20001f00   0x00000010   Data   RW           25    .data               main.o
    0x20001f10   0x00000030   Data   RW          322    .data               int_flash.o
    0x20001f40   0x00000006   Data   RW          389    .data               ble_pbs.o
    0x20001f46   0x00000002   PAD
    0x20001f48   0x00000018   Data   RW          484    .data               bsp.o
    0x20001f60   0x00000008   Data   RW          576    .data               bsp_btn_ble.o
    0x20001f68   0x0000001f   Data   RW          626    .data               ble_advertising.o
    0x20001f87   0x00000001   PAD
    0x20001f88   0x00000014   Data   RW          785    .data               ble_conn_params.o
    0x20001f9c   0x00000018   Data   RW          940    .data               device_manager_peripheral.o
    0x20001fb4   0x00000024   Data   RW         1674    .data               pstorage.o
    0x20001fd8   0x00000008   Data   RW         1888    .data               app_uart_fifo.o
    0x20001fe0   0x00000014   Data   RW         2113    .data               app_button.o
    0x20001ff4   0x00000004   Data   RW         2275    .data               retarget.o
    0x20001ff8   0x00000020   Data   RW         2502    .data               app_timer.o
    0x20002018   0x00000014   Data   RW         2647    .data               softdevice_handler.o
    0x2000202c   0x00000004   Data   RW         2736    .data               system_nrf52.o
    0x20002030   0x00000004   Data   RW         3091    .data               mc_w.l(mvars.o)
    0x20002034   0x00000004   Data   RW         3092    .data               mc_w.l(mvars.o)
    0x20002038   0x00000020   Zero   RW           21    .bss                main.o
    0x20002058   0x0000038c   Zero   RW           22    .bss                main.o
    0x200023e4   0x00000060   Zero   RW          320    .bss                int_flash.o
    0x20002444   0x00000020   Zero   RW          479    .bss                bsp.o
    0x20002464   0x00000020   Zero   RW          480    .bss                bsp.o
    0x20002484   0x0000000c   Zero   RW          481    .bss                bsp.o
    0x20002490   0x00000020   Zero   RW          482    .bss                bsp.o
    0x200024b0   0x00000103   Zero   RW          625    .bss                ble_advertising.o
    0x200025b3   0x00000001   PAD
    0x200025b4   0x00000020   Zero   RW          782    .bss                ble_conn_params.o
    0x200025d4   0x0000001c   Zero   RW          783    .bss                ble_conn_params.o
    0x200025f0   0x0000014f   Zero   RW          938    .bss                device_manager_peripheral.o
    0x2000273f   0x00000001   PAD
    0x20002740   0x00000058   Zero   RW         1220    .bss                nrf_drv_gpiote.o
    0x20002798   0x00000020   Zero   RW         1437    .bss                nrf_drv_uart.o
    0x200027b8   0x00000274   Zero   RW         1672    .bss                pstorage.o
    0x20002a2c   0x00000020   Zero   RW         1886    .bss                app_uart_fifo.o
    0x20002a4c   0x00000020   Zero   RW         2111    .bss                app_button.o
    0x20002a6c   0x00000004   PAD
    0x20002a70   0x00002000   Zero   RW         2725    HEAP                arm_startup_nrf52.o
    0x20004a70   0x00002000   Zero   RW         2724    STACK               arm_startup_nrf52.o


==============================================================================

Image component sizes


      Code (inc. data)   RO Data    RW Data    ZI Data      Debug   Object Name

       332         34          8         20         32       9262   app_button.o
        56         10          0          0          0      29254   app_error.o
       118          0          0          0          0       3854   app_fifo.o
      1772        100          0         32          0      49123   app_timer.o
       376         36         32          8         32       9159   app_uart_fifo.o
        36         10       1024          0      16384        828   arm_startup_nrf52.o
      1540          0          0          0          0      18456   ble_advdata.o
      1042         44          0         31        259       8377   ble_advertising.o
       444         56          4         20         60      12560   ble_conn_params.o
      1670        302         16          6          0      12354   ble_pbs.o
      1136        108         60         24        108       9405   bsp.o
       260         10          0          8          0       4385   bsp_btn_ble.o
      2866        160         52         24        335      30613   device_manager_peripheral.o
       632         50          0         48         96       5602   int_flash.o
      1786        268         90         16        940     119055   main.o
       144          0          0          0          0       1647   nrf_delay.o
        56          0          0          0          0      27475   nrf_drv_common.o
       994         92          0          0         88      23428   nrf_drv_gpiote.o
      1784        144         32          0         32      33163   nrf_drv_uart.o
      2770        248         40         36        628      36470   pstorage.o
        14          0          0          4          0       2594   retarget.o
       104          0          0          0          0       3007   sensorsim.o
       314         44          0         20          0       9237   softdevice_handler.o
       604         42          0          4          0       2315   system_nrf52.o

    ----------------------------------------------------------------------
     20890       1758       1392        304      19000     461623   Object Totals
         0          0         32          0          0          0   (incl. Generated)
        40          0          2          3          6          0   (incl. Padding)

    ----------------------------------------------------------------------

      Code (inc. data)   RO Data    RW Data    ZI Data      Debug   Library Member Name

        58          0          0          0          0          0   __dczerorl.o
         0          0          0          0          0          0   entry.o
         0          0          0          0          0          0   entry10a.o
         0          0          0          0          0          0   entry11a.o
         8          4          0          0          0          0   entry2.o
         4          0          0          0          0          0   entry5.o
         0          0          0          0          0          0   entry7b.o
         0          0          0          0          0          0   entry8b.o
         8          4          0          0          0          0   entry9a.o
        30          0          0          0          0          0   handlers.o
        36          8          0          0          0         68   init.o
         0          0          0          0          0          0   iusefp.o
        30          0          0          0          0         68   llshl.o
        36          0          0          0          0         68   llsshr.o
        32          0          0          0          0         68   llushr.o
       188         20          0          0          0        160   malloc.o
        26          0          0          0          0         80   memcmp.o
        36          0          0          0          0         68   memcpya.o
        36          0          0          0          0        108   memseta.o
         0          0          0          8          0          0   mvars.o
      2226         90          0          0          0        444   printfa.o
        44          0          0          0          0         80   uidiv.o
        98          0          0          0          0         92   uldiv.o
        48          0          0          0          0         68   cdrcmple.o
       334          0          0          0          0        148   dadd.o
       222          0          0          0          0        100   ddiv.o
       186          0          0          0          0        176   depilogue.o
        48          0          0          0          0         68   dfixul.o
       228          0          0          0          0         96   dmul.o
        38          0          0          0          0         68   f2d.o

    ----------------------------------------------------------------------
      4006        126          0          8          0       2028   Library Totals
         6          0          0          0          0          0   (incl. Padding)

    ----------------------------------------------------------------------

      Code (inc. data)   RO Data    RW Data    ZI Data      Debug   Library Name

      2896        126          0          8          0       1304   mc_w.l
      1104          0          0          0          0        724   mf_w.l

    ----------------------------------------------------------------------
      4006        126          0          8          0       2028   Library Totals

    ----------------------------------------------------------------------

==============================================================================


      Code (inc. data)   RO Data    RW Data    ZI Data      Debug   

     24896       1884       1392        312      19000     441195   Grand Totals
     24896       1884       1392         36      19000     441195   ELF Image Totals (compressed)
     24896       1884       1392         36          0          0   ROM Totals

==============================================================================

    Total RO  Size (Code + RO Data)                26288 (  25.67kB)
    Total RW  Size (RW Data + ZI Data)             19312 (  18.86kB)
    Total ROM Size (Code + RO Data + RW Data)      26324 (  25.71kB)

==============================================================================

